<!doctype html public "-//w3c//dtd html 4.0 transitional//en">
<html><head>
<title>Static Call Graph - [demo\demo.axf]</title></head>
<body><HR>
<H1>Static Call Graph for image demo\demo.axf</H1><HR>
<BR><P>#&#060CALLGRAPH&#062# ARM Linker, 5060750: Last Updated: Wed Jul 31 16:22:21 2019
<BR><P>
<H3>Maximum Stack Usage =        400 bytes + Unknown(Functions without stacksize, Cycles, Untraceable Function Pointers)</H3><H3>
Call chain for Maximum Stack Depth:</H3>
touchgfx::LCD::drawStringLTR(const touchgfx::Rect&, const touchgfx::Rect&, const touchgfx::LCD::StringVisuals&, const unsigned short*, std::__va_list) &rArr; touchgfx::LCD::drawStringInternal(unsigned short*, const touchgfx::Rect*, short, short&, const touchgfx::Rect&, const touchgfx::LCD::StringVisuals*, unsigned char, touchgfx::TextProvider&, int, bool) &rArr; touchgfx::TextProvider::getNextLigature(unsigned char) &rArr; touchgfx::TextProvider::getNextCharInternal()
<P>
<H3>
Functions with no stack information
</H3><UL>
 <LI><a href="#[241]">__user_initial_stackheap</a>
</UL>
</UL>
<P>
<H3>
Mutually Recursive functions
</H3> <LI><a href="#[2e]">ADC_IRQHandler</a>&nbsp;&nbsp;&nbsp;&rArr;&nbsp;&nbsp;&nbsp;<a href="#[2e]">ADC_IRQHandler</a><BR>
 <LI><a href="#[205]">touchgfx::Screen::JSMOC(const touchgfx::Rect&, touchgfx::Drawable*)</a>&nbsp;&nbsp;&nbsp;&rArr;&nbsp;&nbsp;&nbsp;<a href="#[205]">touchgfx::Screen::JSMOC(const touchgfx::Rect&, touchgfx::Drawable*)</a><BR>
 <LI><a href="#[16]">BusFault_Handler</a>&nbsp;&nbsp;&nbsp;&rArr;&nbsp;&nbsp;&nbsp;<a href="#[16]">BusFault_Handler</a><BR>
 <LI><a href="#[14]">HardFault_Handler</a>&nbsp;&nbsp;&nbsp;&rArr;&nbsp;&nbsp;&nbsp;<a href="#[14]">HardFault_Handler</a><BR>
 <LI><a href="#[15]">MemManage_Handler</a>&nbsp;&nbsp;&nbsp;&rArr;&nbsp;&nbsp;&nbsp;<a href="#[15]">MemManage_Handler</a><BR>
 <LI><a href="#[17]">UsageFault_Handler</a>&nbsp;&nbsp;&nbsp;&rArr;&nbsp;&nbsp;&nbsp;<a href="#[17]">UsageFault_Handler</a><BR>
</UL>
<P>
<H3>
Function Pointers
</H3><UL>
 <LI><a href="#[2e]">ADC_IRQHandler</a> from startup_stm32f429xx.o(.text) referenced from startup_stm32f429xx.o(RESET)
 <LI><a href="#[16]">BusFault_Handler</a> from stm32f4xx_it.o(i.BusFault_Handler) referenced from startup_stm32f429xx.o(RESET)
 <LI><a href="#[30]">CAN1_RX0_IRQHandler</a> from startup_stm32f429xx.o(.text) referenced from startup_stm32f429xx.o(RESET)
 <LI><a href="#[31]">CAN1_RX1_IRQHandler</a> from startup_stm32f429xx.o(.text) referenced from startup_stm32f429xx.o(RESET)
 <LI><a href="#[32]">CAN1_SCE_IRQHandler</a> from startup_stm32f429xx.o(.text) referenced from startup_stm32f429xx.o(RESET)
 <LI><a href="#[2f]">CAN1_TX_IRQHandler</a> from startup_stm32f429xx.o(.text) referenced from startup_stm32f429xx.o(RESET)
 <LI><a href="#[5c]">CAN2_RX0_IRQHandler</a> from startup_stm32f429xx.o(.text) referenced from startup_stm32f429xx.o(RESET)
 <LI><a href="#[5d]">CAN2_RX1_IRQHandler</a> from startup_stm32f429xx.o(.text) referenced from startup_stm32f429xx.o(RESET)
 <LI><a href="#[5e]">CAN2_SCE_IRQHandler</a> from startup_stm32f429xx.o(.text) referenced from startup_stm32f429xx.o(RESET)
 <LI><a href="#[5b]">CAN2_TX_IRQHandler</a> from startup_stm32f429xx.o(.text) referenced from startup_stm32f429xx.o(RESET)
 <LI><a href="#[6a]">DCMI_IRQHandler</a> from startup_stm32f429xx.o(.text) referenced from startup_stm32f429xx.o(RESET)
 <LI><a href="#[27]">DMA1_Stream0_IRQHandler</a> from startup_stm32f429xx.o(.text) referenced from startup_stm32f429xx.o(RESET)
 <LI><a href="#[28]">DMA1_Stream1_IRQHandler</a> from startup_stm32f429xx.o(.text) referenced from startup_stm32f429xx.o(RESET)
 <LI><a href="#[29]">DMA1_Stream2_IRQHandler</a> from startup_stm32f429xx.o(.text) referenced from startup_stm32f429xx.o(RESET)
 <LI><a href="#[2a]">DMA1_Stream3_IRQHandler</a> from startup_stm32f429xx.o(.text) referenced from startup_stm32f429xx.o(RESET)
 <LI><a href="#[2b]">DMA1_Stream4_IRQHandler</a> from startup_stm32f429xx.o(.text) referenced from startup_stm32f429xx.o(RESET)
 <LI><a href="#[2c]">DMA1_Stream5_IRQHandler</a> from startup_stm32f429xx.o(.text) referenced from startup_stm32f429xx.o(RESET)
 <LI><a href="#[2d]">DMA1_Stream6_IRQHandler</a> from startup_stm32f429xx.o(.text) referenced from startup_stm32f429xx.o(RESET)
 <LI><a href="#[4b]">DMA1_Stream7_IRQHandler</a> from startup_stm32f429xx.o(.text) referenced from startup_stm32f429xx.o(RESET)
 <LI><a href="#[75]">DMA2D_IRQHandler</a> from stm32f4xx_it.o(i.DMA2D_IRQHandler) referenced from startup_stm32f429xx.o(RESET)
 <LI><a href="#[54]">DMA2_Stream0_IRQHandler</a> from startup_stm32f429xx.o(.text) referenced from startup_stm32f429xx.o(RESET)
 <LI><a href="#[55]">DMA2_Stream1_IRQHandler</a> from startup_stm32f429xx.o(.text) referenced from startup_stm32f429xx.o(RESET)
 <LI><a href="#[56]">DMA2_Stream2_IRQHandler</a> from startup_stm32f429xx.o(.text) referenced from startup_stm32f429xx.o(RESET)
 <LI><a href="#[57]">DMA2_Stream3_IRQHandler</a> from stm32f4xx_it.o(i.DMA2_Stream3_IRQHandler) referenced from startup_stm32f429xx.o(RESET)
 <LI><a href="#[58]">DMA2_Stream4_IRQHandler</a> from startup_stm32f429xx.o(.text) referenced from startup_stm32f429xx.o(RESET)
 <LI><a href="#[60]">DMA2_Stream5_IRQHandler</a> from startup_stm32f429xx.o(.text) referenced from startup_stm32f429xx.o(RESET)
 <LI><a href="#[61]">DMA2_Stream6_IRQHandler</a> from stm32f4xx_it.o(i.DMA2_Stream6_IRQHandler) referenced from startup_stm32f429xx.o(RESET)
 <LI><a href="#[62]">DMA2_Stream7_IRQHandler</a> from startup_stm32f429xx.o(.text) referenced from startup_stm32f429xx.o(RESET)
 <LI><a href="#[19]">DebugMon_Handler</a> from stm32f4xx_it.o(i.DebugMon_Handler) referenced from startup_stm32f429xx.o(RESET)
 <LI><a href="#[59]">ETH_IRQHandler</a> from startup_stm32f429xx.o(.text) referenced from startup_stm32f429xx.o(RESET)
 <LI><a href="#[5a]">ETH_WKUP_IRQHandler</a> from startup_stm32f429xx.o(.text) referenced from startup_stm32f429xx.o(RESET)
 <LI><a href="#[22]">EXTI0_IRQHandler</a> from startup_stm32f429xx.o(.text) referenced from startup_stm32f429xx.o(RESET)
 <LI><a href="#[44]">EXTI15_10_IRQHandler</a> from startup_stm32f429xx.o(.text) referenced from startup_stm32f429xx.o(RESET)
 <LI><a href="#[23]">EXTI1_IRQHandler</a> from startup_stm32f429xx.o(.text) referenced from startup_stm32f429xx.o(RESET)
 <LI><a href="#[24]">EXTI2_IRQHandler</a> from startup_stm32f429xx.o(.text) referenced from startup_stm32f429xx.o(RESET)
 <LI><a href="#[25]">EXTI3_IRQHandler</a> from startup_stm32f429xx.o(.text) referenced from startup_stm32f429xx.o(RESET)
 <LI><a href="#[26]">EXTI4_IRQHandler</a> from startup_stm32f429xx.o(.text) referenced from startup_stm32f429xx.o(RESET)
 <LI><a href="#[33]">EXTI9_5_IRQHandler</a> from startup_stm32f429xx.o(.text) referenced from startup_stm32f429xx.o(RESET)
 <LI><a href="#[20]">FLASH_IRQHandler</a> from startup_stm32f429xx.o(.text) referenced from startup_stm32f429xx.o(RESET)
 <LI><a href="#[4c]">FMC_IRQHandler</a> from startup_stm32f429xx.o(.text) referenced from startup_stm32f429xx.o(RESET)
 <LI><a href="#[6c]">FPU_IRQHandler</a> from startup_stm32f429xx.o(.text) referenced from startup_stm32f429xx.o(RESET)
 <LI><a href="#[6b]">HASH_RNG_IRQHandler</a> from startup_stm32f429xx.o(.text) referenced from startup_stm32f429xx.o(RESET)
 <LI><a href="#[14]">HardFault_Handler</a> from stm32f4xx_it.o(i.HardFault_Handler) referenced from startup_stm32f429xx.o(RESET)
 <LI><a href="#[3c]">I2C1_ER_IRQHandler</a> from startup_stm32f429xx.o(.text) referenced from startup_stm32f429xx.o(RESET)
 <LI><a href="#[3b]">I2C1_EV_IRQHandler</a> from startup_stm32f429xx.o(.text) referenced from startup_stm32f429xx.o(RESET)
 <LI><a href="#[3e]">I2C2_ER_IRQHandler</a> from startup_stm32f429xx.o(.text) referenced from startup_stm32f429xx.o(RESET)
 <LI><a href="#[3d]">I2C2_EV_IRQHandler</a> from startup_stm32f429xx.o(.text) referenced from startup_stm32f429xx.o(RESET)
 <LI><a href="#[65]">I2C3_ER_IRQHandler</a> from startup_stm32f429xx.o(.text) referenced from startup_stm32f429xx.o(RESET)
 <LI><a href="#[64]">I2C3_EV_IRQHandler</a> from startup_stm32f429xx.o(.text) referenced from startup_stm32f429xx.o(RESET)
 <LI><a href="#[74]">LTDC_ER_IRQHandler</a> from startup_stm32f429xx.o(.text) referenced from startup_stm32f429xx.o(RESET)
 <LI><a href="#[73]">LTDC_IRQHandler</a> from stm32f4xx_it.o(i.LTDC_IRQHandler) referenced from startup_stm32f429xx.o(RESET)
 <LI><a href="#[15]">MemManage_Handler</a> from stm32f4xx_it.o(i.MemManage_Handler) referenced from startup_stm32f429xx.o(RESET)
 <LI><a href="#[13]">NMI_Handler</a> from stm32f4xx_it.o(i.NMI_Handler) referenced from startup_stm32f429xx.o(RESET)
 <LI><a href="#[5f]">OTG_FS_IRQHandler</a> from startup_stm32f429xx.o(.text) referenced from startup_stm32f429xx.o(RESET)
 <LI><a href="#[46]">OTG_FS_WKUP_IRQHandler</a> from startup_stm32f429xx.o(.text) referenced from startup_stm32f429xx.o(RESET)
 <LI><a href="#[67]">OTG_HS_EP1_IN_IRQHandler</a> from startup_stm32f429xx.o(.text) referenced from startup_stm32f429xx.o(RESET)
 <LI><a href="#[66]">OTG_HS_EP1_OUT_IRQHandler</a> from startup_stm32f429xx.o(.text) referenced from startup_stm32f429xx.o(RESET)
 <LI><a href="#[69]">OTG_HS_IRQHandler</a> from startup_stm32f429xx.o(.text) referenced from startup_stm32f429xx.o(RESET)
 <LI><a href="#[68]">OTG_HS_WKUP_IRQHandler</a> from startup_stm32f429xx.o(.text) referenced from startup_stm32f429xx.o(RESET)
 <LI><a href="#[1d]">PVD_IRQHandler</a> from startup_stm32f429xx.o(.text) referenced from startup_stm32f429xx.o(RESET)
 <LI><a href="#[1a]">PendSV_Handler</a> from port.o(.emb_text) referenced from startup_stm32f429xx.o(RESET)
 <LI><a href="#[21]">RCC_IRQHandler</a> from startup_stm32f429xx.o(.text) referenced from startup_stm32f429xx.o(RESET)
 <LI><a href="#[45]">RTC_Alarm_IRQHandler</a> from startup_stm32f429xx.o(.text) referenced from startup_stm32f429xx.o(RESET)
 <LI><a href="#[1f]">RTC_WKUP_IRQHandler</a> from startup_stm32f429xx.o(.text) referenced from startup_stm32f429xx.o(RESET)
 <LI><a href="#[12]">Reset_Handler</a> from startup_stm32f429xx.o(.text) referenced from startup_stm32f429xx.o(RESET)
 <LI><a href="#[72]">SAI1_IRQHandler</a> from startup_stm32f429xx.o(.text) referenced from startup_stm32f429xx.o(RESET)
 <LI><a href="#[4d]">SDIO_IRQHandler</a> from stm32f4xx_it.o(i.SDIO_IRQHandler) referenced from startup_stm32f429xx.o(RESET)
 <LI><a href="#[7e]">SD_DMAError</a> from stm32f4xx_hal_sd.o(i.SD_DMAError) referenced from stm32f4xx_hal_sd.o(i.HAL_SD_ReadBlocks_DMA)
 <LI><a href="#[7e]">SD_DMAError</a> from stm32f4xx_hal_sd.o(i.SD_DMAError) referenced from stm32f4xx_hal_sd.o(i.HAL_SD_WriteBlocks_DMA)
 <LI><a href="#[7d]">SD_DMAReceiveCplt</a> from stm32f4xx_hal_sd.o(i.SD_DMAReceiveCplt) referenced from stm32f4xx_hal_sd.o(i.HAL_SD_ReadBlocks_DMA)
 <LI><a href="#[7c]">SD_DMARxAbort</a> from stm32f4xx_hal_sd.o(i.SD_DMARxAbort) referenced from stm32f4xx_hal_sd.o(i.HAL_SD_IRQHandler)
 <LI><a href="#[7f]">SD_DMATransmitCplt</a> from stm32f4xx_hal_sd.o(i.SD_DMATransmitCplt) referenced from stm32f4xx_hal_sd.o(i.HAL_SD_WriteBlocks_DMA)
 <LI><a href="#[7b]">SD_DMATxAbort</a> from stm32f4xx_hal_sd.o(i.SD_DMATxAbort) referenced from stm32f4xx_hal_sd.o(i.HAL_SD_IRQHandler)
 <LI><a href="#[90]">SD_initialize</a> from sd_diskio.o(i.SD_initialize) referenced from sd_diskio.o(.constdata)
 <LI><a href="#[94]">SD_ioctl</a> from sd_diskio.o(i.SD_ioctl) referenced from sd_diskio.o(.constdata)
 <LI><a href="#[92]">SD_read</a> from sd_diskio.o(i.SD_read) referenced from sd_diskio.o(.constdata)
 <LI><a href="#[91]">SD_status</a> from sd_diskio.o(i.SD_status) referenced from sd_diskio.o(.constdata)
 <LI><a href="#[93]">SD_write</a> from sd_diskio.o(i.SD_write) referenced from sd_diskio.o(.constdata)
 <LI><a href="#[3f]">SPI1_IRQHandler</a> from startup_stm32f429xx.o(.text) referenced from startup_stm32f429xx.o(RESET)
 <LI><a href="#[40]">SPI2_IRQHandler</a> from startup_stm32f429xx.o(.text) referenced from startup_stm32f429xx.o(RESET)
 <LI><a href="#[4f]">SPI3_IRQHandler</a> from startup_stm32f429xx.o(.text) referenced from startup_stm32f429xx.o(RESET)
 <LI><a href="#[6f]">SPI4_IRQHandler</a> from startup_stm32f429xx.o(.text) referenced from startup_stm32f429xx.o(RESET)
 <LI><a href="#[70]">SPI5_IRQHandler</a> from startup_stm32f429xx.o(.text) referenced from startup_stm32f429xx.o(RESET)
 <LI><a href="#[71]">SPI6_IRQHandler</a> from startup_stm32f429xx.o(.text) referenced from startup_stm32f429xx.o(RESET)
 <LI><a href="#[18]">SVC_Handler</a> from port.o(.emb_text) referenced from startup_stm32f429xx.o(RESET)
 <LI><a href="#[1b]">SysTick_Handler</a> from port.o(i.SysTick_Handler) referenced from startup_stm32f429xx.o(RESET)
 <LI><a href="#[76]">SystemInit</a> from system_stm32f4xx.o(i.SystemInit) referenced from startup_stm32f429xx.o(.text)
 <LI><a href="#[1e]">TAMP_STAMP_IRQHandler</a> from startup_stm32f429xx.o(.text) referenced from startup_stm32f429xx.o(RESET)
 <LI><a href="#[34]">TIM1_BRK_TIM9_IRQHandler</a> from startup_stm32f429xx.o(.text) referenced from startup_stm32f429xx.o(RESET)
 <LI><a href="#[37]">TIM1_CC_IRQHandler</a> from startup_stm32f429xx.o(.text) referenced from startup_stm32f429xx.o(RESET)
 <LI><a href="#[36]">TIM1_TRG_COM_TIM11_IRQHandler</a> from startup_stm32f429xx.o(.text) referenced from startup_stm32f429xx.o(RESET)
 <LI><a href="#[35]">TIM1_UP_TIM10_IRQHandler</a> from startup_stm32f429xx.o(.text) referenced from startup_stm32f429xx.o(RESET)
 <LI><a href="#[38]">TIM2_IRQHandler</a> from startup_stm32f429xx.o(.text) referenced from startup_stm32f429xx.o(RESET)
 <LI><a href="#[39]">TIM3_IRQHandler</a> from startup_stm32f429xx.o(.text) referenced from startup_stm32f429xx.o(RESET)
 <LI><a href="#[3a]">TIM4_IRQHandler</a> from startup_stm32f429xx.o(.text) referenced from startup_stm32f429xx.o(RESET)
 <LI><a href="#[4e]">TIM5_IRQHandler</a> from startup_stm32f429xx.o(.text) referenced from startup_stm32f429xx.o(RESET)
 <LI><a href="#[52]">TIM6_DAC_IRQHandler</a> from stm32f4xx_it.o(i.TIM6_DAC_IRQHandler) referenced from startup_stm32f429xx.o(RESET)
 <LI><a href="#[53]">TIM7_IRQHandler</a> from startup_stm32f429xx.o(.text) referenced from startup_stm32f429xx.o(RESET)
 <LI><a href="#[47]">TIM8_BRK_TIM12_IRQHandler</a> from startup_stm32f429xx.o(.text) referenced from startup_stm32f429xx.o(RESET)
 <LI><a href="#[4a]">TIM8_CC_IRQHandler</a> from startup_stm32f429xx.o(.text) referenced from startup_stm32f429xx.o(RESET)
 <LI><a href="#[49]">TIM8_TRG_COM_TIM14_IRQHandler</a> from startup_stm32f429xx.o(.text) referenced from startup_stm32f429xx.o(RESET)
 <LI><a href="#[48]">TIM8_UP_TIM13_IRQHandler</a> from startup_stm32f429xx.o(.text) referenced from startup_stm32f429xx.o(RESET)
 <LI><a href="#[50]">UART4_IRQHandler</a> from startup_stm32f429xx.o(.text) referenced from startup_stm32f429xx.o(RESET)
 <LI><a href="#[51]">UART5_IRQHandler</a> from startup_stm32f429xx.o(.text) referenced from startup_stm32f429xx.o(RESET)
 <LI><a href="#[6d]">UART7_IRQHandler</a> from startup_stm32f429xx.o(.text) referenced from startup_stm32f429xx.o(RESET)
 <LI><a href="#[6e]">UART8_IRQHandler</a> from startup_stm32f429xx.o(.text) referenced from startup_stm32f429xx.o(RESET)
 <LI><a href="#[41]">USART1_IRQHandler</a> from startup_stm32f429xx.o(.text) referenced from startup_stm32f429xx.o(RESET)
 <LI><a href="#[42]">USART2_IRQHandler</a> from startup_stm32f429xx.o(.text) referenced from startup_stm32f429xx.o(RESET)
 <LI><a href="#[43]">USART3_IRQHandler</a> from startup_stm32f429xx.o(.text) referenced from startup_stm32f429xx.o(RESET)
 <LI><a href="#[63]">USART6_IRQHandler</a> from startup_stm32f429xx.o(.text) referenced from startup_stm32f429xx.o(RESET)
 <LI><a href="#[17]">UsageFault_Handler</a> from stm32f4xx_it.o(i.UsageFault_Handler) referenced from startup_stm32f429xx.o(RESET)
 <LI><a href="#[1c]">WWDG_IRQHandler</a> from startup_stm32f429xx.o(.text) referenced from startup_stm32f429xx.o(RESET)
 <LI><a href="#[8e]">StartLEDTask(const void*)</a> from main.o(i._Z12StartLEDTaskPKv) referenced from main.o(.constdata)
 <LI><a href="#[8f]">StartTGUITask(const void*)</a> from main.o(i._Z13StartTGUITaskPKv) referenced from main.o(.constdata)
 <LI><a href="#[8d]">StartDefaultTask(const void*)</a> from main.o(i._Z16StartDefaultTaskPKv) referenced from main.o(.constdata)
 <LI><a href="#[81]">DMA2D_XferCpltCallback(__DMA2D_HandleTypeDef*)</a> from stm32f4dma.o(i._Z22DMA2D_XferCpltCallbackP21__DMA2D_HandleTypeDef) referenced from stm32f4dma.o(i._ZN10STM32F4DMA10initializeEv)
 <LI><a href="#[82]">DMA2D_XferErrorCallback(__DMA2D_HandleTypeDef*)</a> from stm32f4dma.o(i._Z23DMA2D_XferErrorCallbackP21__DMA2D_HandleTypeDef) referenced from stm32f4dma.o(i._ZN10STM32F4DMA10initializeEv)
 <LI><a href="#[a4]">STM32F4DMA::initialize()</a> from stm32f4dma.o(i._ZN10STM32F4DMA10initializeEv) referenced from stm32f4dma.o(.constdata__ZTV10STM32F4DMA)
 <LI><a href="#[a1]">STM32F4DMA::getBlitCaps()</a> from stm32f4dma.o(i._ZN10STM32F4DMA11getBlitCapsEv) referenced from stm32f4dma.o(.constdata__ZTV10STM32F4DMA)
 <LI><a href="#[aa]">STM32F4DMA::setupDataCopy(const touchgfx::BlitOp&)</a> from stm32f4dma.o(i._ZN10STM32F4DMA13setupDataCopyERKN8touchgfx6BlitOpE) referenced from stm32f4dma.o(.constdata__ZTV10STM32F4DMA)
 <LI><a href="#[ab]">STM32F4DMA::setupDataFill(const touchgfx::BlitOp&)</a> from stm32f4dma.o(i._ZN10STM32F4DMA13setupDataFillERKN8touchgfx6BlitOpE) referenced from stm32f4dma.o(.constdata__ZTV10STM32F4DMA)
 <LI><a href="#[a6]">STM32F4DMA::signalDMAInterrupt()</a> from stm32f4dma.o(i._ZN10STM32F4DMA18signalDMAInterruptEv) referenced from stm32f4dma.o(.constdata__ZTV10STM32F4DMA)
 <LI><a href="#[85]">STM32F4DMA::~STM32F4DMA()</a> from stm32f4dma.o(i._ZN10STM32F4DMAD1Ev) referenced from stm32f4dma.o(.constdata__ZTV10STM32F4DMA)
 <LI><a href="#[85]">STM32F4DMA::~STM32F4DMA()</a> from stm32f4dma.o(i._ZN10STM32F4DMAD1Ev) referenced from boardconfiguration.o(i.__sti___22_BoardConfiguration_cpp_2f1c5dae)
 <LI><a href="#[c6]">STM32F4HAL::enableInterrupts()</a> from stm32f4hal.o(i._ZN10STM32F4HAL16enableInterruptsEv) referenced from stm32f4hal.o(.constdata__ZTV10STM32F4HAL)
 <LI><a href="#[c7]">STM32F4HAL::disableInterrupts()</a> from stm32f4hal.o(i._ZN10STM32F4HAL17disableInterruptsEv) referenced from stm32f4hal.o(.constdata__ZTV10STM32F4HAL)
 <LI><a href="#[cb]">STM32F4HAL::getTFTCurrentLine()</a> from stm32f4hal.o(i._ZN10STM32F4HAL17getTFTCurrentLineEv) referenced from stm32f4hal.o(.constdata__ZTV10STM32F4HAL)
 <LI><a href="#[cf]">STM32F4HAL::setTFTFrameBuffer(unsigned short*)</a> from stm32f4hal.o(i._ZN10STM32F4HAL17setTFTFrameBufferEPt) referenced from stm32f4hal.o(.constdata__ZTV10STM32F4HAL)
 <LI><a href="#[c5]">STM32F4HAL::configureInterrupts()</a> from stm32f4hal.o(i._ZN10STM32F4HAL19configureInterruptsEv) referenced from stm32f4hal.o(.constdata__ZTV10STM32F4HAL)
 <LI><a href="#[c8]">STM32F4HAL::enableLCDControllerInterrupt()</a> from stm32f4hal.o(i._ZN10STM32F4HAL28enableLCDControllerInterruptEv) referenced from stm32f4hal.o(.constdata__ZTV10STM32F4HAL)
 <LI><a href="#[8c]">STM32F4HAL::~STM32F4HAL()</a> from boardconfiguration.o(i._ZN10STM32F4HALD1Ev) referenced from stm32f4hal.o(.constdata__ZTV10STM32F4HAL)
 <LI><a href="#[8c]">STM32F4HAL::~STM32F4HAL()</a> from boardconfiguration.o(i._ZN10STM32F4HALD1Ev) referenced from boardconfiguration.o(t._ZN8touchgfx6getHALI10STM32F4HALEERNS_3HALERNS_13DMA_InterfaceERNS_3LCDERNS_15TouchControllerEss)
 <LI><a href="#[d5]">UPDATAView::setupScreen()</a> from updataview.o(i._ZN10UPDATAView11setupScreenEv) referenced from updataview.o(.constdata__ZTV10UPDATAView)
 <LI><a href="#[d7]">UPDATAView::tearDownScreen()</a> from updataview.o(i._ZN10UPDATAView14tearDownScreenEv) referenced from updataview.o(.constdata__ZTV10UPDATAView)
 <LI><a href="#[d3]">UPDATAView::~UPDATAView()</a> from updataview.o(i._ZN10UPDATAViewD1Ev) referenced from updataview.o(.constdata__ZTV10UPDATAView)
 <LI><a href="#[de]">DIDViewBase::setupScreen()</a> from didviewbase.o(i._ZN11DIDViewBase11setupScreenEv) referenced from didviewbase.o(.constdata__ZTV11DIDViewBase)
 <LI><a href="#[e0]">DIDViewBase::ReadDIDClicked()</a> from didviewbase.o(i._ZN11DIDViewBase14ReadDIDClickedEv) referenced from didviewbase.o(.constdata__ZTV11DIDViewBase)
 <LI><a href="#[e1]">DIDViewBase::ClearDIDClicked()</a> from didviewbase.o(i._ZN11DIDViewBase15ClearDIDClickedEv) referenced from didviewbase.o(.constdata__ZTV11DIDViewBase)
 <LI><a href="#[95]">DIDViewBase::buttonCallbackHandler(const touchgfx::AbstractButton&)</a> from didviewbase.o(i._ZN11DIDViewBase21buttonCallbackHandlerERKN8touchgfx14AbstractButtonE) referenced from didviewbase.o(.constdata)
 <LI><a href="#[dd]">DIDViewBase::~DIDViewBase()</a> from didviewbase.o(i._ZN11DIDViewBaseD1Ev) referenced from didviewbase.o(.constdata__ZTV11DIDViewBase)
 <LI><a href="#[e3]">DTCViewBase::setupScreen()</a> from dtcviewbase.o(i._ZN11DTCViewBase11setupScreenEv) referenced from dtcviewbase.o(.constdata__ZTV11DTCViewBase)
 <LI><a href="#[96]">DTCViewBase::buttonCallbackHandler(const touchgfx::AbstractButton&)</a> from dtcviewbase.o(i._ZN11DTCViewBase21buttonCallbackHandlerERKN8touchgfx14AbstractButtonE) referenced from dtcviewbase.o(.constdata)
 <LI><a href="#[e2]">DTCViewBase::~DTCViewBase()</a> from dtcviewbase.o(i._ZN11DTCViewBaseD1Ev) referenced from dtcviewbase.o(.constdata__ZTV11DTCViewBase)
 <LI><a href="#[e5]">KEYViewBase::setupScreen()</a> from keyviewbase.o(i._ZN11KEYViewBase11setupScreenEv) referenced from keyviewbase.o(.constdata__ZTV11KEYViewBase)
 <LI><a href="#[9d]">KEYViewBase::buttonCallbackHandler(const touchgfx::AbstractButton&)</a> from keyviewbase.o(i._ZN11KEYViewBase21buttonCallbackHandlerERKN8touchgfx14AbstractButtonE) referenced from keyviewbase.o(.constdata)
 <LI><a href="#[e4]">KEYViewBase::~KEYViewBase()</a> from keyviewbase.o(i._ZN11KEYViewBaseD1Ev) referenced from keyviewbase.o(.constdata__ZTV11KEYViewBase)
 <LI><a href="#[e7]">DIDPresenter::deactivate()</a> from didpresenter.o(i._ZN12DIDPresenter10deactivateEv) referenced from didpresenter.o(.constdata__ZTV12DIDPresenter)
 <LI><a href="#[e6]">DIDPresenter::activate()</a> from didpresenter.o(i._ZN12DIDPresenter8activateEv) referenced from didpresenter.o(.constdata__ZTV12DIDPresenter)
 <LI><a href="#[e8]">DIDPresenter::~DIDPresenter()</a> from didpresenter.o(i._ZN12DIDPresenterD1Ev) referenced from didpresenter.o(.constdata__ZTV12DIDPresenter)
 <LI><a href="#[eb]">DTCPresenter::deactivate()</a> from dtcpresenter.o(i._ZN12DTCPresenter10deactivateEv) referenced from dtcpresenter.o(.constdata__ZTV12DTCPresenter)
 <LI><a href="#[ea]">DTCPresenter::activate()</a> from dtcpresenter.o(i._ZN12DTCPresenter8activateEv) referenced from dtcpresenter.o(.constdata__ZTV12DTCPresenter)
 <LI><a href="#[ec]">DTCPresenter::~DTCPresenter()</a> from dtcpresenter.o(i._ZN12DTCPresenterD1Ev) referenced from dtcpresenter.o(.constdata__ZTV12DTCPresenter)
 <LI><a href="#[8b]">FrontendHeap::~FrontendHeap()</a> from boardconfiguration.o(i._ZN12FrontendHeapD1Ev) referenced from boardconfiguration.o(.constdata__ZTV12FrontendHeap)
 <LI><a href="#[8b]">FrontendHeap::~FrontendHeap()</a> from boardconfiguration.o(i._ZN12FrontendHeapD1Ev) referenced from boardconfiguration.o(t._ZN8touchgfx21touchgfx_generic_initI10STM32F4HALEERNS_3HALERNS_13DMA_InterfaceERNS_3LCDERNS_15TouchControllerEssPtjj)
 <LI><a href="#[f0]">HOMEViewBase::SwitchANT1()</a> from homeviewbase.o(i._ZN12HOMEViewBase10SwitchANT1Ev) referenced from homeviewbase.o(.constdata__ZTV12HOMEViewBase)
 <LI><a href="#[ee]">HOMEViewBase::setupScreen()</a> from homeviewbase.o(i._ZN12HOMEViewBase11setupScreenEv) referenced from homeviewbase.o(.constdata__ZTV12HOMEViewBase)
 <LI><a href="#[f1]">HOMEViewBase::togglelight()</a> from homeviewbase.o(i._ZN12HOMEViewBase11togglelightEv) referenced from homeviewbase.o(.constdata__ZTV12HOMEViewBase)
 <LI><a href="#[ef]">HOMEViewBase::handleKeyEvent(unsigned char)</a> from homeviewbase.o(i._ZN12HOMEViewBase14handleKeyEventEh) referenced from homeviewbase.o(.constdata__ZTV12HOMEViewBase)
 <LI><a href="#[ef]">HOMEViewBase::handleKeyEvent(unsigned char)</a> from homeviewbase.o(i._ZN12HOMEViewBase14handleKeyEventEh) referenced from homeview.o(.constdata__ZTV8HOMEView)
 <LI><a href="#[9c]">HOMEViewBase::buttonCallbackHandler(const touchgfx::AbstractButton&)</a> from homeviewbase.o(i._ZN12HOMEViewBase21buttonCallbackHandlerERKN8touchgfx14AbstractButtonE) referenced from homeviewbase.o(.constdata)
 <LI><a href="#[ed]">HOMEViewBase::~HOMEViewBase()</a> from homeviewbase.o(i._ZN12HOMEViewBaseD1Ev) referenced from homeviewbase.o(.constdata__ZTV12HOMEViewBase)
 <LI><a href="#[f3]">KEYPresenter::deactivate()</a> from keypresenter.o(i._ZN12KEYPresenter10deactivateEv) referenced from keypresenter.o(.constdata__ZTV12KEYPresenter)
 <LI><a href="#[f2]">KEYPresenter::activate()</a> from keypresenter.o(i._ZN12KEYPresenter8activateEv) referenced from keypresenter.o(.constdata__ZTV12KEYPresenter)
 <LI><a href="#[f4]">KEYPresenter::~KEYPresenter()</a> from keypresenter.o(i._ZN12KEYPresenterD1Ev) referenced from keypresenter.o(.constdata__ZTV12KEYPresenter)
 <LI><a href="#[f6]">HOMEPresenter::deactivate()</a> from homepresenter.o(i._ZN13HOMEPresenter10deactivateEv) referenced from homepresenter.o(.constdata__ZTV13HOMEPresenter)
 <LI><a href="#[f5]">HOMEPresenter::activate()</a> from homepresenter.o(i._ZN13HOMEPresenter8activateEv) referenced from homepresenter.o(.constdata__ZTV13HOMEPresenter)
 <LI><a href="#[f8]">HOMEPresenter::key_event()</a> from homepresenter.o(i._ZN13HOMEPresenter9key_eventEv) referenced from homepresenter.o(.constdata__ZTV13HOMEPresenter)
 <LI><a href="#[f7]">HOMEPresenter::~HOMEPresenter()</a> from homepresenter.o(i._ZN13HOMEPresenterD1Ev) referenced from homepresenter.o(.constdata__ZTV13HOMEPresenter)
 <LI><a href="#[e9]">ModelListener::key_event()</a> from didpresenter.o(i._ZN13ModelListener9key_eventEv) referenced from didpresenter.o(.constdata__ZTV12DIDPresenter)
 <LI><a href="#[e9]">ModelListener::key_event()</a> from didpresenter.o(i._ZN13ModelListener9key_eventEv) referenced from dtcpresenter.o(.constdata__ZTV12DTCPresenter)
 <LI><a href="#[e9]">ModelListener::key_event()</a> from didpresenter.o(i._ZN13ModelListener9key_eventEv) referenced from keypresenter.o(.constdata__ZTV12KEYPresenter)
 <LI><a href="#[e9]">ModelListener::key_event()</a> from didpresenter.o(i._ZN13ModelListener9key_eventEv) referenced from updatapresenter.o(.constdata__ZTV15UPDATAPresenter)
 <LI><a href="#[fb]">UPDATAViewBase::setupScreen()</a> from updataviewbase.o(i._ZN14UPDATAViewBase11setupScreenEv) referenced from updataviewbase.o(.constdata__ZTV14UPDATAViewBase)
 <LI><a href="#[9e]">UPDATAViewBase::buttonCallbackHandler(const touchgfx::AbstractButton&)</a> from updataviewbase.o(i._ZN14UPDATAViewBase21buttonCallbackHandlerERKN8touchgfx14AbstractButtonE) referenced from updataviewbase.o(.constdata)
 <LI><a href="#[fa]">UPDATAViewBase::~UPDATAViewBase()</a> from updataviewbase.o(i._ZN14UPDATAViewBaseD1Ev) referenced from updataviewbase.o(.constdata__ZTV14UPDATAViewBase)
 <LI><a href="#[fd]">UPDATAPresenter::deactivate()</a> from updatapresenter.o(i._ZN15UPDATAPresenter10deactivateEv) referenced from updatapresenter.o(.constdata__ZTV15UPDATAPresenter)
 <LI><a href="#[fc]">UPDATAPresenter::activate()</a> from updatapresenter.o(i._ZN15UPDATAPresenter8activateEv) referenced from updatapresenter.o(.constdata__ZTV15UPDATAPresenter)
 <LI><a href="#[fe]">UPDATAPresenter::~UPDATAPresenter()</a> from updatapresenter.o(i._ZN15UPDATAPresenterD1Ev) referenced from updatapresenter.o(.constdata__ZTV15UPDATAPresenter)
 <LI><a href="#[103]">FrontendApplication::handleTickEvent()</a> from frontendapplication.o(i._ZN19FrontendApplication15handleTickEventEv) referenced from frontendapplication.o(.constdata__ZTV19FrontendApplication)
 <LI><a href="#[109]">ApplicationFontProvider::getFont(unsigned short)</a> from applicationfontprovider.o(i._ZN23ApplicationFontProvider7getFontEt) referenced from applicationfontprovider.o(.constdata__ZTV23ApplicationFontProvider)
 <LI><a href="#[84]">ApplicationFontProvider::~ApplicationFontProvider()</a> from boardconfiguration.o(i._ZN23ApplicationFontProviderD1Ev) referenced from applicationfontprovider.o(.constdata__ZTV23ApplicationFontProvider)
 <LI><a href="#[84]">ApplicationFontProvider::~ApplicationFontProvider()</a> from boardconfiguration.o(i._ZN23ApplicationFontProviderD1Ev) referenced from boardconfiguration.o(i.__sti___22_BoardConfiguration_cpp_2f1c5dae)
 <LI><a href="#[98]">FrontendApplicationBase::gotoDIDScreenNoTransitionImpl()</a> from frontendapplicationbase.o(i._ZN23FrontendApplicationBase29gotoDIDScreenNoTransitionImplEv) referenced from frontendapplicationbase.o(.constdata)
 <LI><a href="#[99]">FrontendApplicationBase::gotoDTCScreenNoTransitionImpl()</a> from frontendapplicationbase.o(i._ZN23FrontendApplicationBase29gotoDTCScreenNoTransitionImplEv) referenced from frontendapplicationbase.o(.constdata)
 <LI><a href="#[9b]">FrontendApplicationBase::gotoKEYScreenNoTransitionImpl()</a> from frontendapplicationbase.o(i._ZN23FrontendApplicationBase29gotoKEYScreenNoTransitionImplEv) referenced from frontendapplicationbase.o(.constdata)
 <LI><a href="#[97]">FrontendApplicationBase::gotoHOMEScreenNoTransitionImpl()</a> from frontendapplicationbase.o(i._ZN23FrontendApplicationBase30gotoHOMEScreenNoTransitionImplEv) referenced from frontendapplicationbase.o(.constdata)
 <LI><a href="#[9a]">FrontendApplicationBase::gotoUPDATAScreenNoTransitionImpl()</a> from frontendapplicationbase.o(i._ZN23FrontendApplicationBase32gotoUPDATAScreenNoTransitionImplEv) referenced from frontendapplicationbase.o(.constdata)
 <LI><a href="#[10b]">FrontendApplicationBase::~FrontendApplicationBase()</a> from boardconfiguration.o(i._ZN23FrontendApplicationBaseD1Ev) referenced from boardconfiguration.o(.constdata__ZTV23FrontendApplicationBase)
 <LI><a href="#[10d]">DIDView::setupScreen()</a> from didview.o(i._ZN7DIDView11setupScreenEv) referenced from didview.o(.constdata__ZTV7DIDView)
 <LI><a href="#[10f]">DIDView::ReadDIDClicked()</a> from didview.o(i._ZN7DIDView14ReadDIDClickedEv) referenced from didview.o(.constdata__ZTV7DIDView)
 <LI><a href="#[10e]">DIDView::tearDownScreen()</a> from didview.o(i._ZN7DIDView14tearDownScreenEv) referenced from didview.o(.constdata__ZTV7DIDView)
 <LI><a href="#[110]">DIDView::ClearDIDClicked()</a> from didview.o(i._ZN7DIDView15ClearDIDClickedEv) referenced from didview.o(.constdata__ZTV7DIDView)
 <LI><a href="#[10c]">DIDView::~DIDView()</a> from didview.o(i._ZN7DIDViewD1Ev) referenced from didview.o(.constdata__ZTV7DIDView)
 <LI><a href="#[112]">DTCView::setupScreen()</a> from dtcview.o(i._ZN7DTCView11setupScreenEv) referenced from dtcview.o(.constdata__ZTV7DTCView)
 <LI><a href="#[113]">DTCView::tearDownScreen()</a> from dtcview.o(i._ZN7DTCView14tearDownScreenEv) referenced from dtcview.o(.constdata__ZTV7DTCView)
 <LI><a href="#[111]">DTCView::~DTCView()</a> from dtcview.o(i._ZN7DTCViewD1Ev) referenced from dtcview.o(.constdata__ZTV7DTCView)
 <LI><a href="#[115]">KEYView::setupScreen()</a> from keyview.o(i._ZN7KEYView11setupScreenEv) referenced from keyview.o(.constdata__ZTV7KEYView)
 <LI><a href="#[116]">KEYView::tearDownScreen()</a> from keyview.o(i._ZN7KEYView14tearDownScreenEv) referenced from keyview.o(.constdata__ZTV7KEYView)
 <LI><a href="#[114]">KEYView::~KEYView()</a> from keyview.o(i._ZN7KEYViewD1Ev) referenced from keyview.o(.constdata__ZTV7KEYView)
 <LI><a href="#[11a]">HOMEView::SwitchANT1()</a> from homeview.o(i._ZN8HOMEView10SwitchANT1Ev) referenced from homeview.o(.constdata__ZTV8HOMEView)
 <LI><a href="#[118]">HOMEView::setupScreen()</a> from homeview.o(i._ZN8HOMEView11setupScreenEv) referenced from homeview.o(.constdata__ZTV8HOMEView)
 <LI><a href="#[11b]">HOMEView::togglelight()</a> from homeview.o(i._ZN8HOMEView11togglelightEv) referenced from homeview.o(.constdata__ZTV8HOMEView)
 <LI><a href="#[119]">HOMEView::tearDownScreen()</a> from homeview.o(i._ZN8HOMEView14tearDownScreenEv) referenced from homeview.o(.constdata__ZTV8HOMEView)
 <LI><a href="#[117]">HOMEView::~HOMEView()</a> from homeview.o(i._ZN8HOMEViewD1Ev) referenced from homeview.o(.constdata__ZTV8HOMEView)
 <LI><a href="#[121]">touchgfx::Transition::setScreenContainer(touchgfx::Container&)</a> from frontendapplicationbase.o(i._ZN8touchgfx10Transition18setScreenContainerERNS_9ContainerE) referenced from frontendapplicationbase.o(.constdata__ZTVN8touchgfx12NoTransitionE)
 <LI><a href="#[120]">touchgfx::Transition::init()</a> from frontendapplicationbase.o(i._ZN8touchgfx10Transition4initEv) referenced from frontendapplicationbase.o(.constdata__ZTVN8touchgfx12NoTransitionE)
 <LI><a href="#[11f]">touchgfx::Transition::tearDown()</a> from frontendapplicationbase.o(i._ZN8touchgfx10Transition8tearDownEv) referenced from frontendapplicationbase.o(.constdata__ZTVN8touchgfx12NoTransitionE)
 <LI><a href="#[105]">touchgfx::Application::switchScreen(touchgfx::Screen*)</a> from application.o(.text) referenced from frontendapplication.o(.constdata__ZTV19FrontendApplication)
 <LI><a href="#[105]">touchgfx::Application::switchScreen(touchgfx::Screen*)</a> from application.o(.text) referenced from boardconfiguration.o(.constdata__ZTV23FrontendApplicationBase)
 <LI><a href="#[105]">touchgfx::Application::switchScreen(touchgfx::Screen*)</a> from application.o(.text) referenced from application.o(.constdata__ZTVN8touchgfx11ApplicationE)
 <LI><a href="#[105]">touchgfx::Application::switchScreen(touchgfx::Screen*)</a> from application.o(.text) referenced from frontendapplicationbase.o(.constdata__ZTVN8touchgfx14MVPApplicationE)
 <LI><a href="#[102]">touchgfx::Application::handleKeyEvent(unsigned char)</a> from application.o(.text) referenced from frontendapplication.o(.constdata__ZTV19FrontendApplication)
 <LI><a href="#[102]">touchgfx::Application::handleKeyEvent(unsigned char)</a> from application.o(.text) referenced from boardconfiguration.o(.constdata__ZTV23FrontendApplicationBase)
 <LI><a href="#[102]">touchgfx::Application::handleKeyEvent(unsigned char)</a> from application.o(.text) referenced from application.o(.constdata__ZTVN8touchgfx11ApplicationE)
 <LI><a href="#[102]">touchgfx::Application::handleKeyEvent(unsigned char)</a> from application.o(.text) referenced from frontendapplicationbase.o(.constdata__ZTVN8touchgfx14MVPApplicationE)
 <LI><a href="#[100]">touchgfx::Application::handleDragEvent(const touchgfx::DragEvent&)</a> from application.o(.text) referenced from frontendapplication.o(.constdata__ZTV19FrontendApplication)
 <LI><a href="#[100]">touchgfx::Application::handleDragEvent(const touchgfx::DragEvent&)</a> from application.o(.text) referenced from boardconfiguration.o(.constdata__ZTV23FrontendApplicationBase)
 <LI><a href="#[100]">touchgfx::Application::handleDragEvent(const touchgfx::DragEvent&)</a> from application.o(.text) referenced from application.o(.constdata__ZTVN8touchgfx11ApplicationE)
 <LI><a href="#[100]">touchgfx::Application::handleDragEvent(const touchgfx::DragEvent&)</a> from application.o(.text) referenced from frontendapplicationbase.o(.constdata__ZTVN8touchgfx14MVPApplicationE)
 <LI><a href="#[10a]">touchgfx::Application::handleTickEvent()</a> from application.o(.text) referenced from boardconfiguration.o(.constdata__ZTV23FrontendApplicationBase)
 <LI><a href="#[10a]">touchgfx::Application::handleTickEvent()</a> from application.o(.text) referenced from application.o(.constdata__ZTVN8touchgfx11ApplicationE)
 <LI><a href="#[10a]">touchgfx::Application::handleTickEvent()</a> from application.o(.text) referenced from frontendapplicationbase.o(.constdata__ZTVN8touchgfx14MVPApplicationE)
 <LI><a href="#[ff]">touchgfx::Application::handleClickEvent(const touchgfx::ClickEvent&)</a> from application.o(.text) referenced from frontendapplication.o(.constdata__ZTV19FrontendApplication)
 <LI><a href="#[ff]">touchgfx::Application::handleClickEvent(const touchgfx::ClickEvent&)</a> from application.o(.text) referenced from boardconfiguration.o(.constdata__ZTV23FrontendApplicationBase)
 <LI><a href="#[ff]">touchgfx::Application::handleClickEvent(const touchgfx::ClickEvent&)</a> from application.o(.text) referenced from application.o(.constdata__ZTVN8touchgfx11ApplicationE)
 <LI><a href="#[ff]">touchgfx::Application::handleClickEvent(const touchgfx::ClickEvent&)</a> from application.o(.text) referenced from frontendapplicationbase.o(.constdata__ZTVN8touchgfx14MVPApplicationE)
 <LI><a href="#[101]">touchgfx::Application::handleGestureEvent(const touchgfx::GestureEvent&)</a> from application.o(.text) referenced from frontendapplication.o(.constdata__ZTV19FrontendApplication)
 <LI><a href="#[101]">touchgfx::Application::handleGestureEvent(const touchgfx::GestureEvent&)</a> from application.o(.text) referenced from boardconfiguration.o(.constdata__ZTV23FrontendApplicationBase)
 <LI><a href="#[101]">touchgfx::Application::handleGestureEvent(const touchgfx::GestureEvent&)</a> from application.o(.text) referenced from application.o(.constdata__ZTVN8touchgfx11ApplicationE)
 <LI><a href="#[101]">touchgfx::Application::handleGestureEvent(const touchgfx::GestureEvent&)</a> from application.o(.text) referenced from frontendapplicationbase.o(.constdata__ZTVN8touchgfx14MVPApplicationE)
 <LI><a href="#[108]">touchgfx::Application::cacheDrawOperations(bool)</a> from application.o(.text) referenced from frontendapplication.o(.constdata__ZTV19FrontendApplication)
 <LI><a href="#[108]">touchgfx::Application::cacheDrawOperations(bool)</a> from application.o(.text) referenced from boardconfiguration.o(.constdata__ZTV23FrontendApplicationBase)
 <LI><a href="#[108]">touchgfx::Application::cacheDrawOperations(bool)</a> from application.o(.text) referenced from application.o(.constdata__ZTVN8touchgfx11ApplicationE)
 <LI><a href="#[108]">touchgfx::Application::cacheDrawOperations(bool)</a> from application.o(.text) referenced from frontendapplicationbase.o(.constdata__ZTVN8touchgfx14MVPApplicationE)
 <LI><a href="#[11c]">touchgfx::Application::handlePendingScreenTransition()</a> from application.o(.text) referenced from application.o(.constdata__ZTVN8touchgfx11ApplicationE)
 <LI><a href="#[107]">touchgfx::Application::draw(touchgfx::Rect&)</a> from application.o(.text) referenced from frontendapplication.o(.constdata__ZTV19FrontendApplication)
 <LI><a href="#[107]">touchgfx::Application::draw(touchgfx::Rect&)</a> from application.o(.text) referenced from boardconfiguration.o(.constdata__ZTV23FrontendApplicationBase)
 <LI><a href="#[107]">touchgfx::Application::draw(touchgfx::Rect&)</a> from application.o(.text) referenced from application.o(.constdata__ZTVN8touchgfx11ApplicationE)
 <LI><a href="#[107]">touchgfx::Application::draw(touchgfx::Rect&)</a> from application.o(.text) referenced from frontendapplicationbase.o(.constdata__ZTVN8touchgfx14MVPApplicationE)
 <LI><a href="#[106]">touchgfx::Application::draw()</a> from application.o(.text) referenced from frontendapplication.o(.constdata__ZTV19FrontendApplication)
 <LI><a href="#[106]">touchgfx::Application::draw()</a> from application.o(.text) referenced from boardconfiguration.o(.constdata__ZTV23FrontendApplicationBase)
 <LI><a href="#[106]">touchgfx::Application::draw()</a> from application.o(.text) referenced from application.o(.constdata__ZTVN8touchgfx11ApplicationE)
 <LI><a href="#[106]">touchgfx::Application::draw()</a> from application.o(.text) referenced from frontendapplicationbase.o(.constdata__ZTVN8touchgfx14MVPApplicationE)
 <LI><a href="#[11e]">touchgfx::NoTransition::handleTickEvent()</a> from frontendapplicationbase.o(i._ZN8touchgfx12NoTransition15handleTickEventEv) referenced from frontendapplicationbase.o(.constdata__ZTVN8touchgfx12NoTransitionE)
 <LI><a href="#[11d]">touchgfx::NoTransition::~NoTransition()</a> from frontendapplicationbase.o(i._ZN8touchgfx12NoTransitionD1Ev) referenced from frontendapplicationbase.o(.constdata__ZTVN8touchgfx12NoTransitionE)
 <LI><a href="#[130]">touchgfx::ToggleButton::handleClickEvent(const touchgfx::ClickEvent&)</a> from togglebutton.o(.text) referenced from togglebutton.o(.constdata__ZTVN8touchgfx12ToggleButtonE)
 <LI><a href="#[a2]">touchgfx::DMA_Interface::addToQueue(const touchgfx::BlitOp&)</a> from dma.o(.text) referenced from stm32f4dma.o(.constdata__ZTV10STM32F4DMA)
 <LI><a href="#[ac]">touchgfx::DMA_Interface::enableAlpha(unsigned char)</a> from dma.o(.text) referenced from stm32f4dma.o(.constdata__ZTV10STM32F4DMA)
 <LI><a href="#[ad]">touchgfx::DMA_Interface::disableAlpha()</a> from dma.o(.text) referenced from stm32f4dma.o(.constdata__ZTV10STM32F4DMA)
 <LI><a href="#[a9]">touchgfx::DMA_Interface::seedExecution()</a> from dma.o(.text) referenced from stm32f4dma.o(.constdata__ZTV10STM32F4DMA)
 <LI><a href="#[a8]">touchgfx::DMA_Interface::executeCompleted()</a> from dma.o(.text) referenced from stm32f4dma.o(.constdata__ZTV10STM32F4DMA)
 <LI><a href="#[af]">touchgfx::DMA_Interface::waitForFrameBufferSemaphore()</a> from dma.o(.text) referenced from stm32f4dma.o(.constdata__ZTV10STM32F4DMA)
 <LI><a href="#[ae]">touchgfx::DMA_Interface::enableCopyWithTransparentPixels(unsigned char)</a> from dma.o(.text) referenced from stm32f4dma.o(.constdata__ZTV10STM32F4DMA)
 <LI><a href="#[a3]">touchgfx::DMA_Interface::flush()</a> from dma.o(i._ZN8touchgfx13DMA_Interface5flushEv) referenced from stm32f4dma.o(.constdata__ZTV10STM32F4DMA)
 <LI><a href="#[a5]">touchgfx::DMA_Interface::start()</a> from dma.o(.text) referenced from stm32f4dma.o(.constdata__ZTV10STM32F4DMA)
 <LI><a href="#[a7]">touchgfx::DMA_Interface::execute()</a> from dma.o(.text) referenced from stm32f4dma.o(.constdata__ZTV10STM32F4DMA)
 <LI><a href="#[138]">touchgfx::AbstractButton::handleClickEvent(const touchgfx::ClickEvent&)</a> from abstractbutton.o(.text) referenced from buttonwithlabel.o(.constdata__ZTVN8touchgfx15ButtonWithLabelE)
 <LI><a href="#[138]">touchgfx::AbstractButton::handleClickEvent(const touchgfx::ClickEvent&)</a> from abstractbutton.o(.text) referenced from button.o(.constdata__ZTVN8touchgfx6ButtonE)
 <LI><a href="#[104]">touchgfx::MVPApplication::handlePendingScreenTransition()</a> from boardconfiguration.o(i._ZN8touchgfx14MVPApplication29handlePendingScreenTransitionEv) referenced from frontendapplication.o(.constdata__ZTV19FrontendApplication)
 <LI><a href="#[104]">touchgfx::MVPApplication::handlePendingScreenTransition()</a> from boardconfiguration.o(i._ZN8touchgfx14MVPApplication29handlePendingScreenTransitionEv) referenced from boardconfiguration.o(.constdata__ZTV23FrontendApplicationBase)
 <LI><a href="#[104]">touchgfx::MVPApplication::handlePendingScreenTransition()</a> from boardconfiguration.o(i._ZN8touchgfx14MVPApplication29handlePendingScreenTransitionEv) referenced from frontendapplicationbase.o(.constdata__ZTVN8touchgfx14MVPApplicationE)
 <LI><a href="#[13d]">touchgfx::AbstractPartition::allocateAt(unsigned short, unsigned short)</a> from abstractpartition.o(.text) referenced from abstractpartition.o(.constdata__ZTVN8touchgfx17AbstractPartitionE)
 <LI><a href="#[13d]">touchgfx::AbstractPartition::allocateAt(unsigned short, unsigned short)</a> from abstractpartition.o(.text) referenced from boardconfiguration.o(.constdata__ZTVN8touchgfx9PartitionINS_4meta8TypeListI12KEYPresenterNS2_INS1_3NilES4_EEEELt1EEE)
 <LI><a href="#[13d]">touchgfx::AbstractPartition::allocateAt(unsigned short, unsigned short)</a> from abstractpartition.o(.text) referenced from boardconfiguration.o(.constdata__ZTVN8touchgfx9PartitionINS_4meta8TypeListI8HOMEViewNS2_INS1_3NilES4_EEEELt1EEE)
 <LI><a href="#[13d]">touchgfx::AbstractPartition::allocateAt(unsigned short, unsigned short)</a> from abstractpartition.o(.text) referenced from boardconfiguration.o(.constdata__ZTVN8touchgfx9PartitionINS_4meta8TypeListINS_12NoTransitionENS2_INS1_3NilES4_EEEELt1EEE)
 <LI><a href="#[140]">touchgfx::AbstractPartition::clear()</a> from abstractpartition.o(.text) referenced from abstractpartition.o(.constdata__ZTVN8touchgfx17AbstractPartitionE)
 <LI><a href="#[140]">touchgfx::AbstractPartition::clear()</a> from abstractpartition.o(.text) referenced from boardconfiguration.o(.constdata__ZTVN8touchgfx9PartitionINS_4meta8TypeListI12KEYPresenterNS2_INS1_3NilES4_EEEELt1EEE)
 <LI><a href="#[140]">touchgfx::AbstractPartition::clear()</a> from abstractpartition.o(.text) referenced from boardconfiguration.o(.constdata__ZTVN8touchgfx9PartitionINS_4meta8TypeListI8HOMEViewNS2_INS1_3NilES4_EEEELt1EEE)
 <LI><a href="#[140]">touchgfx::AbstractPartition::clear()</a> from abstractpartition.o(.text) referenced from boardconfiguration.o(.constdata__ZTVN8touchgfx9PartitionINS_4meta8TypeListINS_12NoTransitionENS2_INS1_3NilES4_EEEELt1EEE)
 <LI><a href="#[13f]">touchgfx::AbstractPartition::indexOf(const void*)</a> from abstractpartition.o(.text) referenced from abstractpartition.o(.constdata__ZTVN8touchgfx17AbstractPartitionE)
 <LI><a href="#[13f]">touchgfx::AbstractPartition::indexOf(const void*)</a> from abstractpartition.o(.text) referenced from boardconfiguration.o(.constdata__ZTVN8touchgfx9PartitionINS_4meta8TypeListI12KEYPresenterNS2_INS1_3NilES4_EEEELt1EEE)
 <LI><a href="#[13f]">touchgfx::AbstractPartition::indexOf(const void*)</a> from abstractpartition.o(.text) referenced from boardconfiguration.o(.constdata__ZTVN8touchgfx9PartitionINS_4meta8TypeListI8HOMEViewNS2_INS1_3NilES4_EEEELt1EEE)
 <LI><a href="#[13f]">touchgfx::AbstractPartition::indexOf(const void*)</a> from abstractpartition.o(.text) referenced from boardconfiguration.o(.constdata__ZTVN8touchgfx9PartitionINS_4meta8TypeListINS_12NoTransitionENS2_INS1_3NilES4_EEEELt1EEE)
 <LI><a href="#[13c]">touchgfx::AbstractPartition::allocate(unsigned short)</a> from abstractpartition.o(.text) referenced from abstractpartition.o(.constdata__ZTVN8touchgfx17AbstractPartitionE)
 <LI><a href="#[13c]">touchgfx::AbstractPartition::allocate(unsigned short)</a> from abstractpartition.o(.text) referenced from boardconfiguration.o(.constdata__ZTVN8touchgfx9PartitionINS_4meta8TypeListI12KEYPresenterNS2_INS1_3NilES4_EEEELt1EEE)
 <LI><a href="#[13c]">touchgfx::AbstractPartition::allocate(unsigned short)</a> from abstractpartition.o(.text) referenced from boardconfiguration.o(.constdata__ZTVN8touchgfx9PartitionINS_4meta8TypeListI8HOMEViewNS2_INS1_3NilES4_EEEELt1EEE)
 <LI><a href="#[13c]">touchgfx::AbstractPartition::allocate(unsigned short)</a> from abstractpartition.o(.text) referenced from boardconfiguration.o(.constdata__ZTVN8touchgfx9PartitionINS_4meta8TypeListINS_12NoTransitionENS2_INS1_3NilES4_EEEELt1EEE)
 <LI><a href="#[13b]">touchgfx::AbstractPartition::~AbstractPartition__deallocating()</a> from abstractpartition.o(.text) referenced from abstractpartition.o(.constdata__ZTVN8touchgfx17AbstractPartitionE)
 <LI><a href="#[13a]">touchgfx::AbstractPartition::~AbstractPartition__sub_object()</a> from abstractpartition.o(.text) referenced from abstractpartition.o(.constdata__ZTVN8touchgfx17AbstractPartitionE)
 <LI><a href="#[80]">touchgfx::InternalFlashFont::~InternalFlashFont()</a> from internalflashfont.o(i._ZN8touchgfx17InternalFlashFontD1Ev) referenced from internalflashfont.o(.constdata__ZTVN8touchgfx17InternalFlashFontE)
 <LI><a href="#[80]">touchgfx::InternalFlashFont::~InternalFlashFont()</a> from internalflashfont.o(i._ZN8touchgfx17InternalFlashFontD1Ev) referenced from fontgetters.o(i._Z23getFont_verdana_10_4bppv)
 <LI><a href="#[80]">touchgfx::InternalFlashFont::~InternalFlashFont()</a> from internalflashfont.o(i._ZN8touchgfx17InternalFlashFontD1Ev) referenced from fontgetters.o(i._Z23getFont_verdana_20_4bppv)
 <LI><a href="#[80]">touchgfx::InternalFlashFont::~InternalFlashFont()</a> from internalflashfont.o(i._ZN8touchgfx17InternalFlashFontD1Ev) referenced from fontgetters.o(i._Z23getFont_verdana_40_4bppv)
 <LI><a href="#[153]">touchgfx::LockFreeDMA_Queue::pushCopyOf(const touchgfx::BlitOp&)</a> from dma.o(.text) referenced from dma.o(.constdata__ZTVN8touchgfx17LockFreeDMA_QueueE)
 <LI><a href="#[154]">touchgfx::LockFreeDMA_Queue::pop()</a> from dma.o(.text) referenced from dma.o(.constdata__ZTVN8touchgfx17LockFreeDMA_QueueE)
 <LI><a href="#[155]">touchgfx::LockFreeDMA_Queue::first()</a> from dma.o(.text) referenced from dma.o(.constdata__ZTVN8touchgfx17LockFreeDMA_QueueE)
 <LI><a href="#[152]">touchgfx::LockFreeDMA_Queue::isFull()</a> from dma.o(.text) referenced from dma.o(.constdata__ZTVN8touchgfx17LockFreeDMA_QueueE)
 <LI><a href="#[151]">touchgfx::LockFreeDMA_Queue::isEmpty()</a> from dma.o(.text) referenced from dma.o(.constdata__ZTVN8touchgfx17LockFreeDMA_QueueE)
 <LI><a href="#[159]">touchgfx::MCUInstrumentation::getCCConsumed()</a> from stm32f4instrumentation.o(i._ZN8touchgfx18MCUInstrumentation13getCCConsumedEv) referenced from stm32f4instrumentation.o(.constdata__ZTVN8touchgfx22STM32F4InstrumentationE)
 <LI><a href="#[15a]">touchgfx::MCUInstrumentation::setCCConsumed(unsigned)</a> from stm32f4instrumentation.o(i._ZN8touchgfx18MCUInstrumentation13setCCConsumedEj) referenced from stm32f4instrumentation.o(.constdata__ZTVN8touchgfx22STM32F4InstrumentationE)
 <LI><a href="#[157]">touchgfx::STM32F4Instrumentation::getCPUCycles()</a> from stm32f4instrumentation.o(i._ZN8touchgfx22STM32F4Instrumentation12getCPUCyclesEv) referenced from stm32f4instrumentation.o(.constdata__ZTVN8touchgfx22STM32F4InstrumentationE)
 <LI><a href="#[158]">touchgfx::STM32F4Instrumentation::setMCUActive(bool)</a> from stm32f4instrumentation.o(i._ZN8touchgfx22STM32F4Instrumentation12setMCUActiveEb) referenced from stm32f4instrumentation.o(.constdata__ZTVN8touchgfx22STM32F4InstrumentationE)
 <LI><a href="#[156]">touchgfx::STM32F4Instrumentation::init()</a> from stm32f4instrumentation.o(i._ZN8touchgfx22STM32F4Instrumentation4initEv) referenced from stm32f4instrumentation.o(.constdata__ZTVN8touchgfx22STM32F4InstrumentationE)
 <LI><a href="#[87]">touchgfx::STM32F4Instrumentation::~STM32F4Instrumentation()</a> from boardconfiguration.o(i._ZN8touchgfx22STM32F4InstrumentationD1Ev) referenced from stm32f4instrumentation.o(.constdata__ZTVN8touchgfx22STM32F4InstrumentationE)
 <LI><a href="#[87]">touchgfx::STM32F4Instrumentation::~STM32F4Instrumentation()</a> from boardconfiguration.o(i._ZN8touchgfx22STM32F4InstrumentationD1Ev) referenced from boardconfiguration.o(i.__sti___22_BoardConfiguration_cpp_2f1c5dae)
 <LI><a href="#[15c]">touchgfx::STM32F4TouchController::sampleTouch(int&, int&)</a> from stm32f4touchcontroller.o(i._ZN8touchgfx22STM32F4TouchController11sampleTouchERiS1_) referenced from stm32f4touchcontroller.o(.constdata__ZTVN8touchgfx22STM32F4TouchControllerE)
 <LI><a href="#[15b]">touchgfx::STM32F4TouchController::init()</a> from stm32f4touchcontroller.o(i._ZN8touchgfx22STM32F4TouchController4initEv) referenced from stm32f4touchcontroller.o(.constdata__ZTVN8touchgfx22STM32F4TouchControllerE)
 <LI><a href="#[86]">touchgfx::STM32F4TouchController::~STM32F4TouchController()</a> from boardconfiguration.o(i._ZN8touchgfx22STM32F4TouchControllerD1Ev) referenced from stm32f4touchcontroller.o(.constdata__ZTVN8touchgfx22STM32F4TouchControllerE)
 <LI><a href="#[86]">touchgfx::STM32F4TouchController::~STM32F4TouchController()</a> from boardconfiguration.o(i._ZN8touchgfx22STM32F4TouchControllerD1Ev) referenced from boardconfiguration.o(i.__sti___22_BoardConfiguration_cpp_2f1c5dae)
 <LI><a href="#[160]">touchgfx::TextAreaWithOneWildcard::getTextHeight()</a> from didviewbase.o(i._ZN8touchgfx23TextAreaWithOneWildcard13getTextHeightEv) referenced from didviewbase.o(.constdata__ZTVN8touchgfx23TextAreaWithOneWildcardE)
 <LI><a href="#[cd]">touchgfx::HAL::beginFrame()</a> from hal.o(.text) referenced from stm32f4hal.o(.constdata__ZTV10STM32F4HAL)
 <LI><a href="#[cd]">touchgfx::HAL::beginFrame()</a> from hal.o(.text) referenced from hal.o(.constdata__ZTVN8touchgfx3HALE)
 <LI><a href="#[bb]">touchgfx::HAL::getBlitCaps()</a> from hal.o(i._ZN8touchgfx3HAL11getBlitCapsEv) referenced from stm32f4hal.o(.constdata__ZTV10STM32F4HAL)
 <LI><a href="#[bb]">touchgfx::HAL::getBlitCaps()</a> from hal.o(i._ZN8touchgfx3HAL11getBlitCapsEv) referenced from hal.o(.constdata__ZTVN8touchgfx3HALE)
 <LI><a href="#[bf]">touchgfx::HAL::blitCopyGlyph(const unsigned char*, unsigned short, unsigned short, unsigned short, unsigned short, unsigned short, touchgfx::colortype, unsigned char, touchgfx::BlitOperations)</a> from hal.o(.text) referenced from stm32f4hal.o(.constdata__ZTV10STM32F4HAL)
 <LI><a href="#[bf]">touchgfx::HAL::blitCopyGlyph(const unsigned char*, unsigned short, unsigned short, unsigned short, unsigned short, unsigned short, touchgfx::colortype, unsigned char, touchgfx::BlitOperations)</a> from hal.o(.text) referenced from hal.o(.constdata__ZTVN8touchgfx3HALE)
 <LI><a href="#[c4]">touchgfx::HAL::backPorchExited()</a> from hal.o(i._ZN8touchgfx3HAL15backPorchExitedEv) referenced from stm32f4hal.o(.constdata__ZTV10STM32F4HAL)
 <LI><a href="#[c4]">touchgfx::HAL::backPorchExited()</a> from hal.o(i._ZN8touchgfx3HAL15backPorchExitedEv) referenced from hal.o(.constdata__ZTVN8touchgfx3HALE)
 <LI><a href="#[b9]">touchgfx::HAL::cacheTextString(const unsigned short*)</a> from hal.o(.text) referenced from stm32f4hal.o(.constdata__ZTV10STM32F4HAL)
 <LI><a href="#[b9]">touchgfx::HAL::cacheTextString(const unsigned short*)</a> from hal.o(.text) referenced from hal.o(.constdata__ZTVN8touchgfx3HALE)
 <LI><a href="#[b5]">touchgfx::HAL::lockFrameBuffer()</a> from hal.o(.text) referenced from stm32f4hal.o(.constdata__ZTV10STM32F4HAL)
 <LI><a href="#[b5]">touchgfx::HAL::lockFrameBuffer()</a> from hal.o(.text) referenced from hal.o(.constdata__ZTVN8touchgfx3HALE)
 <LI><a href="#[be]">touchgfx::HAL::blitCopyARGB8888(const unsigned short*, unsigned short, unsigned short, unsigned short, unsigned short, unsigned short, unsigned char)</a> from hal.o(.text) referenced from stm32f4hal.o(.constdata__ZTV10STM32F4HAL)
 <LI><a href="#[be]">touchgfx::HAL::blitCopyARGB8888(const unsigned short*, unsigned short, unsigned short, unsigned short, unsigned short, unsigned short, unsigned char)</a> from hal.o(.text) referenced from hal.o(.constdata__ZTVN8touchgfx3HALE)
 <LI><a href="#[b2]">touchgfx::HAL::flushFrameBuffer(const touchgfx::Rect&)</a> from hal.o(.text) referenced from stm32f4hal.o(.constdata__ZTV10STM32F4HAL)
 <LI><a href="#[b2]">touchgfx::HAL::flushFrameBuffer(const touchgfx::Rect&)</a> from hal.o(.text) referenced from hal.o(.constdata__ZTVN8touchgfx3HALE)
 <LI><a href="#[b1]">touchgfx::HAL::flushFrameBuffer()</a> from hal.o(.text) referenced from stm32f4hal.o(.constdata__ZTV10STM32F4HAL)
 <LI><a href="#[b1]">touchgfx::HAL::flushFrameBuffer()</a> from hal.o(.text) referenced from hal.o(.constdata__ZTVN8touchgfx3HALE)
 <LI><a href="#[b3]">touchgfx::HAL::allowDMATransfers()</a> from hal.o(.text) referenced from stm32f4hal.o(.constdata__ZTV10STM32F4HAL)
 <LI><a href="#[b3]">touchgfx::HAL::allowDMATransfers()</a> from hal.o(.text) referenced from hal.o(.constdata__ZTVN8touchgfx3HALE)
 <LI><a href="#[164]">touchgfx::HAL::getTFTCurrentLine()</a> from hal.o(i._ZN8touchgfx3HAL17getTFTCurrentLineEv) referenced from hal.o(.constdata__ZTVN8touchgfx3HALE)
 <LI><a href="#[b8]">touchgfx::HAL::registerTextCache(unsigned short*, unsigned short)</a> from hal.o(.text) referenced from stm32f4hal.o(.constdata__ZTV10STM32F4HAL)
 <LI><a href="#[b8]">touchgfx::HAL::registerTextCache(unsigned short*, unsigned short)</a> from hal.o(.text) referenced from hal.o(.constdata__ZTVN8touchgfx3HALE)
 <LI><a href="#[b6]">touchgfx::HAL::unlockFrameBuffer()</a> from hal.o(.text) referenced from stm32f4hal.o(.constdata__ZTV10STM32F4HAL)
 <LI><a href="#[b6]">touchgfx::HAL::unlockFrameBuffer()</a> from hal.o(.text) referenced from hal.o(.constdata__ZTVN8touchgfx3HALE)
 <LI><a href="#[c2]">touchgfx::HAL::copyFBRegionToMemory(touchgfx::Rect)</a> from hal.o(.text) referenced from stm32f4hal.o(.constdata__ZTV10STM32F4HAL)
 <LI><a href="#[c2]">touchgfx::HAL::copyFBRegionToMemory(touchgfx::Rect)</a> from hal.o(.text) referenced from hal.o(.constdata__ZTVN8touchgfx3HALE)
 <LI><a href="#[c3]">touchgfx::HAL::copyFBRegionToMemory(touchgfx::Rect, unsigned short*, unsigned)</a> from hal.o(.text) referenced from stm32f4hal.o(.constdata__ZTV10STM32F4HAL)
 <LI><a href="#[c3]">touchgfx::HAL::copyFBRegionToMemory(touchgfx::Rect, unsigned short*, unsigned)</a> from hal.o(.text) referenced from hal.o(.constdata__ZTVN8touchgfx3HALE)
 <LI><a href="#[c1]">touchgfx::HAL::registerEventListener(touchgfx::UIEventListener&)</a> from hal.o(.text) referenced from stm32f4hal.o(.constdata__ZTV10STM32F4HAL)
 <LI><a href="#[c1]">touchgfx::HAL::registerEventListener(touchgfx::UIEventListener&)</a> from hal.o(.text) referenced from hal.o(.constdata__ZTVN8touchgfx3HALE)
 <LI><a href="#[bc]">touchgfx::HAL::blitSetTransparencyKey(unsigned short)</a> from hal.o(.text) referenced from stm32f4hal.o(.constdata__ZTV10STM32F4HAL)
 <LI><a href="#[bc]">touchgfx::HAL::blitSetTransparencyKey(unsigned short)</a> from hal.o(.text) referenced from hal.o(.constdata__ZTVN8touchgfx3HALE)
 <LI><a href="#[c9]">touchgfx::HAL::setFrameBufferStartAddress(void*, unsigned short, bool, bool)</a> from hal.o(i._ZN8touchgfx3HAL26setFrameBufferStartAddressEPvtbb) referenced from stm32f4hal.o(.constdata__ZTV10STM32F4HAL)
 <LI><a href="#[c9]">touchgfx::HAL::setFrameBufferStartAddress(void*, unsigned short, bool, bool)</a> from hal.o(i._ZN8touchgfx3HAL26setFrameBufferStartAddressEPvtbb) referenced from hal.o(.constdata__ZTVN8touchgfx3HALE)
 <LI><a href="#[d2]">touchgfx::HAL::performDisplayOrientationChange()</a> from hal.o(i._ZN8touchgfx3HAL31performDisplayOrientationChangeEv) referenced from stm32f4hal.o(.constdata__ZTV10STM32F4HAL)
 <LI><a href="#[d2]">touchgfx::HAL::performDisplayOrientationChange()</a> from hal.o(i._ZN8touchgfx3HAL31performDisplayOrientationChangeEv) referenced from hal.o(.constdata__ZTVN8touchgfx3HALE)
 <LI><a href="#[cc]">touchgfx::HAL::tick()</a> from hal.o(.text) referenced from stm32f4hal.o(.constdata__ZTV10STM32F4HAL)
 <LI><a href="#[cc]">touchgfx::HAL::tick()</a> from hal.o(.text) referenced from hal.o(.constdata__ZTVN8touchgfx3HALE)
 <LI><a href="#[d0]">touchgfx::HAL::touch(int, int)</a> from hal.o(.text) referenced from stm32f4hal.o(.constdata__ZTV10STM32F4HAL)
 <LI><a href="#[d0]">touchgfx::HAL::touch(int, int)</a> from hal.o(.text) referenced from hal.o(.constdata__ZTVN8touchgfx3HALE)
 <LI><a href="#[d1]">touchgfx::HAL::noTouch()</a> from hal.o(.text) referenced from stm32f4hal.o(.constdata__ZTV10STM32F4HAL)
 <LI><a href="#[d1]">touchgfx::HAL::noTouch()</a> from hal.o(.text) referenced from hal.o(.constdata__ZTVN8touchgfx3HALE)
 <LI><a href="#[bd]">touchgfx::HAL::blitCopy(const unsigned short*, unsigned short, unsigned short, unsigned short, unsigned short, unsigned short, unsigned char, bool)</a> from hal.o(.text) referenced from stm32f4hal.o(.constdata__ZTV10STM32F4HAL)
 <LI><a href="#[bd]">touchgfx::HAL::blitCopy(const unsigned short*, unsigned short, unsigned short, unsigned short, unsigned short, unsigned short, unsigned char, bool)</a> from hal.o(.text) referenced from hal.o(.constdata__ZTVN8touchgfx3HALE)
 <LI><a href="#[c0]">touchgfx::HAL::blitFill(touchgfx::colortype, unsigned short, unsigned short, unsigned short, unsigned short, unsigned char)</a> from hal.o(.text) referenced from stm32f4hal.o(.constdata__ZTV10STM32F4HAL)
 <LI><a href="#[c0]">touchgfx::HAL::blitFill(touchgfx::colortype, unsigned short, unsigned short, unsigned short, unsigned short, unsigned char)</a> from hal.o(.text) referenced from hal.o(.constdata__ZTVN8touchgfx3HALE)
 <LI><a href="#[ce]">touchgfx::HAL::endFrame()</a> from hal.o(.text) referenced from stm32f4hal.o(.constdata__ZTV10STM32F4HAL)
 <LI><a href="#[ce]">touchgfx::HAL::endFrame()</a> from hal.o(.text) referenced from hal.o(.constdata__ZTVN8touchgfx3HALE)
 <LI><a href="#[b4]">touchgfx::HAL::flushDMA()</a> from hal.o(.text) referenced from stm32f4hal.o(.constdata__ZTV10STM32F4HAL)
 <LI><a href="#[b4]">touchgfx::HAL::flushDMA()</a> from hal.o(.text) referenced from hal.o(.constdata__ZTVN8touchgfx3HALE)
 <LI><a href="#[ba]">touchgfx::HAL::blockCopy(void*, const void*, unsigned)</a> from hal.o(.text) referenced from stm32f4hal.o(.constdata__ZTV10STM32F4HAL)
 <LI><a href="#[ba]">touchgfx::HAL::blockCopy(void*, const void*, unsigned)</a> from hal.o(.text) referenced from hal.o(.constdata__ZTVN8touchgfx3HALE)
 <LI><a href="#[ca]">touchgfx::HAL::taskDelay(unsigned short)</a> from hal.o(i._ZN8touchgfx3HAL9taskDelayEt) referenced from stm32f4hal.o(.constdata__ZTV10STM32F4HAL)
 <LI><a href="#[ca]">touchgfx::HAL::taskDelay(unsigned short)</a> from hal.o(i._ZN8touchgfx3HAL9taskDelayEt) referenced from hal.o(.constdata__ZTVN8touchgfx3HALE)
 <LI><a href="#[b0]">touchgfx::HAL::taskEntry()</a> from hal.o(.text) referenced from stm32f4hal.o(.constdata__ZTV10STM32F4HAL)
 <LI><a href="#[b0]">touchgfx::HAL::taskEntry()</a> from hal.o(.text) referenced from hal.o(.constdata__ZTVN8touchgfx3HALE)
 <LI><a href="#[11]">touchgfx::LCD::drawStringLTR(const touchgfx::Rect&, const touchgfx::Rect&, const touchgfx::LCD::StringVisuals&, const unsigned short*, std::__va_list)</a> from lcd.o(.text) referenced 2 times from texts.o(.data)
 <LI><a href="#[a0]">touchgfx::LCD::drawStringRTLInternal(short&, const touchgfx::Font*, unsigned char, touchgfx::TextProvider&, int, bool, const touchgfx::LCD::DrawStringInternalStruct*)</a> from lcd.o(.text) referenced from lcd.o(.constdata)
 <LI><a href="#[9f]">touchgfx::LCD::drawStringWidthInternal(short&, const touchgfx::Font*, unsigned char, touchgfx::TextProvider&, int, bool, const touchgfx::LCD::DrawStringInternalStruct*)</a> from lcd.o(.text) referenced 2 times from font.o(.constdata)
 <LI><a href="#[78]">touchgfx::Rect::Rect()</a> from application.o(i._ZN8touchgfx4RectC1Ev) referenced 2 times from application.o(.text)
 <LI><a href="#[83]">touchgfx::BlitOp::BlitOp()</a> from stm32f4dma.o(i._ZN8touchgfx6BlitOpC1Ev) referenced from stm32f4dma.o(i._ZN10STM32F4DMAC1Ev)
 <LI><a href="#[139]">touchgfx::Button::setBitmaps(const touchgfx::Bitmap&, const touchgfx::Bitmap&)</a> from button.o(.text) referenced from buttonwithlabel.o(.constdata__ZTVN8touchgfx15ButtonWithLabelE)
 <LI><a href="#[139]">touchgfx::Button::setBitmaps(const touchgfx::Bitmap&, const touchgfx::Bitmap&)</a> from button.o(.text) referenced from button.o(.constdata__ZTVN8touchgfx6ButtonE)
 <LI><a href="#[166]">touchgfx::Screen::setupScreen()</a> from screen.o(i._ZN8touchgfx6Screen11setupScreenEv) referenced from screen.o(.constdata__ZTVN8touchgfx6ScreenE)
 <LI><a href="#[dc]">touchgfx::Screen::handleKeyEvent(unsigned char)</a> from screen.o(i._ZN8touchgfx6Screen14handleKeyEventEh) referenced from updataview.o(.constdata__ZTV10UPDATAView)
 <LI><a href="#[dc]">touchgfx::Screen::handleKeyEvent(unsigned char)</a> from screen.o(i._ZN8touchgfx6Screen14handleKeyEventEh) referenced from didviewbase.o(.constdata__ZTV11DIDViewBase)
 <LI><a href="#[dc]">touchgfx::Screen::handleKeyEvent(unsigned char)</a> from screen.o(i._ZN8touchgfx6Screen14handleKeyEventEh) referenced from dtcviewbase.o(.constdata__ZTV11DTCViewBase)
 <LI><a href="#[dc]">touchgfx::Screen::handleKeyEvent(unsigned char)</a> from screen.o(i._ZN8touchgfx6Screen14handleKeyEventEh) referenced from keyviewbase.o(.constdata__ZTV11KEYViewBase)
 <LI><a href="#[dc]">touchgfx::Screen::handleKeyEvent(unsigned char)</a> from screen.o(i._ZN8touchgfx6Screen14handleKeyEventEh) referenced from updataviewbase.o(.constdata__ZTV14UPDATAViewBase)
 <LI><a href="#[dc]">touchgfx::Screen::handleKeyEvent(unsigned char)</a> from screen.o(i._ZN8touchgfx6Screen14handleKeyEventEh) referenced from didview.o(.constdata__ZTV7DIDView)
 <LI><a href="#[dc]">touchgfx::Screen::handleKeyEvent(unsigned char)</a> from screen.o(i._ZN8touchgfx6Screen14handleKeyEventEh) referenced from dtcview.o(.constdata__ZTV7DTCView)
 <LI><a href="#[dc]">touchgfx::Screen::handleKeyEvent(unsigned char)</a> from screen.o(i._ZN8touchgfx6Screen14handleKeyEventEh) referenced from keyview.o(.constdata__ZTV7KEYView)
 <LI><a href="#[dc]">touchgfx::Screen::handleKeyEvent(unsigned char)</a> from screen.o(i._ZN8touchgfx6Screen14handleKeyEventEh) referenced from screen.o(.constdata__ZTVN8touchgfx6ScreenE)
 <LI><a href="#[df]">touchgfx::Screen::tearDownScreen()</a> from screen.o(i._ZN8touchgfx6Screen14tearDownScreenEv) referenced from didviewbase.o(.constdata__ZTV11DIDViewBase)
 <LI><a href="#[df]">touchgfx::Screen::tearDownScreen()</a> from screen.o(i._ZN8touchgfx6Screen14tearDownScreenEv) referenced from dtcviewbase.o(.constdata__ZTV11DTCViewBase)
 <LI><a href="#[df]">touchgfx::Screen::tearDownScreen()</a> from screen.o(i._ZN8touchgfx6Screen14tearDownScreenEv) referenced from keyviewbase.o(.constdata__ZTV11KEYViewBase)
 <LI><a href="#[df]">touchgfx::Screen::tearDownScreen()</a> from screen.o(i._ZN8touchgfx6Screen14tearDownScreenEv) referenced from homeviewbase.o(.constdata__ZTV12HOMEViewBase)
 <LI><a href="#[df]">touchgfx::Screen::tearDownScreen()</a> from screen.o(i._ZN8touchgfx6Screen14tearDownScreenEv) referenced from updataviewbase.o(.constdata__ZTV14UPDATAViewBase)
 <LI><a href="#[df]">touchgfx::Screen::tearDownScreen()</a> from screen.o(i._ZN8touchgfx6Screen14tearDownScreenEv) referenced from screen.o(.constdata__ZTVN8touchgfx6ScreenE)
 <LI><a href="#[d6]">touchgfx::Screen::afterTransition()</a> from screen.o(i._ZN8touchgfx6Screen15afterTransitionEv) referenced from updataview.o(.constdata__ZTV10UPDATAView)
 <LI><a href="#[d6]">touchgfx::Screen::afterTransition()</a> from screen.o(i._ZN8touchgfx6Screen15afterTransitionEv) referenced from didviewbase.o(.constdata__ZTV11DIDViewBase)
 <LI><a href="#[d6]">touchgfx::Screen::afterTransition()</a> from screen.o(i._ZN8touchgfx6Screen15afterTransitionEv) referenced from dtcviewbase.o(.constdata__ZTV11DTCViewBase)
 <LI><a href="#[d6]">touchgfx::Screen::afterTransition()</a> from screen.o(i._ZN8touchgfx6Screen15afterTransitionEv) referenced from keyviewbase.o(.constdata__ZTV11KEYViewBase)
 <LI><a href="#[d6]">touchgfx::Screen::afterTransition()</a> from screen.o(i._ZN8touchgfx6Screen15afterTransitionEv) referenced from homeviewbase.o(.constdata__ZTV12HOMEViewBase)
 <LI><a href="#[d6]">touchgfx::Screen::afterTransition()</a> from screen.o(i._ZN8touchgfx6Screen15afterTransitionEv) referenced from updataviewbase.o(.constdata__ZTV14UPDATAViewBase)
 <LI><a href="#[d6]">touchgfx::Screen::afterTransition()</a> from screen.o(i._ZN8touchgfx6Screen15afterTransitionEv) referenced from didview.o(.constdata__ZTV7DIDView)
 <LI><a href="#[d6]">touchgfx::Screen::afterTransition()</a> from screen.o(i._ZN8touchgfx6Screen15afterTransitionEv) referenced from dtcview.o(.constdata__ZTV7DTCView)
 <LI><a href="#[d6]">touchgfx::Screen::afterTransition()</a> from screen.o(i._ZN8touchgfx6Screen15afterTransitionEv) referenced from keyview.o(.constdata__ZTV7KEYView)
 <LI><a href="#[d6]">touchgfx::Screen::afterTransition()</a> from screen.o(i._ZN8touchgfx6Screen15afterTransitionEv) referenced from homeview.o(.constdata__ZTV8HOMEView)
 <LI><a href="#[d6]">touchgfx::Screen::afterTransition()</a> from screen.o(i._ZN8touchgfx6Screen15afterTransitionEv) referenced from screen.o(.constdata__ZTVN8touchgfx6ScreenE)
 <LI><a href="#[d9]">touchgfx::Screen::handleDragEvent(const touchgfx::DragEvent&)</a> from screen.o(.text) referenced from updataview.o(.constdata__ZTV10UPDATAView)
 <LI><a href="#[d9]">touchgfx::Screen::handleDragEvent(const touchgfx::DragEvent&)</a> from screen.o(.text) referenced from didviewbase.o(.constdata__ZTV11DIDViewBase)
 <LI><a href="#[d9]">touchgfx::Screen::handleDragEvent(const touchgfx::DragEvent&)</a> from screen.o(.text) referenced from dtcviewbase.o(.constdata__ZTV11DTCViewBase)
 <LI><a href="#[d9]">touchgfx::Screen::handleDragEvent(const touchgfx::DragEvent&)</a> from screen.o(.text) referenced from keyviewbase.o(.constdata__ZTV11KEYViewBase)
 <LI><a href="#[d9]">touchgfx::Screen::handleDragEvent(const touchgfx::DragEvent&)</a> from screen.o(.text) referenced from homeviewbase.o(.constdata__ZTV12HOMEViewBase)
 <LI><a href="#[d9]">touchgfx::Screen::handleDragEvent(const touchgfx::DragEvent&)</a> from screen.o(.text) referenced from updataviewbase.o(.constdata__ZTV14UPDATAViewBase)
 <LI><a href="#[d9]">touchgfx::Screen::handleDragEvent(const touchgfx::DragEvent&)</a> from screen.o(.text) referenced from didview.o(.constdata__ZTV7DIDView)
 <LI><a href="#[d9]">touchgfx::Screen::handleDragEvent(const touchgfx::DragEvent&)</a> from screen.o(.text) referenced from dtcview.o(.constdata__ZTV7DTCView)
 <LI><a href="#[d9]">touchgfx::Screen::handleDragEvent(const touchgfx::DragEvent&)</a> from screen.o(.text) referenced from keyview.o(.constdata__ZTV7KEYView)
 <LI><a href="#[d9]">touchgfx::Screen::handleDragEvent(const touchgfx::DragEvent&)</a> from screen.o(.text) referenced from homeview.o(.constdata__ZTV8HOMEView)
 <LI><a href="#[d9]">touchgfx::Screen::handleDragEvent(const touchgfx::DragEvent&)</a> from screen.o(.text) referenced from screen.o(.constdata__ZTVN8touchgfx6ScreenE)
 <LI><a href="#[db]">touchgfx::Screen::handleTickEvent()</a> from screen.o(i._ZN8touchgfx6Screen15handleTickEventEv) referenced from updataview.o(.constdata__ZTV10UPDATAView)
 <LI><a href="#[db]">touchgfx::Screen::handleTickEvent()</a> from screen.o(i._ZN8touchgfx6Screen15handleTickEventEv) referenced from didviewbase.o(.constdata__ZTV11DIDViewBase)
 <LI><a href="#[db]">touchgfx::Screen::handleTickEvent()</a> from screen.o(i._ZN8touchgfx6Screen15handleTickEventEv) referenced from dtcviewbase.o(.constdata__ZTV11DTCViewBase)
 <LI><a href="#[db]">touchgfx::Screen::handleTickEvent()</a> from screen.o(i._ZN8touchgfx6Screen15handleTickEventEv) referenced from keyviewbase.o(.constdata__ZTV11KEYViewBase)
 <LI><a href="#[db]">touchgfx::Screen::handleTickEvent()</a> from screen.o(i._ZN8touchgfx6Screen15handleTickEventEv) referenced from homeviewbase.o(.constdata__ZTV12HOMEViewBase)
 <LI><a href="#[db]">touchgfx::Screen::handleTickEvent()</a> from screen.o(i._ZN8touchgfx6Screen15handleTickEventEv) referenced from updataviewbase.o(.constdata__ZTV14UPDATAViewBase)
 <LI><a href="#[db]">touchgfx::Screen::handleTickEvent()</a> from screen.o(i._ZN8touchgfx6Screen15handleTickEventEv) referenced from didview.o(.constdata__ZTV7DIDView)
 <LI><a href="#[db]">touchgfx::Screen::handleTickEvent()</a> from screen.o(i._ZN8touchgfx6Screen15handleTickEventEv) referenced from dtcview.o(.constdata__ZTV7DTCView)
 <LI><a href="#[db]">touchgfx::Screen::handleTickEvent()</a> from screen.o(i._ZN8touchgfx6Screen15handleTickEventEv) referenced from keyview.o(.constdata__ZTV7KEYView)
 <LI><a href="#[db]">touchgfx::Screen::handleTickEvent()</a> from screen.o(i._ZN8touchgfx6Screen15handleTickEventEv) referenced from homeview.o(.constdata__ZTV8HOMEView)
 <LI><a href="#[db]">touchgfx::Screen::handleTickEvent()</a> from screen.o(i._ZN8touchgfx6Screen15handleTickEventEv) referenced from screen.o(.constdata__ZTVN8touchgfx6ScreenE)
 <LI><a href="#[d8]">touchgfx::Screen::handleClickEvent(const touchgfx::ClickEvent&)</a> from screen.o(.text) referenced from updataview.o(.constdata__ZTV10UPDATAView)
 <LI><a href="#[d8]">touchgfx::Screen::handleClickEvent(const touchgfx::ClickEvent&)</a> from screen.o(.text) referenced from didviewbase.o(.constdata__ZTV11DIDViewBase)
 <LI><a href="#[d8]">touchgfx::Screen::handleClickEvent(const touchgfx::ClickEvent&)</a> from screen.o(.text) referenced from dtcviewbase.o(.constdata__ZTV11DTCViewBase)
 <LI><a href="#[d8]">touchgfx::Screen::handleClickEvent(const touchgfx::ClickEvent&)</a> from screen.o(.text) referenced from keyviewbase.o(.constdata__ZTV11KEYViewBase)
 <LI><a href="#[d8]">touchgfx::Screen::handleClickEvent(const touchgfx::ClickEvent&)</a> from screen.o(.text) referenced from homeviewbase.o(.constdata__ZTV12HOMEViewBase)
 <LI><a href="#[d8]">touchgfx::Screen::handleClickEvent(const touchgfx::ClickEvent&)</a> from screen.o(.text) referenced from updataviewbase.o(.constdata__ZTV14UPDATAViewBase)
 <LI><a href="#[d8]">touchgfx::Screen::handleClickEvent(const touchgfx::ClickEvent&)</a> from screen.o(.text) referenced from didview.o(.constdata__ZTV7DIDView)
 <LI><a href="#[d8]">touchgfx::Screen::handleClickEvent(const touchgfx::ClickEvent&)</a> from screen.o(.text) referenced from dtcview.o(.constdata__ZTV7DTCView)
 <LI><a href="#[d8]">touchgfx::Screen::handleClickEvent(const touchgfx::ClickEvent&)</a> from screen.o(.text) referenced from keyview.o(.constdata__ZTV7KEYView)
 <LI><a href="#[d8]">touchgfx::Screen::handleClickEvent(const touchgfx::ClickEvent&)</a> from screen.o(.text) referenced from homeview.o(.constdata__ZTV8HOMEView)
 <LI><a href="#[d8]">touchgfx::Screen::handleClickEvent(const touchgfx::ClickEvent&)</a> from screen.o(.text) referenced from screen.o(.constdata__ZTVN8touchgfx6ScreenE)
 <LI><a href="#[da]">touchgfx::Screen::handleGestureEvent(const touchgfx::GestureEvent&)</a> from screen.o(.text) referenced from updataview.o(.constdata__ZTV10UPDATAView)
 <LI><a href="#[da]">touchgfx::Screen::handleGestureEvent(const touchgfx::GestureEvent&)</a> from screen.o(.text) referenced from didviewbase.o(.constdata__ZTV11DIDViewBase)
 <LI><a href="#[da]">touchgfx::Screen::handleGestureEvent(const touchgfx::GestureEvent&)</a> from screen.o(.text) referenced from dtcviewbase.o(.constdata__ZTV11DTCViewBase)
 <LI><a href="#[da]">touchgfx::Screen::handleGestureEvent(const touchgfx::GestureEvent&)</a> from screen.o(.text) referenced from keyviewbase.o(.constdata__ZTV11KEYViewBase)
 <LI><a href="#[da]">touchgfx::Screen::handleGestureEvent(const touchgfx::GestureEvent&)</a> from screen.o(.text) referenced from homeviewbase.o(.constdata__ZTV12HOMEViewBase)
 <LI><a href="#[da]">touchgfx::Screen::handleGestureEvent(const touchgfx::GestureEvent&)</a> from screen.o(.text) referenced from updataviewbase.o(.constdata__ZTV14UPDATAViewBase)
 <LI><a href="#[da]">touchgfx::Screen::handleGestureEvent(const touchgfx::GestureEvent&)</a> from screen.o(.text) referenced from didview.o(.constdata__ZTV7DIDView)
 <LI><a href="#[da]">touchgfx::Screen::handleGestureEvent(const touchgfx::GestureEvent&)</a> from screen.o(.text) referenced from dtcview.o(.constdata__ZTV7DTCView)
 <LI><a href="#[da]">touchgfx::Screen::handleGestureEvent(const touchgfx::GestureEvent&)</a> from screen.o(.text) referenced from keyview.o(.constdata__ZTV7KEYView)
 <LI><a href="#[da]">touchgfx::Screen::handleGestureEvent(const touchgfx::GestureEvent&)</a> from screen.o(.text) referenced from homeview.o(.constdata__ZTV8HOMEView)
 <LI><a href="#[da]">touchgfx::Screen::handleGestureEvent(const touchgfx::GestureEvent&)</a> from screen.o(.text) referenced from screen.o(.constdata__ZTVN8touchgfx6ScreenE)
 <LI><a href="#[d4]">touchgfx::Screen::draw(touchgfx::Rect&)</a> from screen.o(.text) referenced from updataview.o(.constdata__ZTV10UPDATAView)
 <LI><a href="#[d4]">touchgfx::Screen::draw(touchgfx::Rect&)</a> from screen.o(.text) referenced from didviewbase.o(.constdata__ZTV11DIDViewBase)
 <LI><a href="#[d4]">touchgfx::Screen::draw(touchgfx::Rect&)</a> from screen.o(.text) referenced from dtcviewbase.o(.constdata__ZTV11DTCViewBase)
 <LI><a href="#[d4]">touchgfx::Screen::draw(touchgfx::Rect&)</a> from screen.o(.text) referenced from keyviewbase.o(.constdata__ZTV11KEYViewBase)
 <LI><a href="#[d4]">touchgfx::Screen::draw(touchgfx::Rect&)</a> from screen.o(.text) referenced from homeviewbase.o(.constdata__ZTV12HOMEViewBase)
 <LI><a href="#[d4]">touchgfx::Screen::draw(touchgfx::Rect&)</a> from screen.o(.text) referenced from updataviewbase.o(.constdata__ZTV14UPDATAViewBase)
 <LI><a href="#[d4]">touchgfx::Screen::draw(touchgfx::Rect&)</a> from screen.o(.text) referenced from didview.o(.constdata__ZTV7DIDView)
 <LI><a href="#[d4]">touchgfx::Screen::draw(touchgfx::Rect&)</a> from screen.o(.text) referenced from dtcview.o(.constdata__ZTV7DTCView)
 <LI><a href="#[d4]">touchgfx::Screen::draw(touchgfx::Rect&)</a> from screen.o(.text) referenced from keyview.o(.constdata__ZTV7KEYView)
 <LI><a href="#[d4]">touchgfx::Screen::draw(touchgfx::Rect&)</a> from screen.o(.text) referenced from homeview.o(.constdata__ZTV8HOMEView)
 <LI><a href="#[d4]">touchgfx::Screen::draw(touchgfx::Rect&)</a> from screen.o(.text) referenced from screen.o(.constdata__ZTVN8touchgfx6ScreenE)
 <LI><a href="#[165]">touchgfx::Screen::~Screen()</a> from screen.o(i._ZN8touchgfx6ScreenD1Ev) referenced from screen.o(.constdata__ZTVN8touchgfx6ScreenE)
 <LI><a href="#[127]">touchgfx::Widget::getLastChild(short, short, touchgfx::Drawable**)</a> from box.o(i._ZN8touchgfx6Widget12getLastChildEssPPNS_8DrawableE) referenced from togglebutton.o(.constdata__ZTVN8touchgfx12ToggleButtonE)
 <LI><a href="#[127]">touchgfx::Widget::getLastChild(short, short, touchgfx::Drawable**)</a> from box.o(i._ZN8touchgfx6Widget12getLastChildEssPPNS_8DrawableE) referenced from buttonwithlabel.o(.constdata__ZTVN8touchgfx15ButtonWithLabelE)
 <LI><a href="#[127]">touchgfx::Widget::getLastChild(short, short, touchgfx::Drawable**)</a> from box.o(i._ZN8touchgfx6Widget12getLastChildEssPPNS_8DrawableE) referenced from didviewbase.o(.constdata__ZTVN8touchgfx23TextAreaWithOneWildcardE)
 <LI><a href="#[127]">touchgfx::Widget::getLastChild(short, short, touchgfx::Drawable**)</a> from box.o(i._ZN8touchgfx6Widget12getLastChildEssPPNS_8DrawableE) referenced from box.o(.constdata__ZTVN8touchgfx3BoxE)
 <LI><a href="#[127]">touchgfx::Widget::getLastChild(short, short, touchgfx::Drawable**)</a> from box.o(i._ZN8touchgfx6Widget12getLastChildEssPPNS_8DrawableE) referenced from button.o(.constdata__ZTVN8touchgfx6ButtonE)
 <LI><a href="#[127]">touchgfx::Widget::getLastChild(short, short, touchgfx::Drawable**)</a> from box.o(i._ZN8touchgfx6Widget12getLastChildEssPPNS_8DrawableE) referenced from didviewbase.o(.constdata__ZTVN8touchgfx6WidgetE)
 <LI><a href="#[127]">touchgfx::Widget::getLastChild(short, short, touchgfx::Drawable**)</a> from box.o(i._ZN8touchgfx6Widget12getLastChildEssPPNS_8DrawableE) referenced from textarea.o(.constdata__ZTVN8touchgfx8TextAreaE)
 <LI><a href="#[167]">touchgfx::Callback&lang;DIDViewBase, const touchgfx::AbstractButton&, void, void&rang;::execute(const touchgfx::AbstractButton&)</a> from didviewbase.o(t._ZN8touchgfx8CallbackI11DIDViewBaseRKNS_14AbstractButtonEvvE7executeES4_) referenced from didviewbase.o(.constdata__ZTVN8touchgfx8CallbackI11DIDViewBaseRKNS_14AbstractButtonEvvEE)
 <LI><a href="#[169]">touchgfx::Callback&lang;DTCViewBase, const touchgfx::AbstractButton&, void, void&rang;::execute(const touchgfx::AbstractButton&)</a> from dtcviewbase.o(t._ZN8touchgfx8CallbackI11DTCViewBaseRKNS_14AbstractButtonEvvE7executeES4_) referenced from dtcviewbase.o(.constdata__ZTVN8touchgfx8CallbackI11DTCViewBaseRKNS_14AbstractButtonEvvEE)
 <LI><a href="#[16b]">touchgfx::Callback&lang;KEYViewBase, const touchgfx::AbstractButton&, void, void&rang;::execute(const touchgfx::AbstractButton&)</a> from keyviewbase.o(t._ZN8touchgfx8CallbackI11KEYViewBaseRKNS_14AbstractButtonEvvE7executeES4_) referenced from keyviewbase.o(.constdata__ZTVN8touchgfx8CallbackI11KEYViewBaseRKNS_14AbstractButtonEvvEE)
 <LI><a href="#[16d]">touchgfx::Callback&lang;HOMEViewBase, const touchgfx::AbstractButton&, void, void&rang;::execute(const touchgfx::AbstractButton&)</a> from homeviewbase.o(t._ZN8touchgfx8CallbackI12HOMEViewBaseRKNS_14AbstractButtonEvvE7executeES4_) referenced from homeviewbase.o(.constdata__ZTVN8touchgfx8CallbackI12HOMEViewBaseRKNS_14AbstractButtonEvvEE)
 <LI><a href="#[16f]">touchgfx::Callback&lang;UPDATAViewBase, const touchgfx::AbstractButton&, void, void&rang;::execute(const touchgfx::AbstractButton&)</a> from updataviewbase.o(t._ZN8touchgfx8CallbackI14UPDATAViewBaseRKNS_14AbstractButtonEvvE7executeES4_) referenced from updataviewbase.o(.constdata__ZTVN8touchgfx8CallbackI14UPDATAViewBaseRKNS_14AbstractButtonEvvEE)
 <LI><a href="#[171]">touchgfx::Callback&lang;FrontendApplicationBase, void, void, void&rang;::execute()</a> from frontendapplicationbase.o(t._ZN8touchgfx8CallbackI23FrontendApplicationBasevvvE7executeEv) referenced from frontendapplicationbase.o(.constdata__ZTVN8touchgfx8CallbackI23FrontendApplicationBasevvvEE)
[...]
<BR><BR>[Stack]<UL><LI>Max Depth = 8<LI>Call Chain = prvCopyDataFromQueue
</UL>
<BR>[Calls]<UL><LI><a href="#[263]">&gt;&gt;</a>&nbsp;&nbsp;&nbsp;__aeabi_memcpy
</UL>
<BR>[Called By]<UL><LI><a href="#[36e]">&gt;&gt;</a>&nbsp;&nbsp;&nbsp;xQueueReceiveFromISR
<LI><a href="#[352]">&gt;&gt;</a>&nbsp;&nbsp;&nbsp;xQueueReceive
</UL>

<P><STRONG><a name="[37d]"></a>prvCopyDataToQueue</STRONG> (Thumb, 110 bytes, Stack size 24 bytes, queue.o(i.prvCopyDataToQueue))
<BR><BR>[Stack]<UL><LI>Max Depth = 40<LI>Call Chain = prvCopyDataToQueue &rArr; xTaskPriorityDisinherit
</UL>
<BR>[Calls]<UL><LI><a href="#[37e]">&gt;&gt;</a>&nbsp;&nbsp;&nbsp;xTaskPriorityDisinherit
<LI><a href="#[263]">&gt;&gt;</a>&nbsp;&nbsp;&nbsp;__aeabi_memcpy
</UL>
<BR>[Called By]<UL><LI><a href="#[351]">&gt;&gt;</a>&nbsp;&nbsp;&nbsp;xQueueGenericSendFromISR
<LI><a href="#[350]">&gt;&gt;</a>&nbsp;&nbsp;&nbsp;xQueueGenericSend
</UL>

<P><STRONG><a name="[39d]"></a>prvGetDisinheritPriorityAfterTimeout</STRONG> (Thumb, 20 bytes, Stack size 0 bytes, queue.o(i.prvGetDisinheritPriorityAfterTimeout))
<BR><BR>[Called By]<UL><LI><a href="#[353]">&gt;&gt;</a>&nbsp;&nbsp;&nbsp;xQueueSemaphoreTake
</UL>

<P><STRONG><a name="[380]"></a>prvInitialiseNewQueue</STRONG> (Thumb, 24 bytes, Stack size 0 bytes, queue.o(i.prvInitialiseNewQueue))
<BR><BR>[Stack]<UL><LI>Max Depth = 40<LI>Call Chain = prvInitialiseNewQueue &rArr; xQueueGenericReset &rArr; xTaskRemoveFromEventList
</UL>
<BR>[Calls]<UL><LI><a href="#[381]">&gt;&gt;</a>&nbsp;&nbsp;&nbsp;xQueueGenericReset
</UL>
<BR>[Called By]<UL><LI><a href="#[36d]">&gt;&gt;</a>&nbsp;&nbsp;&nbsp;xQueueGenericCreateStatic
<LI><a href="#[34f]">&gt;&gt;</a>&nbsp;&nbsp;&nbsp;xQueueGenericCreate
</UL>

<P><STRONG><a name="[386]"></a>prvIsQueueEmpty</STRONG> (Thumb, 26 bytes, Stack size 8 bytes, queue.o(i.prvIsQueueEmpty))
<BR><BR>[Stack]<UL><LI>Max Depth = 8<LI>Call Chain = prvIsQueueEmpty
</UL>
<BR>[Calls]<UL><LI><a href="#[379]">&gt;&gt;</a>&nbsp;&nbsp;&nbsp;vPortExitCritical
<LI><a href="#[377]">&gt;&gt;</a>&nbsp;&nbsp;&nbsp;vPortEnterCritical
</UL>
<BR>[Called By]<UL><LI><a href="#[353]">&gt;&gt;</a>&nbsp;&nbsp;&nbsp;xQueueSemaphoreTake
<LI><a href="#[352]">&gt;&gt;</a>&nbsp;&nbsp;&nbsp;xQueueReceive
</UL>

<P><STRONG><a name="[387]"></a>prvIsQueueFull</STRONG> (Thumb, 30 bytes, Stack size 8 bytes, queue.o(i.prvIsQueueFull))
<BR><BR>[Stack]<UL><LI>Max Depth = 8<LI>Call Chain = prvIsQueueFull
</UL>
<BR>[Calls]<UL><LI><a href="#[379]">&gt;&gt;</a>&nbsp;&nbsp;&nbsp;vPortExitCritical
<LI><a href="#[377]">&gt;&gt;</a>&nbsp;&nbsp;&nbsp;vPortEnterCritical
</UL>
<BR>[Called By]<UL><LI><a href="#[350]">&gt;&gt;</a>&nbsp;&nbsp;&nbsp;xQueueGenericSend
</UL>

<P><STRONG><a name="[388]"></a>prvUnlockQueue</STRONG> (Thumb, 106 bytes, Stack size 24 bytes, queue.o(i.prvUnlockQueue))
<BR><BR>[Stack]<UL><LI>Max Depth = 48<LI>Call Chain = prvUnlockQueue &rArr; xTaskRemoveFromEventList
</UL>
<BR>[Calls]<UL><LI><a href="#[379]">&gt;&gt;</a>&nbsp;&nbsp;&nbsp;vPortExitCritical
<LI><a href="#[377]">&gt;&gt;</a>&nbsp;&nbsp;&nbsp;vPortEnterCritical
<LI><a href="#[389]">&gt;&gt;</a>&nbsp;&nbsp;&nbsp;xTaskRemoveFromEventList
<LI><a href="#[38a]">&gt;&gt;</a>&nbsp;&nbsp;&nbsp;vTaskMissedYield
</UL>
<BR>[Called By]<UL><LI><a href="#[353]">&gt;&gt;</a>&nbsp;&nbsp;&nbsp;xQueueSemaphoreTake
<LI><a href="#[352]">&gt;&gt;</a>&nbsp;&nbsp;&nbsp;xQueueReceive
<LI><a href="#[350]">&gt;&gt;</a>&nbsp;&nbsp;&nbsp;xQueueGenericSend
</UL>

<P><STRONG><a name="[372]"></a>prvAddCurrentTaskToDelayedList</STRONG> (Thumb, 104 bytes, Stack size 24 bytes, tasks.o(i.prvAddCurrentTaskToDelayedList))
<BR><BR>[Stack]<UL><LI>Max Depth = 36<LI>Call Chain = prvAddCurrentTaskToDelayedList &rArr; vListInsert
</UL>
<BR>[Calls]<UL><LI><a href="#[374]">&gt;&gt;</a>&nbsp;&nbsp;&nbsp;vListInsertEnd
<LI><a href="#[375]">&gt;&gt;</a>&nbsp;&nbsp;&nbsp;vListInsert
<LI><a href="#[373]">&gt;&gt;</a>&nbsp;&nbsp;&nbsp;uxListRemove
</UL>
<BR>[Called By]<UL><LI><a href="#[367]">&gt;&gt;</a>&nbsp;&nbsp;&nbsp;vTaskDelay
<LI><a href="#[392]">&gt;&gt;</a>&nbsp;&nbsp;&nbsp;vTaskPlaceOnEventList
</UL>

<P><STRONG><a name="[376]"></a>prvAddNewTaskToReadyList</STRONG> (Thumb, 124 bytes, Stack size 16 bytes, tasks.o(i.prvAddNewTaskToReadyList))
<BR><BR>[Stack]<UL><LI>Max Depth = 32<LI>Call Chain = prvAddNewTaskToReadyList &rArr; prvInitialiseTaskLists
</UL>
<BR>[Calls]<UL><LI><a href="#[374]">&gt;&gt;</a>&nbsp;&nbsp;&nbsp;vListInsertEnd
<LI><a href="#[379]">&gt;&gt;</a>&nbsp;&nbsp;&nbsp;vPortExitCritical
<LI><a href="#[377]">&gt;&gt;</a>&nbsp;&nbsp;&nbsp;vPortEnterCritical
<LI><a href="#[378]">&gt;&gt;</a>&nbsp;&nbsp;&nbsp;prvInitialiseTaskLists
</UL>
<BR>[Called By]<UL><LI><a href="#[370]">&gt;&gt;</a>&nbsp;&nbsp;&nbsp;xTaskCreateStatic
<LI><a href="#[371]">&gt;&gt;</a>&nbsp;&nbsp;&nbsp;xTaskCreate
</UL>

<P><STRONG><a name="[37a]"></a>prvCheckTasksWaitingTermination</STRONG> (Thumb, 52 bytes, Stack size 16 bytes, tasks.o(i.prvCheckTasksWaitingTermination))
<BR><BR>[Stack]<UL><LI>Max Depth = 88<LI>Call Chain = prvCheckTasksWaitingTermination &rArr; prvDeleteTCB &rArr; vPortFree &rArr; xTaskResumeAll &rArr; xTaskIncrementTick
</UL>
<BR>[Calls]<UL><LI><a href="#[373]">&gt;&gt;</a>&nbsp;&nbsp;&nbsp;uxListRemove
<LI><a href="#[379]">&gt;&gt;</a>&nbsp;&nbsp;&nbsp;vPortExitCritical
<LI><a href="#[377]">&gt;&gt;</a>&nbsp;&nbsp;&nbsp;vPortEnterCritical
<LI><a href="#[37b]">&gt;&gt;</a>&nbsp;&nbsp;&nbsp;prvDeleteTCB
</UL>
<BR>[Called By]<UL><LI><a href="#[8a]">&gt;&gt;</a>&nbsp;&nbsp;&nbsp;prvIdleTask
</UL>

<P><STRONG><a name="[37b]"></a>prvDeleteTCB</STRONG> (Thumb, 64 bytes, Stack size 8 bytes, tasks.o(i.prvDeleteTCB))
<BR><BR>[Stack]<UL><LI>Max Depth = 72<LI>Call Chain = prvDeleteTCB &rArr; vPortFree &rArr; xTaskResumeAll &rArr; xTaskIncrementTick
</UL>
<BR>[Calls]<UL><LI><a href="#[37f]">&gt;&gt;</a>&nbsp;&nbsp;&nbsp;vPortFree
</UL>
<BR>[Called By]<UL><LI><a href="#[37a]">&gt;&gt;</a>&nbsp;&nbsp;&nbsp;prvCheckTasksWaitingTermination
</UL>

<P><STRONG><a name="[8a]"></a>prvIdleTask</STRONG> (Thumb, 30 bytes, Stack size 0 bytes, tasks.o(i.prvIdleTask))
<BR><BR>[Stack]<UL><LI>Max Depth = 88<LI>Call Chain = prvIdleTask &rArr; prvCheckTasksWaitingTermination &rArr; prvDeleteTCB &rArr; vPortFree &rArr; xTaskResumeAll &rArr; xTaskIncrementTick
</UL>
<BR>[Calls]<UL><LI><a href="#[37a]">&gt;&gt;</a>&nbsp;&nbsp;&nbsp;prvCheckTasksWaitingTermination
</UL>
<BR>[Address Reference Count : 1]<UL><LI> tasks.o(i.vTaskStartScheduler)
</UL>
<P><STRONG><a name="[382]"></a>prvInitialiseNewTask</STRONG> (Thumb, 146 bytes, Stack size 32 bytes, tasks.o(i.prvInitialiseNewTask))
<BR><BR>[Stack]<UL><LI>Max Depth = 32<LI>Call Chain = prvInitialiseNewTask
</UL>
<BR>[Calls]<UL><LI><a href="#[383]">&gt;&gt;</a>&nbsp;&nbsp;&nbsp;vListInitialiseItem
<LI><a href="#[384]">&gt;&gt;</a>&nbsp;&nbsp;&nbsp;pxPortInitialiseStack
</UL>
<BR>[Called By]<UL><LI><a href="#[370]">&gt;&gt;</a>&nbsp;&nbsp;&nbsp;xTaskCreateStatic
<LI><a href="#[371]">&gt;&gt;</a>&nbsp;&nbsp;&nbsp;xTaskCreate
</UL>

<P><STRONG><a name="[378]"></a>prvInitialiseTaskLists</STRONG> (Thumb, 78 bytes, Stack size 16 bytes, tasks.o(i.prvInitialiseTaskLists))
<BR><BR>[Stack]<UL><LI>Max Depth = 16<LI>Call Chain = prvInitialiseTaskLists
</UL>
<BR>[Calls]<UL><LI><a href="#[385]">&gt;&gt;</a>&nbsp;&nbsp;&nbsp;vListInitialise
</UL>
<BR>[Called By]<UL><LI><a href="#[376]">&gt;&gt;</a>&nbsp;&nbsp;&nbsp;prvAddNewTaskToReadyList
</UL>

<P><STRONG><a name="[39f]"></a>prvResetNextTaskUnblockTime</STRONG> (Thumb, 30 bytes, Stack size 0 bytes, tasks.o(i.prvResetNextTaskUnblockTime))
<BR><BR>[Called By]<UL><LI><a href="#[38f]">&gt;&gt;</a>&nbsp;&nbsp;&nbsp;xTaskResumeAll
<LI><a href="#[2ff]">&gt;&gt;</a>&nbsp;&nbsp;&nbsp;xTaskIncrementTick
</UL>

<P><STRONG><a name="[36a]"></a>inHandlerMode</STRONG> (Thumb, 16 bytes, Stack size 0 bytes, cmsis_os.o(i.inHandlerMode))
<BR><BR>[Called By]<UL><LI><a href="#[250]">&gt;&gt;</a>&nbsp;&nbsp;&nbsp;osMessagePut
<LI><a href="#[2fe]">&gt;&gt;</a>&nbsp;&nbsp;&nbsp;osMessageGet
<LI><a href="#[2f6]">&gt;&gt;</a>&nbsp;&nbsp;&nbsp;osKernelSysTick
</UL>

<P><STRONG><a name="[36f]"></a>makeFreeRtosPriority</STRONG> (Thumb, 12 bytes, Stack size 0 bytes, cmsis_os.o(i.makeFreeRtosPriority))
<BR><BR>[Called By]<UL><LI><a href="#[365]">&gt;&gt;</a>&nbsp;&nbsp;&nbsp;osThreadCreate
</UL>

<P><STRONG><a name="[38d]"></a>prvHeapInit</STRONG> (Thumb, 68 bytes, Stack size 0 bytes, heap_4.o(i.prvHeapInit))
<BR><BR>[Called By]<UL><LI><a href="#[38b]">&gt;&gt;</a>&nbsp;&nbsp;&nbsp;pvPortMalloc
</UL>

<P><STRONG><a name="[38e]"></a>prvInsertBlockIntoFreeList</STRONG> (Thumb, 78 bytes, Stack size 12 bytes, heap_4.o(i.prvInsertBlockIntoFreeList))
<BR><BR>[Stack]<UL><LI>Max Depth = 12<LI>Call Chain = prvInsertBlockIntoFreeList
</UL>
<BR>[Called By]<UL><LI><a href="#[37f]">&gt;&gt;</a>&nbsp;&nbsp;&nbsp;vPortFree
<LI><a href="#[38b]">&gt;&gt;</a>&nbsp;&nbsp;&nbsp;pvPortMalloc
</UL>

<P><STRONG><a name="[89]"></a>prvTaskExitError</STRONG> (Thumb, 40 bytes, Stack size 0 bytes, port.o(i.prvTaskExitError))
<BR>[Address Reference Count : 1]<UL><LI> port.o(i.pxPortInitialiseStack)
</UL>
<P><STRONG><a name="[2d9]"></a>Delay</STRONG> (Thumb, 18 bytes, Stack size 8 bytes, bsp_i2c_touch.o(i.Delay))
<BR><BR>[Stack]<UL><LI>Max Depth = 8<LI>Call Chain = Delay
</UL>
<BR>[Called By]<UL><LI><a href="#[2d7]">&gt;&gt;</a>&nbsp;&nbsp;&nbsp;I2C_ResetChip
</UL>

<P><STRONG><a name="[2da]"></a>I2C_GPIO_Config</STRONG> (Thumb, 2 bytes, Stack size 0 bytes, bsp_i2c_touch.o(i.I2C_GPIO_Config))
<BR><BR>[Called By]<UL><LI><a href="#[260]">&gt;&gt;</a>&nbsp;&nbsp;&nbsp;I2C_Touch_Init
</UL>

<P><STRONG><a name="[363]"></a>i2c_Delay</STRONG> (Thumb, 12 bytes, Stack size 0 bytes, bsp_i2c_touch.o(i.i2c_Delay))
<BR><BR>[Called By]<UL><LI><a href="#[2d2]">&gt;&gt;</a>&nbsp;&nbsp;&nbsp;i2c_WaitAck
<LI><a href="#[2d3]">&gt;&gt;</a>&nbsp;&nbsp;&nbsp;i2c_Stop
<LI><a href="#[2d0]">&gt;&gt;</a>&nbsp;&nbsp;&nbsp;i2c_Start
<LI><a href="#[2d1]">&gt;&gt;</a>&nbsp;&nbsp;&nbsp;i2c_SendByte
<LI><a href="#[2d5]">&gt;&gt;</a>&nbsp;&nbsp;&nbsp;i2c_ReadByte
<LI><a href="#[2d4]">&gt;&gt;</a>&nbsp;&nbsp;&nbsp;i2c_NAck
<LI><a href="#[2d6]">&gt;&gt;</a>&nbsp;&nbsp;&nbsp;i2c_Ack
</UL>

<P><STRONG><a name="[264]"></a>Delay</STRONG> (Thumb, 18 bytes, Stack size 8 bytes, gt9xx.o(i.Delay))
<BR><BR>[Stack]<UL><LI>Max Depth = 8<LI>Call Chain = Delay
</UL>
<BR>[Called By]<UL><LI><a href="#[25f]">&gt;&gt;</a>&nbsp;&nbsp;&nbsp;GTP_Init_Panel
</UL>

<P><STRONG><a name="[25a]"></a>GTP_Get_Info</STRONG> (Thumb, 116 bytes, Stack size 24 bytes, gt9xx.o(i.GTP_Get_Info))
<BR><BR>[Stack]<UL><LI>Max Depth = 216 + Unknown Stack Size
<LI>Call Chain = GTP_Get_Info &rArr; GTP_I2C_Read &rArr; __2printf &rArr; _printf_char_file &rArr; _printf_char_common &rArr; __printf
</UL>
<BR>[Calls]<UL><LI><a href="#[25b]">&gt;&gt;</a>&nbsp;&nbsp;&nbsp;GTP_I2C_Read
<LI><a href="#[220]">&gt;&gt;</a>&nbsp;&nbsp;&nbsp;__2printf
</UL>
<BR>[Called By]<UL><LI><a href="#[25f]">&gt;&gt;</a>&nbsp;&nbsp;&nbsp;GTP_Init_Panel
</UL>

<P><STRONG><a name="[25b]"></a>GTP_I2C_Read</STRONG> (Thumb, 102 bytes, Stack size 48 bytes, gt9xx.o(i.GTP_I2C_Read))
<BR><BR>[Stack]<UL><LI>Max Depth = 192 + Unknown Stack Size
<LI>Call Chain = GTP_I2C_Read &rArr; __2printf &rArr; _printf_char_file &rArr; _printf_char_common &rArr; __printf
</UL>
<BR>[Calls]<UL><LI><a href="#[25c]">&gt;&gt;</a>&nbsp;&nbsp;&nbsp;I2C_Transfer
<LI><a href="#[220]">&gt;&gt;</a>&nbsp;&nbsp;&nbsp;__2printf
</UL>
<BR>[Called By]<UL><LI><a href="#[261]">&gt;&gt;</a>&nbsp;&nbsp;&nbsp;GTP_Read_Version
<LI><a href="#[259]">&gt;&gt;</a>&nbsp;&nbsp;&nbsp;Goodix_TS_Work_Func
<LI><a href="#[25d]">&gt;&gt;</a>&nbsp;&nbsp;&nbsp;GTP_I2C_Test
<LI><a href="#[25a]">&gt;&gt;</a>&nbsp;&nbsp;&nbsp;GTP_Get_Info
</UL>

<P><STRONG><a name="[25d]"></a>GTP_I2C_Test</STRONG> (Thumb, 56 bytes, Stack size 16 bytes, gt9xx.o(i.GTP_I2C_Test))
<BR><BR>[Stack]<UL><LI>Max Depth = 208 + Unknown Stack Size
<LI>Call Chain = GTP_I2C_Test &rArr; GTP_I2C_Read &rArr; __2printf &rArr; _printf_char_file &rArr; _printf_char_common &rArr; __printf
</UL>
<BR>[Calls]<UL><LI><a href="#[25b]">&gt;&gt;</a>&nbsp;&nbsp;&nbsp;GTP_I2C_Read
<LI><a href="#[220]">&gt;&gt;</a>&nbsp;&nbsp;&nbsp;__2printf
</UL>
<BR>[Called By]<UL><LI><a href="#[25f]">&gt;&gt;</a>&nbsp;&nbsp;&nbsp;GTP_Init_Panel
</UL>

<P><STRONG><a name="[25e]"></a>GTP_I2C_Write</STRONG> (Thumb, 76 bytes, Stack size 32 bytes, gt9xx.o(i.GTP_I2C_Write))
<BR><BR>[Stack]<UL><LI>Max Depth = 176 + Unknown Stack Size
<LI>Call Chain = GTP_I2C_Write &rArr; __2printf &rArr; _printf_char_file &rArr; _printf_char_common &rArr; __printf
</UL>
<BR>[Calls]<UL><LI><a href="#[25c]">&gt;&gt;</a>&nbsp;&nbsp;&nbsp;I2C_Transfer
<LI><a href="#[220]">&gt;&gt;</a>&nbsp;&nbsp;&nbsp;__2printf
</UL>
<BR>[Called By]<UL><LI><a href="#[259]">&gt;&gt;</a>&nbsp;&nbsp;&nbsp;Goodix_TS_Work_Func
<LI><a href="#[25f]">&gt;&gt;</a>&nbsp;&nbsp;&nbsp;GTP_Init_Panel
</UL>

<P><STRONG><a name="[265]"></a>GTP_Touch_Down</STRONG> (Thumb, 8 bytes, Stack size 0 bytes, gt9xx.o(i.GTP_Touch_Down))
<BR><BR>[Called By]<UL><LI><a href="#[259]">&gt;&gt;</a>&nbsp;&nbsp;&nbsp;Goodix_TS_Work_Func
</UL>

<P><STRONG><a name="[266]"></a>GTP_Touch_Up</STRONG> (Thumb, 12 bytes, Stack size 0 bytes, gt9xx.o(i.GTP_Touch_Up))
<BR><BR>[Called By]<UL><LI><a href="#[259]">&gt;&gt;</a>&nbsp;&nbsp;&nbsp;Goodix_TS_Work_Func
</UL>

<P><STRONG><a name="[259]"></a>Goodix_TS_Work_Func</STRONG> (Thumb, 150 bytes, Stack size 32 bytes, gt9xx.o(i.Goodix_TS_Work_Func))
<BR><BR>[Stack]<UL><LI>Max Depth = 224 + Unknown Stack Size
<LI>Call Chain = Goodix_TS_Work_Func &rArr; GTP_I2C_Read &rArr; __2printf &rArr; _printf_char_file &rArr; _printf_char_common &rArr; __printf
</UL>
<BR>[Calls]<UL><LI><a href="#[266]">&gt;&gt;</a>&nbsp;&nbsp;&nbsp;GTP_Touch_Up
<LI><a href="#[265]">&gt;&gt;</a>&nbsp;&nbsp;&nbsp;GTP_Touch_Down
<LI><a href="#[25e]">&gt;&gt;</a>&nbsp;&nbsp;&nbsp;GTP_I2C_Write
<LI><a href="#[25b]">&gt;&gt;</a>&nbsp;&nbsp;&nbsp;GTP_I2C_Read
<LI><a href="#[220]">&gt;&gt;</a>&nbsp;&nbsp;&nbsp;__2printf
</UL>
<BR>[Called By]<UL><LI><a href="#[258]">&gt;&gt;</a>&nbsp;&nbsp;&nbsp;GT9xx_GetOnePiont
</UL>

<P><STRONG><a name="[25c]"></a>I2C_Transfer</STRONG> (Thumb, 68 bytes, Stack size 16 bytes, gt9xx.o(i.I2C_Transfer))
<BR><BR>[Stack]<UL><LI>Max Depth = 56<LI>Call Chain = I2C_Transfer &rArr; I2C_WriteBytes &rArr; i2c_WaitAck
</UL>
<BR>[Calls]<UL><LI><a href="#[2dc]">&gt;&gt;</a>&nbsp;&nbsp;&nbsp;I2C_WriteBytes
<LI><a href="#[2cf]">&gt;&gt;</a>&nbsp;&nbsp;&nbsp;I2C_ReadBytes
</UL>
<BR>[Called By]<UL><LI><a href="#[25e]">&gt;&gt;</a>&nbsp;&nbsp;&nbsp;GTP_I2C_Write
<LI><a href="#[25b]">&gt;&gt;</a>&nbsp;&nbsp;&nbsp;GTP_I2C_Read
</UL>

<P><STRONG><a name="[358]"></a>touchgfx::prepareTransition(touchgfx::Screen**, touchgfx::Presenter**, touchgfx::Transition**)</STRONG> (Thumb, 84 bytes, Stack size 16 bytes, frontendapplicationbase.o(i._ZN8touchgfx17prepareTransitionEPPNS_6ScreenEPPNS_9PresenterEPPNS_10TransitionE))
<BR><BR>[Stack]<UL><LI>Max Depth = 16<LI>Call Chain = touchgfx::prepareTransition(touchgfx::Screen**, touchgfx::Presenter**, touchgfx::Transition**)
</UL>
<BR>[Calls]<UL><LI><a href="#[1df]">&gt;&gt;</a>&nbsp;&nbsp;&nbsp;touchgfx::Application::getInstance()
<LI><a href="#[359]">&gt;&gt;</a>&nbsp;&nbsp;&nbsp;touchgfx::Application::clearAllTimerWidgets()
</UL>
<BR>[Called By]<UL><LI><a href="#[344]">&gt;&gt;</a>&nbsp;&nbsp;&nbsp;T2* touchgfx::makeTransition&lang;HOMEView, HOMEPresenter, touchgfx::NoTransition, Model&rang;(touchgfx::Screen**, touchgfx::Presenter**, touchgfx::MVPHeap&, touchgfx::Transition**, T4*)
<LI><a href="#[343]">&gt;&gt;</a>&nbsp;&nbsp;&nbsp;T2* touchgfx::makeTransition&lang;KEYView, KEYPresenter, touchgfx::NoTransition, Model&rang;(touchgfx::Screen**, touchgfx::Presenter**, touchgfx::MVPHeap&, touchgfx::Transition**, T4*)
<LI><a href="#[342]">&gt;&gt;</a>&nbsp;&nbsp;&nbsp;T2* touchgfx::makeTransition&lang;DTCView, DTCPresenter, touchgfx::NoTransition, Model&rang;(touchgfx::Screen**, touchgfx::Presenter**, touchgfx::MVPHeap&, touchgfx::Transition**, T4*)
<LI><a href="#[341]">&gt;&gt;</a>&nbsp;&nbsp;&nbsp;T2* touchgfx::makeTransition&lang;DIDView, DIDPresenter, touchgfx::NoTransition, Model&rang;(touchgfx::Screen**, touchgfx::Presenter**, touchgfx::MVPHeap&, touchgfx::Transition**, T4*)
<LI><a href="#[345]">&gt;&gt;</a>&nbsp;&nbsp;&nbsp;T2* touchgfx::makeTransition&lang;UPDATAView, UPDATAPresenter, touchgfx::NoTransition, Model&rang;(touchgfx::Screen**, touchgfx::Presenter**, touchgfx::MVPHeap&, touchgfx::Transition**, T4*)
</UL>

<P><STRONG><a name="[35a]"></a>touchgfx::finalizeTransition(touchgfx::Screen*, touchgfx::Presenter*, touchgfx::Transition*)</STRONG> (Thumb, 54 bytes, Stack size 16 bytes, frontendapplicationbase.o(i._ZN8touchgfx18finalizeTransitionEPNS_6ScreenEPNS_9PresenterEPNS_10TransitionE))
<BR><BR>[Stack]<UL><LI>Max Depth = 16<LI>Call Chain = touchgfx::finalizeTransition(touchgfx::Screen*, touchgfx::Presenter*, touchgfx::Transition*)
</UL>
<BR>[Calls]<UL><LI><a href="#[1df]">&gt;&gt;</a>&nbsp;&nbsp;&nbsp;touchgfx::Application::getInstance()
<LI><a href="#[35b]">&gt;&gt;</a>&nbsp;&nbsp;&nbsp;touchgfx::Screen::bindTransition(touchgfx::Transition&)
</UL>
<BR>[Called By]<UL><LI><a href="#[344]">&gt;&gt;</a>&nbsp;&nbsp;&nbsp;T2* touchgfx::makeTransition&lang;HOMEView, HOMEPresenter, touchgfx::NoTransition, Model&rang;(touchgfx::Screen**, touchgfx::Presenter**, touchgfx::MVPHeap&, touchgfx::Transition**, T4*)
<LI><a href="#[343]">&gt;&gt;</a>&nbsp;&nbsp;&nbsp;T2* touchgfx::makeTransition&lang;KEYView, KEYPresenter, touchgfx::NoTransition, Model&rang;(touchgfx::Screen**, touchgfx::Presenter**, touchgfx::MVPHeap&, touchgfx::Transition**, T4*)
<LI><a href="#[342]">&gt;&gt;</a>&nbsp;&nbsp;&nbsp;T2* touchgfx::makeTransition&lang;DTCView, DTCPresenter, touchgfx::NoTransition, Model&rang;(touchgfx::Screen**, touchgfx::Presenter**, touchgfx::MVPHeap&, touchgfx::Transition**, T4*)
<LI><a href="#[341]">&gt;&gt;</a>&nbsp;&nbsp;&nbsp;T2* touchgfx::makeTransition&lang;DIDView, DIDPresenter, touchgfx::NoTransition, Model&rang;(touchgfx::Screen**, touchgfx::Presenter**, touchgfx::MVPHeap&, touchgfx::Transition**, T4*)
<LI><a href="#[345]">&gt;&gt;</a>&nbsp;&nbsp;&nbsp;T2* touchgfx::makeTransition&lang;UPDATAView, UPDATAPresenter, touchgfx::NoTransition, Model&rang;(touchgfx::Screen**, touchgfx::Presenter**, touchgfx::MVPHeap&, touchgfx::Transition**, T4*)
</UL>

<P><STRONG><a name="[196]"></a>__sti___9_texts_cpp_454ca793</STRONG> (Thumb, 14 bytes, Stack size 0 bytes, texts.o(i.__sti___9_texts_cpp_454ca793))
<BR>[Address Reference Count : 1]<UL><LI> texts.o(.init_array)
</UL>
<P><STRONG><a name="[197]"></a>__sti___21_typedtextdatabase_cpp_42ef4e5b</STRONG> (Thumb, 24 bytes, Stack size 8 bytes, typedtextdatabase.o(i.__sti___21_typedtextdatabase_cpp_42ef4e5b))
<BR><BR>[Stack]<UL><LI>Max Depth = 124<LI>Call Chain = __sti___21_typedtextdatabase_cpp_42ef4e5b &rArr; getFont_verdana_40_4bpp() &rArr; touchgfx::InternalFlashFont::InternalFlashFont(const touchgfx::GlyphNode*, unsigned short, unsigned short, unsigned char, unsigned char, unsigned char, unsigned char, const unsigned char*, const touchgfx::KerningNode*, unsigned short, unsigned short) &rArr; touchgfx::ConstFont::ConstFont__sub_object(const touchgfx::GlyphNode*, unsigned short, unsigned short, unsigned char, unsigned char, unsigned char, unsigned char, unsigned short, unsigned short)
</UL>
<BR>[Calls]<UL><LI><a href="#[313]">&gt;&gt;</a>&nbsp;&nbsp;&nbsp;getFont_verdana_40_4bpp()
<LI><a href="#[312]">&gt;&gt;</a>&nbsp;&nbsp;&nbsp;getFont_verdana_20_4bpp()
<LI><a href="#[310]">&gt;&gt;</a>&nbsp;&nbsp;&nbsp;getFont_verdana_10_4bpp()
</UL>
<BR>[Address Reference Count : 1]<UL><LI> typedtextdatabase.o(.init_array)
</UL>
<P><STRONG><a name="[7a]"></a>_printf_input_char</STRONG> (Thumb, 10 bytes, Stack size 0 bytes, _printf_char_common.o(.text))
<BR>[Address Reference Count : 1]<UL><LI> _printf_char_common.o(.text)
</UL><P>
<H3>
Undefined Global Symbols
</H3><HR></body></html>
