Component: ARM Compiler 5.06 update 6 (build 750) Tool: armlink [4d35ed]

==============================================================================

Section Cross References

    startup_stm32f429xx.o(STACK) refers (Special) to heapauxi.o(.text) for __use_two_region_memory
    startup_stm32f429xx.o(HEAP) refers (Special) to heapauxi.o(.text) for __use_two_region_memory
    startup_stm32f429xx.o(RESET) refers (Special) to heapauxi.o(.text) for __use_two_region_memory
    startup_stm32f429xx.o(RESET) refers to startup_stm32f429xx.o(STACK) for __initial_sp
    startup_stm32f429xx.o(RESET) refers to startup_stm32f429xx.o(.text) for Reset_Handler
    startup_stm32f429xx.o(RESET) refers to stm32f4xx_it.o(i.NMI_Handler) for NMI_Handler
    startup_stm32f429xx.o(RESET) refers to stm32f4xx_it.o(i.HardFault_Handler) for HardFault_Handler
    startup_stm32f429xx.o(RESET) refers to stm32f4xx_it.o(i.MemManage_Handler) for MemManage_Handler
    startup_stm32f429xx.o(RESET) refers to stm32f4xx_it.o(i.BusFault_Handler) for BusFault_Handler
    startup_stm32f429xx.o(RESET) refers to stm32f4xx_it.o(i.UsageFault_Handler) for UsageFault_Handler
    startup_stm32f429xx.o(RESET) refers to port.o(.emb_text) for SVC_Handler
    startup_stm32f429xx.o(RESET) refers to stm32f4xx_it.o(i.DebugMon_Handler) for DebugMon_Handler
    startup_stm32f429xx.o(RESET) refers to port.o(i.SysTick_Handler) for SysTick_Handler
    startup_stm32f429xx.o(RESET) refers to stm32f4xx_it.o(i.SDIO_IRQHandler) for SDIO_IRQHandler
    startup_stm32f429xx.o(RESET) refers to stm32f4xx_it.o(i.TIM6_DAC_IRQHandler) for TIM6_DAC_IRQHandler
    startup_stm32f429xx.o(RESET) refers to stm32f4xx_it.o(i.DMA2_Stream3_IRQHandler) for DMA2_Stream3_IRQHandler
    startup_stm32f429xx.o(RESET) refers to stm32f4xx_it.o(i.DMA2_Stream6_IRQHandler) for DMA2_Stream6_IRQHandler
    startup_stm32f429xx.o(RESET) refers to stm32f4xx_it.o(i.LTDC_IRQHandler) for LTDC_IRQHandler
    startup_stm32f429xx.o(RESET) refers to stm32f4xx_it.o(i.DMA2D_IRQHandler) for DMA2D_IRQHandler
    startup_stm32f429xx.o(.text) refers (Special) to heapauxi.o(.text) for __use_two_region_memory
    startup_stm32f429xx.o(.text) refers to system_stm32f4xx.o(i.SystemInit) for SystemInit
    startup_stm32f429xx.o(.text) refers to __main.o(!!!main) for __main
    startup_stm32f429xx.o(.text) refers to startup_stm32f429xx.o(HEAP) for Heap_Mem
    startup_stm32f429xx.o(.text) refers to startup_stm32f429xx.o(STACK) for Stack_Mem
    main.o(i.HAL_TIM_PeriodElapsedCallback) refers to stm32f4xx_hal.o(i.HAL_IncTick) for HAL_IncTick
    main.o(i.MX_SPI5_Init) refers to stm32f4xx_hal_spi.o(i.HAL_SPI_Init) for HAL_SPI_Init
    main.o(i.MX_SPI5_Init) refers to main.o(i.Error_Handler) for Error_Handler
    main.o(i.MX_SPI5_Init) refers to main.o(.bss) for .bss
    main.o(i.SystemClock_Config) refers to rt_memclr_w.o(.text) for __aeabi_memclr4
    main.o(i.SystemClock_Config) refers to stm32f4xx_hal_rcc.o(i.HAL_RCC_OscConfig) for HAL_RCC_OscConfig
    main.o(i.SystemClock_Config) refers to main.o(i.Error_Handler) for Error_Handler
    main.o(i.SystemClock_Config) refers to stm32f4xx_hal_pwr_ex.o(i.HAL_PWREx_EnableOverDrive) for HAL_PWREx_EnableOverDrive
    main.o(i.SystemClock_Config) refers to stm32f4xx_hal_rcc.o(i.HAL_RCC_ClockConfig) for HAL_RCC_ClockConfig
    main.o(i.SystemClock_Config) refers to stm32f4xx_hal_rcc_ex.o(i.HAL_RCCEx_PeriphCLKConfig) for HAL_RCCEx_PeriphCLKConfig
    main.o(i._Z11MX_CRC_Initv) refers to stm32f4xx_hal_crc.o(i.HAL_CRC_Init) for HAL_CRC_Init
    main.o(i._Z11MX_CRC_Initv) refers to main.o(i.Error_Handler) for Error_Handler
    main.o(i._Z11MX_CRC_Initv) refers to main.o(.data) for .data
    main.o(i._Z11MX_DMA_Initv) refers to stm32f4xx_hal_cortex.o(i.HAL_NVIC_SetPriority) for HAL_NVIC_SetPriority
    main.o(i._Z11MX_DMA_Initv) refers to stm32f4xx_hal_cortex.o(i.HAL_NVIC_EnableIRQ) for HAL_NVIC_EnableIRQ
    main.o(i._Z12MX_GPIO_Initv) refers to rt_memclr_w.o(.text) for __aeabi_memclr4
    main.o(i._Z12MX_GPIO_Initv) refers to stm32f4xx_hal_gpio.o(i.HAL_GPIO_WritePin) for HAL_GPIO_WritePin
    main.o(i._Z12MX_GPIO_Initv) refers to stm32f4xx_hal_gpio.o(i.HAL_GPIO_Init) for HAL_GPIO_Init
    main.o(i._Z12StartLEDTaskPKv) refers to stm32f4xx_hal_gpio.o(i.HAL_GPIO_TogglePin) for HAL_GPIO_TogglePin
    main.o(i._Z12StartLEDTaskPKv) refers to cmsis_os.o(i.osDelay) for osDelay
    main.o(i._Z13StartTGUITaskPKv) refers to cmsis_os.o(i.osMessageGet) for osMessageGet
    main.o(i._Z13StartTGUITaskPKv) refers to stm32f4xx_hal_gpio.o(i.HAL_GPIO_TogglePin) for HAL_GPIO_TogglePin
    main.o(i._Z13StartTGUITaskPKv) refers to stm32f4xx_hal_gpio.o(i.HAL_GPIO_ReadPin) for HAL_GPIO_ReadPin
    main.o(i._Z13StartTGUITaskPKv) refers to cmsis_os.o(i.osMessagePut) for osMessagePut
    main.o(i._Z13StartTGUITaskPKv) refers to cmsis_os.o(i.osDelay) for osDelay
    main.o(i._Z13StartTGUITaskPKv) refers to main.o(.data) for .data
    main.o(i._Z15MX_SDIO_SD_Initv) refers to main.o(.bss) for .bss
[...]
    0x08009102   0x08009102   0x00000006   Code   RO         7485    i.FATFS_LinkDriver  ff_gen_drv.o
    0x08009108   0x08009108   0x00000040   Code   RO         7486    i.FATFS_LinkDriverEx  ff_gen_drv.o
    0x08009148   0x08009148   0x00000052   Code   RO         2947    i.FMC_SDRAM_Init    stm32f4xx_ll_fmc.o
    0x0800919a   0x0800919a   0x0000000c   Code   RO         2948    i.FMC_SDRAM_ProgramRefreshRate  stm32f4xx_ll_fmc.o
    0x080091a6   0x080091a6   0x00000046   Code   RO         2949    i.FMC_SDRAM_SendCommand  stm32f4xx_ll_fmc.o
    0x080091ec   0x080091ec   0x00000070   Code   RO         2951    i.FMC_SDRAM_Timing_Init  stm32f4xx_ll_fmc.o
    0x0800925c   0x0800925c   0x00000004   Code   RO         9059    i.GT9xx_GetOnePiont  gt9xx.o
    0x08009260   0x08009260   0x000000b0   Code   RO         9060    i.GTP_Get_Info      gt9xx.o
    0x08009310   0x08009310   0x0000006c   Code   RO         9061    i.GTP_I2C_Read      gt9xx.o
    0x0800937c   0x0800937c   0x0000006c   Code   RO         9063    i.GTP_I2C_Test      gt9xx.o
    0x080093e8   0x080093e8   0x00000050   Code   RO         9064    i.GTP_I2C_Write     gt9xx.o
    0x08009438   0x08009438   0x000000cc   Code   RO         9065    i.GTP_Init_Panel    gt9xx.o
    0x08009504   0x08009504   0x0000014c   Code   RO         9066    i.GTP_Read_Version  gt9xx.o
    0x08009650   0x08009650   0x0000000c   Code   RO         9069    i.GTP_Touch_Down    gt9xx.o
    0x0800965c   0x0800965c   0x00000010   Code   RO         9070    i.GTP_Touch_Up      gt9xx.o
    0x0800966c   0x0800966c   0x00000100   Code   RO         9072    i.Goodix_TS_Work_Func  gt9xx.o
    0x0800976c   0x0800976c   0x00000028   Code   RO         4499    i.HAL_CRC_Init      stm32f4xx_hal_crc.o
    0x08009794   0x08009794   0x00000028   Code   RO         2607    i.HAL_CRC_MspInit   stm32f4xx_hal_msp.o
    0x080097bc   0x080097bc   0x0000005e   Code   RO         2731    i.HAL_DMA2D_Abort   stm32f4xx_hal_dma2d.o
    0x0800981a   0x0800981a   0x00000048   Code   RO         2733    i.HAL_DMA2D_BlendingStart_IT  stm32f4xx_hal_dma2d.o
    0x08009862   0x08009862   0x00000002   Code   RO         2736    i.HAL_DMA2D_CLUTLoadingCpltCallback  stm32f4xx_hal_dma2d.o
    0x08009864   0x08009864   0x00000066   Code   RO         2737    i.HAL_DMA2D_CLUTLoading_Abort  stm32f4xx_hal_dma2d.o
    0x080098ca   0x080098ca   0x00000002   PAD
    0x080098cc   0x080098cc   0x000000a4   Code   RO         2742    i.HAL_DMA2D_ConfigLayer  stm32f4xx_hal_dma2d.o
    0x08009970   0x08009970   0x00000088   Code   RO         2743    i.HAL_DMA2D_DeInit  stm32f4xx_hal_dma2d.o
    0x080099f8   0x080099f8   0x0000011e   Code   RO         2749    i.HAL_DMA2D_IRQHandler  stm32f4xx_hal_dma2d.o
    0x08009b16   0x08009b16   0x0000005c   Code   RO         2750    i.HAL_DMA2D_Init    stm32f4xx_hal_dma2d.o
    0x08009b72   0x08009b72   0x00000002   Code   RO         2751    i.HAL_DMA2D_LineEventCallback  stm32f4xx_hal_dma2d.o
    0x08009b74   0x08009b74   0x00000024   Code   RO         2408    i.HAL_DMA2D_MspDeInit  hw_init.o
    0x08009b98   0x08009b98   0x0000003c   Code   RO         2409    i.HAL_DMA2D_MspInit  hw_init.o
    0x08009bd4   0x08009bd4   0x0000003e   Code   RO         2758    i.HAL_DMA2D_Start_IT  stm32f4xx_hal_dma2d.o
    0x08009c12   0x08009c12   0x00000024   Code   RO         6304    i.HAL_DMA_Abort_IT  stm32f4xx_hal_dma.o
    0x08009c36   0x08009c36   0x00000002   PAD
    0x08009c38   0x08009c38   0x000001d0   Code   RO         6308    i.HAL_DMA_IRQHandler  stm32f4xx_hal_dma.o
    0x08009e08   0x08009e08   0x000000d4   Code   RO         6309    i.HAL_DMA_Init      stm32f4xx_hal_dma.o
    0x08009edc   0x08009edc   0x00000078   Code   RO         6313    i.HAL_DMA_Start_IT  stm32f4xx_hal_dma.o
    0x08009f54   0x08009f54   0x00000024   Code   RO         6740    i.HAL_Delay         stm32f4xx_hal.o
    0x08009f78   0x08009f78   0x00000140   Code   RO         6193    i.HAL_GPIO_DeInit   stm32f4xx_hal_gpio.o
    0x0800a0b8   0x0800a0b8   0x000001e0   Code   RO         6196    i.HAL_GPIO_Init     stm32f4xx_hal_gpio.o
    0x0800a298   0x0800a298   0x0000000e   Code   RO         6198    i.HAL_GPIO_ReadPin  stm32f4xx_hal_gpio.o
    0x0800a2a6   0x0800a2a6   0x00000012   Code   RO         6199    i.HAL_GPIO_TogglePin  stm32f4xx_hal_gpio.o
    0x0800a2b8   0x0800a2b8   0x0000000e   Code   RO         6200    i.HAL_GPIO_WritePin  stm32f4xx_hal_gpio.o
    0x0800a2c6   0x0800a2c6   0x00000002   PAD
    0x0800a2c8   0x0800a2c8   0x0000000c   Code   RO         6748    i.HAL_GetTick       stm32f4xx_hal.o
    0x0800a2d4   0x0800a2d4   0x00000010   Code   RO         6754    i.HAL_IncTick       stm32f4xx_hal.o
    0x0800a2e4   0x0800a2e4   0x00000034   Code   RO         6755    i.HAL_Init          stm32f4xx_hal.o
    0x0800a318   0x0800a318   0x00000074   Code   RO         2691    i.HAL_InitTick      stm32f4xx_hal_timebase_tim.o
    0x0800a38c   0x0800a38c   0x00000054   Code   RO         3266    i.HAL_LTDC_ConfigLayer  stm32f4xx_hal_ltdc.o
    0x0800a3e0   0x0800a3e0   0x00000016   Code   RO         3268    i.HAL_LTDC_DeInit   stm32f4xx_hal_ltdc.o
    0x0800a3f6   0x0800a3f6   0x00000002   Code   RO         3279    i.HAL_LTDC_ErrorCallback  stm32f4xx_hal_ltdc.o
    0x0800a3f8   0x0800a3f8   0x000000ca   Code   RO         3282    i.HAL_LTDC_IRQHandler  stm32f4xx_hal_ltdc.o
    0x0800a4c2   0x0800a4c2   0x00000002   PAD
    0x0800a4c4   0x0800a4c4   0x000000f4   Code   RO         3283    i.HAL_LTDC_Init     stm32f4xx_hal_ltdc.o
    0x0800a5b8   0x0800a5b8   0x00000058   Code   RO         1866    i.HAL_LTDC_LineEventCallback  stm32f4hal.o
    0x0800a610   0x0800a610   0x000000a0   Code   RO         2410    i.HAL_LTDC_MspDeInit  hw_init.o
    0x0800a6b0   0x0800a6b0   0x000001e0   Code   RO         2411    i.HAL_LTDC_MspInit  hw_init.o
    0x0800a890   0x0800a890   0x00000044   Code   RO         3287    i.HAL_LTDC_ProgramLineEvent  stm32f4xx_hal_ltdc.o
    0x0800a8d4   0x0800a8d4   0x00000002   Code   RO         3289    i.HAL_LTDC_ReloadEventCallback  stm32f4xx_hal_ltdc.o
    0x0800a8d6   0x0800a8d6   0x00000002   PAD
    0x0800a8d8   0x0800a8d8   0x00000090   Code   RO         3294    i.HAL_LTDC_SetPitch  stm32f4xx_hal_ltdc.o
    0x0800a968   0x0800a968   0x00000038   Code   RO         2608    i.HAL_MspInit       stm32f4xx_hal_msp.o
    0x0800a9a0   0x0800a9a0   0x00000022   Code   RO         6602    i.HAL_NVIC_DisableIRQ  stm32f4xx_hal_cortex.o
    0x0800a9c2   0x0800a9c2   0x0000001a   Code   RO         6603    i.HAL_NVIC_EnableIRQ  stm32f4xx_hal_cortex.o
    0x0800a9dc   0x0800a9dc   0x00000040   Code   RO         6609    i.HAL_NVIC_SetPriority  stm32f4xx_hal_cortex.o
    0x0800aa1c   0x0800aa1c   0x00000024   Code   RO         6610    i.HAL_NVIC_SetPriorityGrouping  stm32f4xx_hal_cortex.o
    0x0800aa40   0x0800aa40   0x00000074   Code   RO         6532    i.HAL_PWREx_EnableOverDrive  stm32f4xx_hal_pwr_ex.o
    0x0800aab4   0x0800aab4   0x00000248   Code   RO         5847    i.HAL_RCCEx_PeriphCLKConfig  stm32f4xx_hal_rcc_ex.o
    0x0800acfc   0x0800acfc   0x00000144   Code   RO         5740    i.HAL_RCC_ClockConfig  stm32f4xx_hal_rcc.o
    0x0800ae40   0x0800ae40   0x0000003c   Code   RO         5744    i.HAL_RCC_GetClockConfig  stm32f4xx_hal_rcc.o
    0x0800ae7c   0x0800ae7c   0x0000000c   Code   RO         5745    i.HAL_RCC_GetHCLKFreq  stm32f4xx_hal_rcc.o
    0x0800ae88   0x0800ae88   0x00000020   Code   RO         5747    i.HAL_RCC_GetPCLK1Freq  stm32f4xx_hal_rcc.o
    0x0800aea8   0x0800aea8   0x00000020   Code   RO         5748    i.HAL_RCC_GetPCLK2Freq  stm32f4xx_hal_rcc.o
    0x0800aec8   0x0800aec8   0x0000006c   Code   RO         5749    i.HAL_RCC_GetSysClockFreq  stm32f4xx_hal_rcc.o
    0x0800af34   0x0800af34   0x00000390   Code   RO         5752    i.HAL_RCC_OscConfig  stm32f4xx_hal_rcc.o
    0x0800b2c4   0x0800b2c4   0x00000044   Code   RO         3113    i.HAL_SDRAM_Init    stm32f4xx_hal_sdram.o
    0x0800b308   0x0800b308   0x00000004   Code   RO         2413    i.HAL_SDRAM_MspInit  hw_init.o
    0x0800b30c   0x0800b30c   0x00000026   Code   RO         3116    i.HAL_SDRAM_ProgramRefreshRate  stm32f4xx_hal_sdram.o
    0x0800b332   0x0800b332   0x00000038   Code   RO         3122    i.HAL_SDRAM_SendCommand  stm32f4xx_hal_sdram.o
    0x0800b36a   0x0800b36a   0x00000008   Code   RO          341    i.HAL_SD_AbortCallback  bsp_driver_sd.o
    0x0800b372   0x0800b372   0x000000a2   Code   RO         4834    i.HAL_SD_ConfigWideBusOperation  stm32f4xx_hal_sd.o
    0x0800b414   0x0800b414   0x00000002   Code   RO         4837    i.HAL_SD_ErrorCallback  stm32f4xx_hal_sd.o
    0x0800b416   0x0800b416   0x000001de   Code   RO         4839    i.HAL_SD_GetCardCSD  stm32f4xx_hal_sd.o
    0x0800b5f4   0x0800b5f4   0x00000024   Code   RO         4840    i.HAL_SD_GetCardInfo  stm32f4xx_hal_sd.o
    0x0800b618   0x0800b618   0x00000020   Code   RO         4841    i.HAL_SD_GetCardState  stm32f4xx_hal_sd.o
    0x0800b638   0x0800b638   0x000001a4   Code   RO         4845    i.HAL_SD_IRQHandler  stm32f4xx_hal_sd.o
    0x0800b7dc   0x0800b7dc   0x00000038   Code   RO         4846    i.HAL_SD_Init       stm32f4xx_hal_sd.o
    0x0800b814   0x0800b814   0x00000074   Code   RO         4847    i.HAL_SD_InitCard   stm32f4xx_hal_sd.o
    0x0800b888   0x0800b888   0x00000164   Code   RO         2610    i.HAL_SD_MspInit    stm32f4xx_hal_msp.o
    0x0800b9ec   0x0800b9ec   0x0000011c   Code   RO         4851    i.HAL_SD_ReadBlocks_DMA  stm32f4xx_hal_sd.o
    0x0800bb08   0x0800bb08   0x00000008   Code   RO          342    i.HAL_SD_RxCpltCallback  bsp_driver_sd.o
    0x0800bb10   0x0800bb10   0x00000008   Code   RO          343    i.HAL_SD_TxCpltCallback  bsp_driver_sd.o
    0x0800bb18   0x0800bb18   0x00000118   Code   RO         4856    i.HAL_SD_WriteBlocks_DMA  stm32f4xx_hal_sd.o
    0x0800bc30   0x0800bc30   0x00000082   Code   RO         5097    i.HAL_SPI_Init      stm32f4xx_hal_spi.o
    0x0800bcb2   0x0800bcb2   0x00000002   PAD
    0x0800bcb4   0x0800bcb4   0x0000006c   Code   RO         2612    i.HAL_SPI_MspInit   stm32f4xx_hal_msp.o
    0x0800bd20   0x0800bd20   0x00000002   Code   RO         4244    i.HAL_TIMEx_BreakCallback  stm32f4xx_hal_tim_ex.o
    0x0800bd22   0x0800bd22   0x00000002   Code   RO         4245    i.HAL_TIMEx_CommutCallback  stm32f4xx_hal_tim_ex.o
    0x0800bd24   0x0800bd24   0x00000042   Code   RO         4262    i.HAL_TIMEx_MasterConfigSynchronization  stm32f4xx_hal_tim_ex.o
    0x0800bd66   0x0800bd66   0x00000038   Code   RO         3558    i.HAL_TIM_Base_Init  stm32f4xx_hal_tim.o
    0x0800bd9e   0x0800bd9e   0x00000002   PAD
    0x0800bda0   0x0800bda0   0x00000028   Code   RO         2614    i.HAL_TIM_Base_MspInit  stm32f4xx_hal_msp.o
    0x0800bdc8   0x0800bdc8   0x00000024   Code   RO         3561    i.HAL_TIM_Base_Start  stm32f4xx_hal_tim.o
    0x0800bdec   0x0800bdec   0x00000022   Code   RO         3563    i.HAL_TIM_Base_Start_IT  stm32f4xx_hal_tim.o
    0x0800be0e   0x0800be0e   0x00000002   Code   RO         3587    i.HAL_TIM_IC_CaptureCallback  stm32f4xx_hal_tim.o
    0x0800be10   0x0800be10   0x0000016e   Code   RO         3601    i.HAL_TIM_IRQHandler  stm32f4xx_hal_tim.o
    0x0800bf7e   0x0800bf7e   0x00000002   Code   RO         3604    i.HAL_TIM_OC_DelayElapsedCallback  stm32f4xx_hal_tim.o
    0x0800bf80   0x0800bf80   0x00000002   Code   RO         3631    i.HAL_TIM_PWM_PulseFinishedCallback  stm32f4xx_hal_tim.o
    0x0800bf82   0x0800bf82   0x00000002   PAD
    0x0800bf84   0x0800bf84   0x00000014   Code   RO           14    i.HAL_TIM_PeriodElapsedCallback  main.o
    0x0800bf98   0x0800bf98   0x00000002   Code   RO         3644    i.HAL_TIM_TriggerCallback  stm32f4xx_hal_tim.o
    0x0800bf9a   0x0800bf9a   0x00000064   Code   RO         5433    i.HAL_UART_Init     stm32f4xx_hal_uart.o
    0x0800bffe   0x0800bffe   0x00000002   PAD
    0x0800c000   0x0800c000   0x0000006c   Code   RO         2616    i.HAL_UART_MspInit  stm32f4xx_hal_msp.o
    0x0800c06c   0x0800c06c   0x00000002   Code   RO         2517    i.HardFault_Handler  stm32f4xx_it.o
    0x0800c06e   0x0800c06e   0x00000002   Code   RO         8926    i.I2C_GPIO_Config   bsp_i2c_touch.o
    0x0800c070   0x0800c070   0x00000002   Code   RO         8928    i.I2C_GTP_IRQEnable  bsp_i2c_touch.o
    0x0800c072   0x0800c072   0x0000004a   Code   RO         8929    i.I2C_ReadBytes     bsp_i2c_touch.o
    0x0800c0bc   0x0800c0bc   0x00000038   Code   RO         8930    i.I2C_ResetChip     bsp_i2c_touch.o
    0x0800c0f4   0x0800c0f4   0x00000012   Code   RO         8931    i.I2C_Touch_Init    bsp_i2c_touch.o
    0x0800c106   0x0800c106   0x00000044   Code   RO         9073    i.I2C_Transfer      gt9xx.o
    0x0800c14a   0x0800c14a   0x00000058   Code   RO         8932    i.I2C_WriteBytes    bsp_i2c_touch.o
    0x0800c1a2   0x0800c1a2   0x00000002   PAD
    0x0800c1a4   0x0800c1a4   0x0000000c   Code   RO         2518    i.LTDC_IRQHandler   stm32f4xx_it.o
    0x0800c1b0   0x0800c1b0   0x0000015e   Code   RO         3302    i.LTDC_SetConfig    stm32f4xx_hal_ltdc.o
    0x0800c30e   0x0800c30e   0x00000002   PAD
    0x0800c310   0x0800c310   0x0000001c   Code   RO          746    i.MX_FATFS_Init     fatfs.o
    0x0800c32c   0x0800c32c   0x00000048   Code   RO           15    i.MX_SPI5_Init      main.o
    0x0800c374   0x0800c374   0x00000002   Code   RO         2519    i.MemManage_Handler  stm32f4xx_it.o
    0x0800c376   0x0800c376   0x00000002   Code   RO         2520    i.NMI_Handler       stm32f4xx_it.o
    0x0800c378   0x0800c378   0x00000024   Code   RO         4555    i.SDIO_ConfigData   stm32f4xx_ll_sdmmc.o
    0x0800c39c   0x0800c39c   0x00000006   Code   RO         4556    i.SDIO_GetCommandResponse  stm32f4xx_ll_sdmmc.o
    0x0800c3a2   0x0800c3a2   0x00000008   Code   RO         4559    i.SDIO_GetPowerState  stm32f4xx_ll_sdmmc.o
    0x0800c3aa   0x0800c3aa   0x0000000e   Code   RO         4560    i.SDIO_GetResponse  stm32f4xx_ll_sdmmc.o
    0x0800c3b8   0x0800c3b8   0x0000000c   Code   RO         2521    i.SDIO_IRQHandler   stm32f4xx_it.o
    0x0800c3c4   0x0800c3c4   0x0000002a   Code   RO         4561    i.SDIO_Init         stm32f4xx_ll_sdmmc.o
    0x0800c3ee   0x0800c3ee   0x00000008   Code   RO         4563    i.SDIO_PowerState_ON  stm32f4xx_ll_sdmmc.o
    0x0800c3f6   0x0800c3f6   0x00000006   Code   RO         4564    i.SDIO_ReadFIFO     stm32f4xx_ll_sdmmc.o
    0x0800c3fc   0x0800c3fc   0x00000020   Code   RO         4565    i.SDIO_SendCommand  stm32f4xx_ll_sdmmc.o
    0x0800c41c   0x0800c41c   0x0000000a   Code   RO         4567    i.SDIO_WriteFIFO    stm32f4xx_ll_sdmmc.o
    0x0800c426   0x0800c426   0x00000032   Code   RO         4568    i.SDMMC_CmdAppCommand  stm32f4xx_ll_sdmmc.o
    0x0800c458   0x0800c458   0x00000034   Code   RO         4569    i.SDMMC_CmdAppOperCommand  stm32f4xx_ll_sdmmc.o
    0x0800c48c   0x0800c48c   0x00000032   Code   RO         4570    i.SDMMC_CmdBlockLength  stm32f4xx_ll_sdmmc.o
    0x0800c4be   0x0800c4be   0x00000032   Code   RO         4571    i.SDMMC_CmdBusWidth  stm32f4xx_ll_sdmmc.o
    0x0800c4f0   0x0800c4f0   0x00000028   Code   RO         4575    i.SDMMC_CmdGoIdleState  stm32f4xx_ll_sdmmc.o
    0x0800c518   0x0800c518   0x00000030   Code   RO         4577    i.SDMMC_CmdOperCond  stm32f4xx_ll_sdmmc.o
    0x0800c548   0x0800c548   0x00000032   Code   RO         4578    i.SDMMC_CmdReadMultiBlock  stm32f4xx_ll_sdmmc.o
    0x0800c57a   0x0800c57a   0x00000032   Code   RO         4579    i.SDMMC_CmdReadSingleBlock  stm32f4xx_ll_sdmmc.o
    0x0800c5ac   0x0800c5ac   0x00000032   Code   RO         4582    i.SDMMC_CmdSelDesel  stm32f4xx_ll_sdmmc.o
    0x0800c5de   0x0800c5de   0x0000002c   Code   RO         4583    i.SDMMC_CmdSendCID  stm32f4xx_ll_sdmmc.o
    0x0800c60a   0x0800c60a   0x0000002c   Code   RO         4584    i.SDMMC_CmdSendCSD  stm32f4xx_ll_sdmmc.o
    0x0800c636   0x0800c636   0x00000030   Code   RO         4585    i.SDMMC_CmdSendSCR  stm32f4xx_ll_sdmmc.o
    0x0800c666   0x0800c666   0x00000032   Code   RO         4586    i.SDMMC_CmdSendStatus  stm32f4xx_ll_sdmmc.o
    0x0800c698   0x0800c698   0x00000030   Code   RO         4587    i.SDMMC_CmdSetRelAdd  stm32f4xx_ll_sdmmc.o
    0x0800c6c8   0x0800c6c8   0x00000034   Code   RO         4589    i.SDMMC_CmdStopTransfer  stm32f4xx_ll_sdmmc.o
    0x0800c6fc   0x0800c6fc   0x00000032   Code   RO         4591    i.SDMMC_CmdWriteMultiBlock  stm32f4xx_ll_sdmmc.o
    0x0800c72e   0x0800c72e   0x00000032   Code   RO         4592    i.SDMMC_CmdWriteSingleBlock  stm32f4xx_ll_sdmmc.o
    0x0800c760   0x0800c760   0x00000034   Code   RO         4593    i.SDMMC_GetCmdError  stm32f4xx_ll_sdmmc.o
    0x0800c794   0x0800c794   0x00000124   Code   RO         4594    i.SDMMC_GetCmdResp1  stm32f4xx_ll_sdmmc.o
    0x0800c8b8   0x0800c8b8   0x00000050   Code   RO         4595    i.SDMMC_GetCmdResp2  stm32f4xx_ll_sdmmc.o
    0x0800c908   0x0800c908   0x00000044   Code   RO         4596    i.SDMMC_GetCmdResp3  stm32f4xx_ll_sdmmc.o
    0x0800c94c   0x0800c94c   0x0000008c   Code   RO         4597    i.SDMMC_GetCmdResp6  stm32f4xx_ll_sdmmc.o
    0x0800c9d8   0x0800c9d8   0x00000048   Code   RO         4598    i.SDMMC_GetCmdResp7  stm32f4xx_ll_sdmmc.o
    0x0800ca20   0x0800ca20   0x00000020   Code   RO          596    i.SD_CheckStatus    sd_diskio.o
    0x0800ca40   0x0800ca40   0x00000026   Code   RO          597    i.SD_CheckStatusWithTimeout  sd_diskio.o
    0x0800ca66   0x0800ca66   0x00000056   Code   RO         4858    i.SD_DMAError       stm32f4xx_hal_sd.o
    0x0800cabc   0x0800cabc   0x0000003e   Code   RO         4859    i.SD_DMAReceiveCplt  stm32f4xx_hal_sd.o
    0x0800cafa   0x0800cafa   0x0000004a   Code   RO         4860    i.SD_DMARxAbort     stm32f4xx_hal_sd.o
    0x0800cb44   0x0800cb44   0x0000000e   Code   RO         4861    i.SD_DMATransmitCplt  stm32f4xx_hal_sd.o
    0x0800cb52   0x0800cb52   0x0000004a   Code   RO         4862    i.SD_DMATxAbort     stm32f4xx_hal_sd.o
    0x0800cb9c   0x0800cb9c   0x00000118   Code   RO         4863    i.SD_FindSCR        stm32f4xx_hal_sd.o
    0x0800ccb4   0x0800ccb4   0x000000e2   Code   RO         4864    i.SD_InitCard       stm32f4xx_hal_sd.o
    0x0800cd96   0x0800cd96   0x000000c4   Code   RO         4866    i.SD_PowerON        stm32f4xx_hal_sd.o
    0x0800ce5a   0x0800ce5a   0x00000022   Code   RO         4867    i.SD_Read_IT        stm32f4xx_hal_sd.o
    0x0800ce7c   0x0800ce7c   0x0000002e   Code   RO         4869    i.SD_SendStatus     stm32f4xx_hal_sd.o
    0x0800ceaa   0x0800ceaa   0x00000052   Code   RO         4870    i.SD_WideBus_Disable  stm32f4xx_hal_sd.o
    0x0800cefc   0x0800cefc   0x00000052   Code   RO         4871    i.SD_WideBus_Enable  stm32f4xx_hal_sd.o
    0x0800cf4e   0x0800cf4e   0x00000022   Code   RO         4872    i.SD_Write_IT       stm32f4xx_hal_sd.o
    0x0800cf70   0x0800cf70   0x00000050   Code   RO          598    i.SD_initialize     sd_diskio.o
    0x0800cfc0   0x0800cfc0   0x0000005c   Code   RO          599    i.SD_ioctl          sd_diskio.o
    0x0800d01c   0x0800d01c   0x000000c0   Code   RO          600    i.SD_read           sd_diskio.o
    0x0800d0dc   0x0800d0dc   0x00000004   Code   RO          601    i.SD_status         sd_diskio.o
    0x0800d0e0   0x0800d0e0   0x000000dc   Code   RO          602    i.SD_write          sd_diskio.o
    0x0800d1bc   0x0800d1bc   0x0000002c   Code   RO         8845    i.SysTick_Handler   port.o
    0x0800d1e8   0x0800d1e8   0x000000c4   Code   RO           16    i.SystemClock_Config  main.o
    0x0800d2ac   0x0800d2ac   0x00000054   Code   RO         7001    i.SystemInit        system_stm32f4xx.o
    0x0800d300   0x0800d300   0x0000000c   Code   RO         2522    i.TIM6_DAC_IRQHandler  stm32f4xx_it.o
    0x0800d30c   0x0800d30c   0x000000cc   Code   RO         3646    i.TIM_Base_SetConfig  stm32f4xx_hal_tim.o
    0x0800d3d8   0x0800d3d8   0x00000314   Code   RO         5460    i.UART_SetConfig    stm32f4xx_hal_uart.o
    0x0800d6ec   0x0800d6ec   0x00000002   Code   RO         2523    i.UsageFault_Handler  stm32f4xx_it.o
    0x0800d6ee   0x0800d6ee   0x00000002   PAD
    0x0800d6f0   0x0800d6f0   0x00000024   Code   RO           17    i._Z11MX_CRC_Initv  main.o
    0x0800d714   0x0800d714   0x0000003c   Code   RO           18    i._Z11MX_DMA_Initv  main.o
    0x0800d750   0x0800d750   0x00000064   Code   RO         2414    i._Z11MX_FMC_Initv  hw_init.o
    0x0800d7b4   0x0800d7b4   0x000000b4   Code   RO         2415    i._Z11MX_LCD_Initv  hw_init.o
    0x0800d868   0x0800d868   0x000001b4   Code   RO           19    i._Z12MX_GPIO_Initv  main.o
    0x0800da1c   0x0800da1c   0x00000020   Code   RO           20    i._Z12StartLEDTaskPKv  main.o
    0x0800da3c   0x0800da3c   0x00000004   Code   RO          863    i._Z13GRAPHICS_Initv  boardconfiguration.o
    0x0800da40   0x0800da40   0x00000068   Code   RO           21    i._Z13StartTGUITaskPKv  main.o
    0x0800daa8   0x0800daa8   0x000000e0   Code   RO         2417    i._Z15HAL_FMC_MspInitv  hw_init.o
    0x0800db88   0x0800db88   0x00000020   Code   RO           22    i._Z15MX_SDIO_SD_Initv  main.o
    0x0800dba8   0x0800dba8   0x00000090   Code   RO         2418    i._Z15MX_SDRAM_InitExv  hw_init.o
    0x0800dc38   0x0800dc38   0x00000016   Code   RO          864    i._Z16GRAPHICS_HW_Initv  boardconfiguration.o
    0x0800dc4e   0x0800dc4e   0x00000010   Code   RO           23    i._Z16StartDefaultTaskPKv  main.o
    0x0800dc5e   0x0800dc5e   0x0000001a   Code   RO         1867    i._Z16__NVIC_EnableIRQ9IRQn_Type  stm32f4hal.o
    0x0800dc78   0x0800dc78   0x00000010   Code   RO          865    i._Z17GRAPHICS_MainTaskv  boardconfiguration.o
    0x0800dc88   0x0800dc88   0x0000002a   Code   RO         1599    i._Z17HAL_DMA2D_SetModeP21__DMA2D_HandleTypeDefjjj  stm32f4dma.o
    0x0800dcb2   0x0800dcb2   0x00000022   Code   RO         1868    i._Z17__NVIC_DisableIRQ9IRQn_Type  stm32f4hal.o
    0x0800dcd4   0x0800dcd4   0x00000020   Code   RO         1869    i._Z18__NVIC_SetPriority9IRQn_Typej  stm32f4hal.o
    0x0800dcf4   0x0800dcf4   0x00000038   Code   RO           24    i._Z19MX_USART1_UART_Initv  main.o
    0x0800dd2c   0x0800dd2c   0x00000010   Code   RO         1600    i._Z22DMA2D_XferCpltCallbackP21__DMA2D_HandleTypeDef  stm32f4dma.o
    0x0800dd3c   0x0800dd3c   0x00000002   Code   RO         1601    i._Z23DMA2D_XferErrorCallbackP21__DMA2D_HandleTypeDef  stm32f4dma.o
    0x0800dd3e   0x0800dd3e   0x00000002   PAD
    0x0800dd40   0x0800dd40   0x0000006c   Code   RO        10495    i._Z23getFont_verdana_10_4bppv  fontgetters.o
    0x0800ddac   0x0800ddac   0x00000070   Code   RO        10496    i._Z23getFont_verdana_20_4bppv  fontgetters.o
    0x0800de1c   0x0800de1c   0x0000006c   Code   RO        10497    i._Z23getFont_verdana_40_4bppv  fontgetters.o
    0x0800de88   0x0800de88   0x00000034   Code   RO         1602    i._ZN10STM32F4DMA10initializeEv  stm32f4dma.o
    0x0800debc   0x0800debc   0x00000018   Code   RO         1603    i._ZN10STM32F4DMA11getBlitCapsEv  stm32f4dma.o
    0x0800ded4   0x0800ded4   0x000001a8   Code   RO         1604    i._ZN10STM32F4DMA13setupDataCopyERKN8touchgfx6BlitOpE  stm32f4dma.o
    0x0800e07c   0x0800e07c   0x00000144   Code   RO         1605    i._ZN10STM32F4DMA13setupDataFillERKN8touchgfx6BlitOpE  stm32f4dma.o
    0x0800e1c0   0x0800e1c0   0x00000006   Code   RO         1679    i._ZN10STM32F4DMA18signalDMAInterruptEv  stm32f4dma.o
    0x0800e1c6   0x0800e1c6   0x00000002   PAD
    0x0800e1c8   0x0800e1c8   0x0000003c   Code   RO         1606    i._ZN10STM32F4DMAC1Ev  stm32f4dma.o
    0x0800e204   0x0800e204   0x00000030   Code   RO         1608    i._ZN10STM32F4DMAD1Ev  stm32f4dma.o
    0x0800e234   0x0800e234   0x00000018   Code   RO         1870    i._ZN10STM32F4HAL16enableInterruptsEv  stm32f4hal.o
    0x0800e24c   0x0800e24c   0x00000018   Code   RO         1871    i._ZN10STM32F4HAL17disableInterruptsEv  stm32f4hal.o
    0x0800e264   0x0800e264   0x00000024   Code   RO         1872    i._ZN10STM32F4HAL17getTFTCurrentLineEv  stm32f4hal.o
    0x0800e288   0x0800e288   0x00000014   Code   RO         1873    i._ZN10STM32F4HAL17setTFTFrameBufferEPt  stm32f4hal.o
    0x0800e29c   0x0800e29c   0x00000016   Code   RO         1874    i._ZN10STM32F4HAL19configureInterruptsEv  stm32f4hal.o
    0x0800e2b2   0x0800e2b2   0x00000002   PAD
    0x0800e2b4   0x0800e2b4   0x00000040   Code   RO         1875    i._ZN10STM32F4HAL28enableLCDControllerInterruptEv  stm32f4hal.o
    0x0800e2f4   0x0800e2f4   0x00000002   Code   RO          952    i._ZN10STM32F4HALD1Ev  boardconfiguration.o
    0x0800e2f6   0x0800e2f6   0x00000024   Code   RO         9951    i._ZN11Screen1View10SwitchANT1Ev  screen1view.o
    0x0800e31a   0x0800e31a   0x00000004   Code   RO         9952    i._ZN11Screen1View11setupScreenEv  screen1view.o
    0x0800e31e   0x0800e31e   0x0000000e   Code   RO         9953    i._ZN11Screen1View11togglelightEv  screen1view.o
    0x0800e32c   0x0800e32c   0x00000002   Code   RO         9954    i._ZN11Screen1View14tearDownScreenEv  screen1view.o
    0x0800e32e   0x0800e32e   0x00000002   PAD
    0x0800e330   0x0800e330   0x00000010   Code   RO         9955    i._ZN11Screen1ViewC1Ev  screen1view.o
    0x0800e340   0x0800e340   0x0000000c   Code   RO         9995    i._ZN11Screen1ViewD1Ev  screen1view.o
    0x0800e34c   0x0800e34c   0x00000004   Code   RO        10211    i._ZN11Screen2View11setupScreenEv  screen2view.o
    0x0800e350   0x0800e350   0x00000002   Code   RO        10212    i._ZN11Screen2View14tearDownScreenEv  screen2view.o
    0x0800e352   0x0800e352   0x00000002   PAD
    0x0800e354   0x0800e354   0x00000010   Code   RO        10213    i._ZN11Screen2ViewC1Ev  screen2view.o
    0x0800e364   0x0800e364   0x0000000c   Code   RO        10234    i._ZN11Screen2ViewD1Ev  screen2view.o
    0x0800e370   0x0800e370   0x00000080   Code   RO          946    i._ZN12FrontendHeapC1Ev  boardconfiguration.o
    0x0800e3f0   0x0800e3f0   0x0000002c   Code   RO          924    i._ZN12FrontendHeapD1Ev  boardconfiguration.o
    0x0800e41c   0x0800e41c   0x00000002   Code   RO        10148    i._ZN13ModelListener9key_eventEv  screen2presenter.o
    0x0800e41e   0x0800e41e   0x00000002   PAD
    0x0800e420   0x0800e420   0x00000008   Code   RO        10401    i._ZN14BitmapDatabase11getInstanceEv  bitmapdatabase.o
    0x0800e428   0x0800e428   0x00000004   Code   RO        10402    i._ZN14BitmapDatabase15getInstanceSizeEv  bitmapdatabase.o
    0x0800e42c   0x0800e42c   0x00000002   Code   RO        11008    i._ZN15Screen1ViewBase10SwitchANT1Ev  screen1viewbase.o
    0x0800e42e   0x0800e42e   0x00000002   Code   RO        10926    i._ZN15Screen1ViewBase11setupScreenEv  screen1viewbase.o
    0x0800e430   0x0800e430   0x00000002   Code   RO        11014    i._ZN15Screen1ViewBase11togglelightEv  screen1viewbase.o
    0x0800e432   0x0800e432   0x0000000c   Code   RO        10927    i._ZN15Screen1ViewBase14handleKeyEventEh  screen1viewbase.o
    0x0800e43e   0x0800e43e   0x00000036   Code   RO        10928    i._ZN15Screen1ViewBase21buttonCallbackHandlerERKN8touchgfx14AbstractButtonE  screen1viewbase.o
    0x0800e474   0x0800e474   0x000002ac   Code   RO        10929    i._ZN15Screen1ViewBaseC1Ev  screen1viewbase.o
    0x0800e720   0x0800e720   0x0000000c   Code   RO        10976    i._ZN15Screen1ViewBaseD1Ev  screen1viewbase.o
    0x0800e72c   0x0800e72c   0x00000002   Code   RO        10240    i._ZN15Screen2ViewBase10SwitchANT2Ev  screen2view.o
    0x0800e72e   0x0800e72e   0x00000002   Code   RO        11308    i._ZN15Screen2ViewBase11setupScreenEv  screen2viewbase.o
    0x0800e730   0x0800e730   0x00000028   Code   RO        11309    i._ZN15Screen2ViewBase21buttonCallbackHandlerERKN8touchgfx14AbstractButtonE  screen2viewbase.o
    0x0800e758   0x0800e758   0x000001f4   Code   RO        11310    i._ZN15Screen2ViewBaseC1Ev  screen2viewbase.o
    0x0800e94c   0x0800e94c   0x0000000c   Code   RO        11343    i._ZN15Screen2ViewBaseD1Ev  screen2viewbase.o
    0x0800e958   0x0800e958   0x00000002   Code   RO         9660    i._ZN16Screen1Presenter10deactivateEv  screen1presenter.o
    0x0800e95a   0x0800e95a   0x00000002   Code   RO         9661    i._ZN16Screen1Presenter8activateEv  screen1presenter.o
    0x0800e95c   0x0800e95c   0x0000000a   Code   RO         9662    i._ZN16Screen1Presenter9key_eventEv  screen1presenter.o
    0x0800e966   0x0800e966   0x00000002   PAD
    0x0800e968   0x0800e968   0x00000018   Code   RO         9663    i._ZN16Screen1PresenterC1ER11Screen1View  screen1presenter.o
    0x0800e980   0x0800e980   0x00000002   Code   RO         9702    i._ZN16Screen1PresenterD1Ev  screen1presenter.o
    0x0800e982   0x0800e982   0x00000002   Code   RO        10116    i._ZN16Screen2Presenter10deactivateEv  screen2presenter.o
    0x0800e984   0x0800e984   0x00000002   Code   RO        10117    i._ZN16Screen2Presenter8activateEv  screen2presenter.o
    0x0800e986   0x0800e986   0x00000002   PAD
    0x0800e988   0x0800e988   0x00000018   Code   RO        10118    i._ZN16Screen2PresenterC1ER11Screen2View  screen2presenter.o
    0x0800e9a0   0x0800e9a0   0x00000002   Code   RO        10139    i._ZN16Screen2PresenterD1Ev  screen2presenter.o
    0x0800e9a2   0x0800e9a2   0x00000002   PAD
    0x0800e9a4   0x0800e9a4   0x0000000c   Code   RO        11652    i._ZN17TypedTextDatabase11getInstanceEt  typedtextdatabase.o
    0x0800e9b0   0x0800e9b0   0x00000004   Code   RO        11653    i._ZN17TypedTextDatabase15getInstanceSizeEv  typedtextdatabase.o
    0x0800e9b4   0x0800e9b4   0x00000008   Code   RO        11654    i._ZN17TypedTextDatabase8getFontsEv  typedtextdatabase.o
    0x0800e9bc   0x0800e9bc   0x00000016   Code   RO         9478    i._ZN19FrontendApplication15handleTickEventEv  frontendapplication.o
    0x0800e9d2   0x0800e9d2   0x00000002   PAD
    0x0800e9d4   0x0800e9d4   0x00000010   Code   RO         9456    i._ZN19FrontendApplicationC1ER5ModelR12FrontendHeap  frontendapplication.o
    0x0800e9e4   0x0800e9e4   0x0000001c   Code   RO        10314    i._ZN23ApplicationFontProvider7getFontEt  applicationfontprovider.o
    0x0800ea00   0x0800ea00   0x00000002   Code   RO          961    i._ZN23ApplicationFontProviderD1Ev  boardconfiguration.o
    0x0800ea02   0x0800ea02   0x00000002   PAD
    0x0800ea04   0x0800ea04   0x00000028   Code   RO        10546    i._ZN23FrontendApplicationBase29gotoScreen1ScreenNoTransitionEv  frontendapplicationbase.o
    0x0800ea2c   0x0800ea2c   0x00000028   Code   RO        10547    i._ZN23FrontendApplicationBase29gotoScreen2ScreenNoTransitionEv  frontendapplicationbase.o
    0x0800ea54   0x0800ea54   0x00000024   Code   RO        10548    i._ZN23FrontendApplicationBase33gotoScreen1ScreenNoTransitionImplEv  frontendapplicationbase.o
    0x0800ea78   0x0800ea78   0x00000024   Code   RO        10549    i._ZN23FrontendApplicationBase33gotoScreen2ScreenNoTransitionImplEv  frontendapplicationbase.o
    0x0800ea9c   0x0800ea9c   0x0000005c   Code   RO        10550    i._ZN23FrontendApplicationBaseC1ER5ModelR12FrontendHeap  frontendapplicationbase.o
    0x0800eaf8   0x0800eaf8   0x0000000c   Code   RO          940    i._ZN23FrontendApplicationBaseD1Ev  boardconfiguration.o
    0x0800eb04   0x0800eb04   0x00000010   Code   RO         9605    i._ZN5Model15set_light_onoffEh  model.o
    0x0800eb14   0x0800eb14   0x00000038   Code   RO         9606    i._ZN5Model4tickEv  model.o
    0x0800eb4c   0x0800eb4c   0x00000006   Code   RO         9607    i._ZN5ModelC1Ev     model.o
    0x0800eb52   0x0800eb52   0x00000002   PAD
    0x0800eb54   0x0800eb54   0x00000030   Code   RO         9344    i._ZN8touchgfx10OSWrappers10initializeEv  oswrappers.o
    0x0800eb84   0x0800eb84   0x00000038   Code   RO         9345    i._ZN8touchgfx10OSWrappers11signalVSyncEv  oswrappers.o
    0x0800ebbc   0x0800ebbc   0x00000024   Code   RO         9346    i._ZN8touchgfx10OSWrappers12waitForVSyncEv  oswrappers.o
    0x0800ebe0   0x0800ebe0   0x00000014   Code   RO         9347    i._ZN8touchgfx10OSWrappers24giveFrameBufferSemaphoreEv  oswrappers.o
    0x0800ebf4   0x0800ebf4   0x00000010   Code   RO         9348    i._ZN8touchgfx10OSWrappers24takeFrameBufferSemaphoreEv  oswrappers.o
    0x0800ec04   0x0800ec04   0x00000010   Code   RO         9349    i._ZN8touchgfx10OSWrappers27tryTakeFrameBufferSemaphoreEv  oswrappers.o
    0x0800ec14   0x0800ec14   0x00000030   Code   RO         9350    i._ZN8touchgfx10OSWrappers31giveFrameBufferSemaphoreFromISREv  oswrappers.o
    0x0800ec44   0x0800ec44   0x00000004   Code   RO        10673    i._ZN8touchgfx10Transition18setScreenContainerERNS_9ContainerE  frontendapplicationbase.o
    0x0800ec48   0x0800ec48   0x00000002   Code   RO        10667    i._ZN8touchgfx10Transition4initEv  frontendapplicationbase.o
    0x0800ec4a   0x0800ec4a   0x00000002   Code   RO        10661    i._ZN8touchgfx10Transition8tearDownEv  frontendapplicationbase.o
    0x0800ec4c   0x0800ec4c   0x00000006   Code   RO        10706    i._ZN8touchgfx12NoTransition15handleTickEventEv  frontendapplicationbase.o
    0x0800ec52   0x0800ec52   0x00000002   PAD
    0x0800ec54   0x0800ec54   0x00000010   Code   RO        10625    i._ZN8touchgfx12NoTransitionC1Ev  frontendapplicationbase.o
    0x0800ec64   0x0800ec64   0x00000002   Code   RO        10697    i._ZN8touchgfx12NoTransitionD1Ev  frontendapplicationbase.o
    0x0800ec66   0x0800ec66   0x00000006   Code   RO        11888    i._ZN8touchgfx13DMA_Interface5flushEv  touchgfx_core.lib(dma.o)
    0x0800ec6c   0x0800ec6c   0x00000070   Code   RO          866    i._ZN8touchgfx13touchgfx_initEv  boardconfiguration.o
    0x0800ecdc   0x0800ecdc   0x00000028   Code   RO         1042    i._ZN8touchgfx14MVPApplication29handlePendingScreenTransitionEv  boardconfiguration.o
    0x0800ed04   0x0800ed04   0x00000002   Code   RO        12015    i._ZN8touchgfx17InternalFlashFontD1Ev  touchgfx_core.lib(internalflashfont.o)
    0x0800ed06   0x0800ed06   0x00000054   Code   RO        10551    i._ZN8touchgfx17prepareTransitionEPPNS_6ScreenEPPNS_9PresenterEPPNS_10TransitionE  frontendapplicationbase.o
    0x0800ed5a   0x0800ed5a   0x00000004   Code   RO         2347    i._ZN8touchgfx18MCUInstrumentation13getCCConsumedEv  stm32f4instrumentation.o
    0x0800ed5e   0x0800ed5e   0x00000004   Code   RO         2353    i._ZN8touchgfx18MCUInstrumentation13setCCConsumedEj  stm32f4instrumentation.o
    0x0800ed62   0x0800ed62   0x00000036   Code   RO        10552    i._ZN8touchgfx18finalizeTransitionEPNS_6ScreenEPNS_9PresenterEPNS_10TransitionE  frontendapplicationbase.o
    0x0800ed98   0x0800ed98   0x00000010   Code   RO         2306    i._ZN8touchgfx22STM32F4Instrumentation12getCPUCyclesEv  stm32f4instrumentation.o
    0x0800eda8   0x0800eda8   0x00000024   Code   RO         2308    i._ZN8touchgfx22STM32F4Instrumentation12setMCUActiveEb  stm32f4instrumentation.o
    0x0800edcc   0x0800edcc   0x00000084   Code   RO         2309    i._ZN8touchgfx22STM32F4Instrumentation4initEv  stm32f4instrumentation.o
    0x0800ee50   0x0800ee50   0x00000002   Code   RO          970    i._ZN8touchgfx22STM32F4InstrumentationD1Ev  boardconfiguration.o
    0x0800ee52   0x0800ee52   0x00000002   PAD
    0x0800ee54   0x0800ee54   0x00000038   Code   RO         2171    i._ZN8touchgfx22STM32F4TouchController11sampleTouchERiS1_  stm32f4touchcontroller.o
    0x0800ee8c   0x0800ee8c   0x00000004   Code   RO         2172    i._ZN8touchgfx22STM32F4TouchController4initEv  stm32f4touchcontroller.o
    0x0800ee90   0x0800ee90   0x00000002   Code   RO          973    i._ZN8touchgfx22STM32F4TouchControllerD1Ev  boardconfiguration.o
    0x0800ee92   0x0800ee92   0x00000008   Code   RO        11982    i._ZN8touchgfx3HAL11getBlitCapsEv  touchgfx_core.lib(hal.o)
    0x0800ee9a   0x0800ee9a   0x00000002   PAD
    0x0800ee9c   0x0800ee9c   0x00000054   Code   RO        11986    i._ZN8touchgfx3HAL15backPorchExitedEv  touchgfx_core.lib(hal.o)
    0x0800eef0   0x0800eef0   0x00000006   Code   RO        12002    i._ZN8touchgfx3HAL17getTFTCurrentLineEv  touchgfx_core.lib(hal.o)
    0x0800eef6   0x0800eef6   0x00000002   PAD
    0x0800eef8   0x0800eef8   0x0000006c   Code   RO        11993    i._ZN8touchgfx3HAL26setFrameBufferStartAddressEPvtbb  touchgfx_core.lib(hal.o)
    0x0800ef64   0x0800ef64   0x00000048   Code   RO        12005    i._ZN8touchgfx3HAL31performDisplayOrientationChangeEv  touchgfx_core.lib(hal.o)
    0x0800efac   0x0800efac   0x0000000c   Code   RO        11999    i._ZN8touchgfx3HAL9taskDelayEt  touchgfx_core.lib(hal.o)
    0x0800efb8   0x0800efb8   0x000000a4   Code   RO          955    i._ZN8touchgfx3HALC2ERNS_13DMA_InterfaceERNS_3LCDERNS_15TouchControllerEtt  boardconfiguration.o
    0x0800f05c   0x0800f05c   0x00000084   Code   RO        12031    i._ZN8touchgfx3LCD22WideTextInternalStructC1ERNS_12TextProviderEthPKNS_4FontENS_14WideTextActionE  touchgfx_core.lib(lcd.o)
    0x0800f0e0   0x0800f0e0   0x00000094   Code   RO        12028    i._ZN8touchgfx4Edge4stepEi  touchgfx_core.lib(lcd.o)
    0x0800f174   0x0800f174   0x00000002   Code   RO         1558    i._ZN8touchgfx4GPIO3setENS0_7GPIO_IDE  gpio.o
    0x0800f176   0x0800f176   0x00000002   Code   RO         1559    i._ZN8touchgfx4GPIO4initEv  gpio.o
    0x0800f178   0x0800f178   0x00000002   Code   RO         1560    i._ZN8touchgfx4GPIO5clearENS0_7GPIO_IDE  gpio.o
    0x0800f17a   0x0800f17a   0x00000002   Code   RO         1561    i._ZN8touchgfx4GPIO6toggleENS0_7GPIO_IDE  gpio.o
    0x0800f17c   0x0800f17c   0x0000000c   Code   RO        11728    i._ZN8touchgfx4RectC1Ev  touchgfx_core.lib(application.o)
    0x0800f188   0x0800f188   0x0000000c   Code   RO        11002    i._ZN8touchgfx4ViewI16Screen1PresenterED1Ev  screen1viewbase.o
    0x0800f194   0x0800f194   0x0000000c   Code   RO        11349    i._ZN8touchgfx4ViewI16Screen2PresenterED1Ev  screen2viewbase.o
    0x0800f1a0   0x0800f1a0   0x00000040   Code   RO        11584    i._ZN8touchgfx5Texts11setLanguageEt  texts.o
    0x0800f1e0   0x0800f1e0   0x0000000a   Code   RO         1676    i._ZN8touchgfx6BlitOpC1Ev  stm32f4dma.o
    0x0800f1ea   0x0800f1ea   0x00000002   PAD
    0x0800f1ec   0x0800f1ec   0x00000034   Code   RO        10970    i._ZN8touchgfx6ButtonC1Ev  screen1viewbase.o
    0x0800f220   0x0800f220   0x00000002   Code   RO        12051    i._ZN8touchgfx6Screen11setupScreenEv  touchgfx_core.lib(screen.o)
    0x0800f222   0x0800f222   0x00000002   Code   RO        12063    i._ZN8touchgfx6Screen14handleKeyEventEh  touchgfx_core.lib(screen.o)
    0x0800f224   0x0800f224   0x00000002   Code   RO        12057    i._ZN8touchgfx6Screen14tearDownScreenEv  touchgfx_core.lib(screen.o)
    0x0800f226   0x0800f226   0x00000002   Code   RO        12054    i._ZN8touchgfx6Screen15afterTransitionEv  touchgfx_core.lib(screen.o)
    0x0800f228   0x0800f228   0x00000002   Code   RO        12060    i._ZN8touchgfx6Screen15handleTickEventEv  touchgfx_core.lib(screen.o)
    0x0800f22a   0x0800f22a   0x00000006   Code   RO        10982    i._ZN8touchgfx6Screen3addERNS_8DrawableE  screen1viewbase.o
    0x0800f230   0x0800f230   0x0000000c   Code   RO        12045    i._ZN8touchgfx6ScreenD1Ev  touchgfx_core.lib(screen.o)
    0x0800f23c   0x0800f23c   0x00000014   Code   RO        11797    i._ZN8touchgfx6Widget12getLastChildEssPPNS_8DrawableE  touchgfx_core.lib(box.o)
    0x0800f250   0x0800f250   0x00000038   Code   RO        10958    i._ZN8touchgfx6WidgetC2Ev  screen1viewbase.o
    0x0800f288   0x0800f288   0x0000000e   Code   RO        10622    i._ZN8touchgfx8CallbackI23FrontendApplicationBasevvvEaSERKS2_  frontendapplicationbase.o
    0x0800f296   0x0800f296   0x0000002a   Code   RO        11755    i._ZN8touchgfx8Drawable11setPositionEssss  touchgfx_core.lib(box.o)
    0x0800f2c0   0x0800f2c0   0x00000012   Code   RO        11794    i._ZN8touchgfx8Drawable14setupDrawChainERKNS_4RectEPPS0_  touchgfx_core.lib(box.o)
    0x0800f2d2   0x0800f2d2   0x00000002   Code   RO        11784    i._ZN8touchgfx8Drawable15handleDragEventERKNS_9DragEventE  touchgfx_core.lib(box.o)
    0x0800f2d4   0x0800f2d4   0x00000002   Code   RO        11787    i._ZN8touchgfx8Drawable15handleTickEventEv  touchgfx_core.lib(box.o)
    0x0800f2d6   0x0800f2d6   0x00000002   Code   RO        11778    i._ZN8touchgfx8Drawable16handleClickEventERKNS_10ClickEventE  touchgfx_core.lib(box.o)
    0x0800f2d8   0x0800f2d8   0x00000002   Code   RO        11781    i._ZN8touchgfx8Drawable18handleGestureEventERKNS_12GestureEventE  touchgfx_core.lib(box.o)
    0x0800f2da   0x0800f2da   0x00000004   Code   RO        11759    i._ZN8touchgfx8Drawable4setXEs  touchgfx_core.lib(box.o)
    0x0800f2de   0x0800f2de   0x00000004   Code   RO        11762    i._ZN8touchgfx8Drawable4setYEs  touchgfx_core.lib(box.o)
    0x0800f2e2   0x0800f2e2   0x0000001c   Code   RO        11765    i._ZN8touchgfx8Drawable5setXYEss  touchgfx_core.lib(box.o)
    0x0800f2fe   0x0800f2fe   0x00000004   Code   RO        11769    i._ZN8touchgfx8Drawable8setWidthEs  touchgfx_core.lib(box.o)
    0x0800f302   0x0800f302   0x00000004   Code   RO        11772    i._ZN8touchgfx8Drawable9setHeightEs  touchgfx_core.lib(box.o)
    0x0800f306   0x0800f306   0x00000002   Code   RO        11705    i._ZN8touchgfx8LCD24bppD1Ev  touchgfx_core.lib(lcd24bpp.o)
    0x0800f308   0x0800f308   0x00000030   Code   RO        10964    i._ZN8touchgfx8TextAreaC1Ev  screen1viewbase.o
    0x0800f338   0x0800f338   0x0000000c   Code   RO         1876    i._ZNK10STM32F4HAL17getTFTFrameBufferEv  stm32f4hal.o
    0x0800f344   0x0800f344   0x00000004   Code   RO        11842    i._ZNK8touchgfx15ButtonWithLabel12getSolidRectEv  touchgfx_core.lib(buttonwithlabel.o)
    0x0800f348   0x0800f348   0x00000004   Code   RO        11947    i._ZNK8touchgfx4Font13getFontHeightEv  touchgfx_core.lib(font.o)
    0x0800f34c   0x0800f34c   0x00000004   Code   RO        11953    i._ZNK8touchgfx4Font15getBitsPerPixelEv  touchgfx_core.lib(font.o)
    0x0800f350   0x0800f350   0x00000004   Code   RO        11944    i._ZNK8touchgfx4Font15getEllipsisCharEv  touchgfx_core.lib(font.o)
    0x0800f354   0x0800f354   0x00000004   Code   RO        11941    i._ZNK8touchgfx4Font15getFallbackCharEv  touchgfx_core.lib(font.o)
    0x0800f358   0x0800f358   0x0000000a   Code   RO        11950    i._ZNK8touchgfx4Font20getMinimumTextHeightEv  touchgfx_core.lib(font.o)
    0x0800f362   0x0800f362   0x0000001c   Code   RO        11937    i._ZNK8touchgfx4Font8getGlyphEt  touchgfx_core.lib(font.o)
    0x0800f37e   0x0800f37e   0x000000a6   Code   RO        12042    i._ZNK8touchgfx4RectanERKS0_  touchgfx_core.lib(screen.o)
    0x0800f424   0x0800f424   0x00000004   Code   RO        11711    i._ZNK8touchgfx8LCD24bpp8bitDepthEv  touchgfx_core.lib(lcd24bpp.o)
    0x0800f428   0x0800f428   0x00000016   Code   RO        12115    i._ZNK8touchgfx8TextArea12getSolidRectEv  touchgfx_core.lib(textarea.o)
    0x0800f43e   0x0800f43e   0x00000002   PAD
    0x0800f440   0x0800f440   0x00000040   Code   RO        11337    i._ZNK8touchgfx9TypedText11assertValidEv  screen2viewbase.o
    0x0800f480   0x0800f480   0x00000006   Code   RO         9664    i._ZThn4_N16Screen1Presenter9key_eventEv  screen1presenter.o
    0x0800f486   0x0800f486   0x00000008   Code   RO        12375    i._ZdlPv            cpprt_w.l(delete.o)
    0x0800f48e   0x0800f48e   0x0000000a   Code   RO        11718    i.__ARM_common_memcpy4_8  touchgfx_core.lib(lcd24bpp.o)
    0x0800f498   0x0800f498   0x00000020   Code   RO         6616    i.__NVIC_SetPriority  stm32f4xx_hal_cortex.o
    0x0800f4b8   0x0800f4b8   0x00000024   Code   RO        12493    i.__aeabi_vec_ctor_nocookie_nodtor  cpprt_w.l(aeabi_vec_ctor_nocookie_nodtor.o)
    0x0800f4dc   0x0800f4dc   0x00000010   Code   RO        12381    i.__cxa_guard_acquire  cpprt_w.l(cxa_guard_acquire.o)
    0x0800f4ec   0x0800f4ec   0x00000006   Code   RO        12378    i.__cxa_pure_virtual  cpprt_w.l(pure_virt.o)
    0x0800f4f2   0x0800f4f2   0x00000002   PAD
    0x0800f4f4   0x0800f4f4   0x0000001c   Code   RO        11655    i.__sti___21_typedtextdatabase_cpp_42ef4e5b  typedtextdatabase.o
    0x0800f510   0x0800f510   0x0000008c   Code   RO          867    i.__sti___22_BoardConfiguration_cpp_2f1c5dae  boardconfiguration.o
    0x0800f59c   0x0800f59c   0x00000018   Code   RO        11585    i.__sti___9_texts_cpp_454ca793  texts.o
    0x0800f5b4   0x0800f5b4   0x0000000e   Code   RO        12327    i._is_digit         c_w.l(__printf_wp.o)
    0x0800f5c2   0x0800f5c2   0x00000002   Code   RO         9191    i._sys_exit         uart.o
    0x0800f5c4   0x0800f5c4   0x00000002   Code   RO         9192    i._ttywrch          uart.o
    0x0800f5c6   0x0800f5c6   0x00000002   PAD
    0x0800f5c8   0x0800f5c8   0x00000014   Code   RO         9193    i.fputc             uart.o
    0x0800f5dc   0x0800f5dc   0x00000050   Code   RO         8933    i.i2c_Ack           bsp_i2c_touch.o
    0x0800f62c   0x0800f62c   0x0000000c   Code   RO         8934    i.i2c_Delay         bsp_i2c_touch.o
    0x0800f638   0x0800f638   0x00000048   Code   RO         8935    i.i2c_NAck          bsp_i2c_touch.o
    0x0800f680   0x0800f680   0x00000054   Code   RO         8936    i.i2c_ReadByte      bsp_i2c_touch.o
    0x0800f6d4   0x0800f6d4   0x00000074   Code   RO         8937    i.i2c_SendByte      bsp_i2c_touch.o
    0x0800f748   0x0800f748   0x00000050   Code   RO         8938    i.i2c_Start         bsp_i2c_touch.o
    0x0800f798   0x0800f798   0x00000040   Code   RO         8939    i.i2c_Stop          bsp_i2c_touch.o
    0x0800f7d8   0x0800f7d8   0x00000054   Code   RO         8940    i.i2c_WaitAck       bsp_i2c_touch.o
    0x0800f82c   0x0800f82c   0x00000010   Code   RO         8414    i.inHandlerMode     cmsis_os.o
    0x0800f83c   0x0800f83c   0x000000a8   Code   RO           25    i.main              main.o
    0x0800f8e4   0x0800f8e4   0x0000000c   Code   RO         8416    i.makeFreeRtosPriority  cmsis_os.o
    0x0800f8f0   0x0800f8f0   0x00000010   Code   RO         8418    i.osDelay           cmsis_os.o
    0x0800f900   0x0800f900   0x00000012   Code   RO         8420    i.osKernelRunning   cmsis_os.o
    0x0800f912   0x0800f912   0x0000000a   Code   RO         8421    i.osKernelStart     cmsis_os.o
    0x0800f91c   0x0800f91c   0x00000018   Code   RO         8422    i.osKernelSysTick   cmsis_os.o
    0x0800f934   0x0800f934   0x00000028   Code   RO         8430    i.osMessageCreate   cmsis_os.o
    0x0800f95c   0x0800f95c   0x00000094   Code   RO         8432    i.osMessageGet      cmsis_os.o
    0x0800f9f0   0x0800f9f0   0x00000060   Code   RO         8434    i.osMessagePut      cmsis_os.o
    0x0800fa50   0x0800fa50   0x00000058   Code   RO         8455    i.osThreadCreate    cmsis_os.o
    0x0800faa8   0x0800faa8   0x00000070   Code   RO         8084    i.prvAddCurrentTaskToDelayedList  tasks.o
    0x0800fb18   0x0800fb18   0x00000088   Code   RO         8085    i.prvAddNewTaskToReadyList  tasks.o
    0x0800fba0   0x0800fba0   0x0000003c   Code   RO         8086    i.prvCheckTasksWaitingTermination  tasks.o
    0x0800fbdc   0x0800fbdc   0x00000028   Code   RO         7768    i.prvCopyDataFromQueue  queue.o
    0x0800fc04   0x0800fc04   0x0000006e   Code   RO         7769    i.prvCopyDataToQueue  queue.o
    0x0800fc72   0x0800fc72   0x00000040   Code   RO         8087    i.prvDeleteTCB      tasks.o
    0x0800fcb2   0x0800fcb2   0x00000014   Code   RO         7770    i.prvGetDisinheritPriorityAfterTimeout  queue.o
    0x0800fcc6   0x0800fcc6   0x00000002   PAD
    0x0800fcc8   0x0800fcc8   0x0000004c   Code   RO         8783    i.prvHeapInit       heap_4.o
    0x0800fd14   0x0800fd14   0x00000028   Code   RO         8088    i.prvIdleTask       tasks.o
    0x0800fd3c   0x0800fd3c   0x00000018   Code   RO         7772    i.prvInitialiseNewQueue  queue.o
    0x0800fd54   0x0800fd54   0x00000092   Code   RO         8089    i.prvInitialiseNewTask  tasks.o
    0x0800fde6   0x0800fde6   0x00000002   PAD
    0x0800fde8   0x0800fde8   0x00000058   Code   RO         8090    i.prvInitialiseTaskLists  tasks.o
    0x0800fe40   0x0800fe40   0x00000054   Code   RO         8784    i.prvInsertBlockIntoFreeList  heap_4.o
    0x0800fe94   0x0800fe94   0x0000001a   Code   RO         7773    i.prvIsQueueEmpty   queue.o
    0x0800feae   0x0800feae   0x0000001e   Code   RO         7774    i.prvIsQueueFull    queue.o
    0x0800fecc   0x0800fecc   0x00000024   Code   RO         8091    i.prvResetNextTaskUnblockTime  tasks.o
    0x0800fef0   0x0800fef0   0x0000002c   Code   RO         8846    i.prvTaskExitError  port.o
    0x0800ff1c   0x0800ff1c   0x0000006a   Code   RO         7775    i.prvUnlockQueue    queue.o
    0x0800ff86   0x0800ff86   0x00000002   PAD
    0x0800ff88   0x0800ff88   0x000000d4   Code   RO         8785    i.pvPortMalloc      heap_4.o
    0x0801005c   0x0801005c   0x00000018   Code   RO         8093    i.pvTaskIncrementMutexHeldCount  tasks.o
    0x08010074   0x08010074   0x00000024   Code   RO         8847    i.pxPortInitialiseStack  port.o
    0x08010098   0x08010098   0x00000026   Code   RO         7728    i.uxListRemove      list.o
    0x080100be   0x080100be   0x00000002   PAD
    0x080100c0   0x080100c0   0x00000014   Code   RO          827    i.vApplicationGetIdleTaskMemory  freertos.o
    0x080100d4   0x080100d4   0x00000016   Code   RO         7729    i.vListInitialise   list.o
    0x080100ea   0x080100ea   0x00000006   Code   RO         7730    i.vListInitialiseItem  list.o
    0x080100f0   0x080100f0   0x00000030   Code   RO         7731    i.vListInsert       list.o
    0x08010120   0x08010120   0x00000018   Code   RO         7732    i.vListInsertEnd    list.o
    0x08010138   0x08010138   0x00000040   Code   RO         8849    i.vPortEnterCritical  port.o
    0x08010178   0x08010178   0x0000002c   Code   RO         8850    i.vPortExitCritical  port.o
    0x080101a4   0x080101a4   0x0000005c   Code   RO         8786    i.vPortFree         heap_4.o
    0x08010200   0x08010200   0x00000024   Code   RO         8851    i.vPortSetupTimerInterrupt  port.o
    0x08010224   0x08010224   0x00000054   Code   RO         8852    i.vPortValidateInterruptPriority  port.o
    0x08010278   0x08010278   0x00000050   Code   RO         8099    i.vTaskDelay        tasks.o
    0x080102c8   0x080102c8   0x00000010   Code   RO         8102    i.vTaskInternalSetTimeOutState  tasks.o
    0x080102d8   0x080102d8   0x0000000c   Code   RO         8103    i.vTaskMissedYield  tasks.o
    0x080102e4   0x080102e4   0x00000034   Code   RO         8105    i.vTaskPlaceOnEventList  tasks.o
    0x08010318   0x08010318   0x000000ac   Code   RO         8107    i.vTaskPriorityDisinheritAfterTimeout  tasks.o
    0x080103c4   0x080103c4   0x00000088   Code   RO         8113    i.vTaskStartScheduler  tasks.o
    0x0801044c   0x0801044c   0x00000010   Code   RO         8115    i.vTaskSuspendAll   tasks.o
    0x0801045c   0x0801045c   0x00000074   Code   RO         8116    i.vTaskSwitchContext  tasks.o
    0x080104d0   0x080104d0   0x000000f4   Code   RO         8853    i.xPortStartScheduler  port.o
    0x080105c4   0x080105c4   0x0000004a   Code   RO         7784    i.xQueueGenericCreate  queue.o
    0x0801060e   0x0801060e   0x0000006c   Code   RO         7785    i.xQueueGenericCreateStatic  queue.o
    0x0801067a   0x0801067a   0x00000002   PAD
    0x0801067c   0x0801067c   0x0000008c   Code   RO         7786    i.xQueueGenericReset  queue.o
    0x08010708   0x08010708   0x00000164   Code   RO         7787    i.xQueueGenericSend  queue.o
    0x0801086c   0x0801086c   0x000000be   Code   RO         7788    i.xQueueGenericSendFromISR  queue.o
    0x0801092a   0x0801092a   0x0000009e   Code   RO         7789    i.xQueueGiveFromISR  queue.o
    0x080109c8   0x080109c8   0x0000013c   Code   RO         7794    i.xQueueReceive     queue.o
    0x08010b04   0x08010b04   0x0000009c   Code   RO         7795    i.xQueueReceiveFromISR  queue.o
    0x08010ba0   0x08010ba0   0x0000017c   Code   RO         7796    i.xQueueSemaphoreTake  queue.o
    0x08010d1c   0x08010d1c   0x00000018   Code   RO         8117    i.xTaskCallApplicationTaskHook  tasks.o
    0x08010d34   0x08010d34   0x0000007c   Code   RO         8118    i.xTaskCheckForTimeOut  tasks.o
    0x08010db0   0x08010db0   0x00000064   Code   RO         8119    i.xTaskCreate       tasks.o
    0x08010e14   0x08010e14   0x0000005c   Code   RO         8120    i.xTaskCreateStatic  tasks.o
    0x08010e70   0x08010e70   0x0000001c   Code   RO         8125    i.xTaskGetSchedulerState  tasks.o
    0x08010e8c   0x08010e8c   0x0000000c   Code   RO         8126    i.xTaskGetTickCount  tasks.o
    0x08010e98   0x08010e98   0x00000010   Code   RO         8127    i.xTaskGetTickCountFromISR  tasks.o
    0x08010ea8   0x08010ea8   0x000000cc   Code   RO         8128    i.xTaskIncrementTick  tasks.o
    0x08010f74   0x08010f74   0x00000098   Code   RO         8131    i.xTaskPriorityDisinherit  tasks.o
    0x0801100c   0x0801100c   0x00000098   Code   RO         8132    i.xTaskPriorityInherit  tasks.o
    0x080110a4   0x080110a4   0x0000007c   Code   RO         8133    i.xTaskRemoveFromEventList  tasks.o
    0x08011120   0x08011120   0x000000cc   Code   RO         8134    i.xTaskResumeAll    tasks.o
    0x080111ec   0x080111ec   0x000000d8   Code   RO        10602    t._ZN8touchgfx14makeTransitionI11Screen1View16Screen1PresenterNS_12NoTransitionE5ModelEEPT0_PPNS_6ScreenEPPNS_9PresenterERNS_7MVPHeapEPPNS_10TransitionEPT2_  frontendapplicationbase.o
    0x080112c4   0x080112c4   0x000000d8   Code   RO        10609    t._ZN8touchgfx14makeTransitionI11Screen2View16Screen2PresenterNS_12NoTransitionE5ModelEEPT0_PPNS_6ScreenEPPNS_9PresenterERNS_7MVPHeapEPPNS_10TransitionEPT2_  frontendapplicationbase.o
    0x0801139c   0x0801139c   0x00000006   Code   RO        10631    t._ZN8touchgfx17AbstractPartition2atINS_12NoTransitionEEERT_t  frontendapplicationbase.o
    0x080113a2   0x080113a2   0x00000002   PAD
    0x080113a4   0x080113a4   0x00000098   Code   RO          933    t._ZN8touchgfx21touchgfx_generic_initI10STM32F4HALEERNS_3HALERNS_13DMA_InterfaceERNS_3LCDERNS_15TouchControllerEssPtjj  boardconfiguration.o
    0x0801143c   0x0801143c   0x00000060   Code   RO          927    t._ZN8touchgfx6getHALI10STM32F4HALEERNS_3HALERNS_13DMA_InterfaceERNS_3LCDERNS_15TouchControllerEss  boardconfiguration.o
    0x0801149c   0x0801149c   0x0000001a   Code   RO        11131    t._ZN8touchgfx8CallbackI15Screen1ViewBaseRKNS_14AbstractButtonEvvE7executeES4_  screen1viewbase.o
    0x080114b6   0x080114b6   0x0000001a   Code   RO        11366    t._ZN8touchgfx8CallbackI15Screen2ViewBaseRKNS_14AbstractButtonEvvE7executeES4_  screen2viewbase.o
    0x080114d0   0x080114d0   0x00000016   Code   RO        10682    t._ZN8touchgfx8CallbackI23FrontendApplicationBasevvvE7executeEv  frontendapplicationbase.o
    0x080114e6   0x080114e6   0x00000002   PAD
    0x080114e8   0x080114e8   0x00000018   Code   RO        10616    t._ZN8touchgfx8CallbackI23FrontendApplicationBasevvvEC1EPS1_MS1_FvvE  frontendapplicationbase.o
    0x08011500   0x08011500   0x00000006   Code   RO         1085    t._ZN8touchgfx9PartitionINS_4meta8TypeListI11Screen1ViewNS2_INS1_3NilES4_EEEELt1EE12element_sizeEv  boardconfiguration.o
    0x08011506   0x08011506   0x00000010   Code   RO         1091    t._ZN8touchgfx9PartitionINS_4meta8TypeListI11Screen1ViewNS2_INS1_3NilES4_EEEELt1EE7elementEt  boardconfiguration.o
    0x08011516   0x08011516   0x00000004   Code   RO         1058    t._ZN8touchgfx9PartitionINS_4meta8TypeListI16Screen2PresenterNS2_INS1_3NilES4_EEEELt1EE12element_sizeEv  boardconfiguration.o
    0x0801151a   0x0801151a   0x00000008   Code   RO         1064    t._ZN8touchgfx9PartitionINS_4meta8TypeListI16Screen2PresenterNS2_INS1_3NilES4_EEEELt1EE7elementEt  boardconfiguration.o
    0x08011522   0x08011522   0x00000004   Code   RO         1112    t._ZN8touchgfx9PartitionINS_4meta8TypeListINS_12NoTransitionENS2_INS1_3NilES4_EEEELt1EE12element_sizeEv  boardconfiguration.o
    0x08011526   0x08011526   0x0000000c   Code   RO         1118    t._ZN8touchgfx9PartitionINS_4meta8TypeListINS_12NoTransitionENS2_INS1_3NilES4_EEEELt1EE7elementEt  boardconfiguration.o
    0x08011532   0x08011532   0x0000001a   Code   RO        11137    t._ZNK8touchgfx8CallbackI15Screen1ViewBaseRKNS_14AbstractButtonEvvE7isValidEv  screen1viewbase.o
    0x0801154c   0x0801154c   0x0000001a   Code   RO        11372    t._ZNK8touchgfx8CallbackI15Screen2ViewBaseRKNS_14AbstractButtonEvvE7isValidEv  screen2viewbase.o
    0x08011566   0x08011566   0x0000001a   Code   RO        10688    t._ZNK8touchgfx8CallbackI23FrontendApplicationBasevvvE7isValidEv  frontendapplicationbase.o
    0x08011580   0x08011580   0x00000004   Code   RO         1079    t._ZNK8touchgfx9PartitionINS_4meta8TypeListI11Screen1ViewNS2_INS1_3NilES4_EEEELt1EE8capacityEv  boardconfiguration.o
    0x08011584   0x08011584   0x00000004   Code   RO         1052    t._ZNK8touchgfx9PartitionINS_4meta8TypeListI16Screen2PresenterNS2_INS1_3NilES4_EEEELt1EE8capacityEv  boardconfiguration.o
    0x08011588   0x08011588   0x00000004   Code   RO         1106    t._ZNK8touchgfx9PartitionINS_4meta8TypeListINS_12NoTransitionENS2_INS1_3NilES4_EEEELt1EE8capacityEv  boardconfiguration.o
    0x0801158c   0x0801158c   0x0000000a   Code   RO        12703    x$fpl$fpinit        fz_wm.l(fpinit.o)
    0x08011596   0x08011596   0x00000002   PAD
    0x08011598   0x08011598   0x00000064   Data   RO           42    .constdata          main.o
    0x080115fc   0x080115fc   0x00000014   Data   RO          604    .constdata          sd_diskio.o
    0x08011610   0x08011610   0x00000010   Data   RO          605    .constdata          sd_diskio.o
    0x08011620   0x08011620   0x00000008   Data   RO         6315    .constdata          stm32f4xx_hal_dma.o
    0x08011628   0x08011628   0x00000010   Data   RO         7002    .constdata          system_stm32f4xx.o
    0x08011638   0x08011638   0x00000008   Data   RO         7003    .constdata          system_stm32f4xx.o
    0x08011640   0x08011640   0x00000018   Data   RO         9080    .constdata          gt9xx.o
    0x08011658   0x08011658   0x000000a0   Data   RO        10405    .constdata          bitmapdatabase.o
    0x080116f8   0x080116f8   0x00000018   Data   RO        10562    .constdata          frontendapplicationbase.o
    0x08011710   0x08011710   0x00000008   Data   RO        10936    .constdata          screen1viewbase.o
    0x08011718   0x08011718   0x00000008   Data   RO        11316    .constdata          screen2viewbase.o
    0x08011720   0x08011720   0x00000008   Data   RO        11927    .constdata          touchgfx_core.lib(font.o)
    0x08011728   0x08011728   0x00000010   Data   RO        12026    .constdata          touchgfx_core.lib(lcd.o)
    0x08011738   0x08011738   0x00000048   Data   RO        12038    .constdata          touchgfx_core.lib(screen.o)
    0x08011780   0x08011780   0x00000028   Data   RO        12300    .constdata          c_w.l(_printf_hex_int.o)
    0x080117a8   0x080117a8   0x00000011   Data   RO        12330    .constdata          c_w.l(__printf_flags_wp.o)
    0x080117b9   0x080117b9   0x00000003   PAD
    0x080117bc   0x080117bc   0x0000004c   Data   RO         1675    .constdata__ZTV10STM32F4DMA  stm32f4dma.o
    0x08011808   0x08011808   0x000000a8   Data   RO         1953    .constdata__ZTV10STM32F4HAL  stm32f4hal.o
    0x080118b0   0x080118b0   0x0000003c   Data   RO         9994    .constdata__ZTV11Screen1View  screen1view.o
    0x080118ec   0x080118ec   0x00000038   Data   RO        10233    .constdata__ZTV11Screen2View  screen2view.o
    0x08011924   0x08011924   0x00000014   Data   RO          985    .constdata__ZTV12FrontendHeap  boardconfiguration.o
    0x08011938   0x08011938   0x0000003c   Data   RO        10957    .constdata__ZTV15Screen1ViewBase  screen1viewbase.o
    0x08011974   0x08011974   0x00000038   Data   RO        11336    .constdata__ZTV15Screen2ViewBase  screen2viewbase.o
    0x080119ac   0x080119ac   0x00000030   Data   RO         9701    .constdata__ZTV16Screen1Presenter  screen1presenter.o
    0x080119dc   0x080119dc   0x0000002c   Data   RO        10138    .constdata__ZTV16Screen2Presenter  screen2presenter.o
    0x08011a08   0x08011a08   0x0000003c   Data   RO         9466    .constdata__ZTV19FrontendApplication  frontendapplication.o
    0x08011a44   0x08011a44   0x00000014   Data   RO        10324    .constdata__ZTV23ApplicationFontProvider  applicationfontprovider.o
    0x08011a58   0x08011a58   0x0000003c   Data   RO          977    .constdata__ZTV23FrontendApplicationBase  boardconfiguration.o
    0x08011a94   0x08011a94   0x00000014   Data   RO        12067    .constdata__ZTVN8touchgfx10ClickEventE  touchgfx_core.lib(screen.o)
    0x08011aa8   0x08011aa8   0x0000003c   Data   RO        11727    .constdata__ZTVN8touchgfx11ApplicationE  touchgfx_core.lib(application.o)
    0x08011ae4   0x08011ae4   0x00000014   Data   RO        12071    .constdata__ZTVN8touchgfx12GestureEventE  touchgfx_core.lib(screen.o)
    0x08011af8   0x08011af8   0x00000020   Data   RO        10643    .constdata__ZTVN8touchgfx12NoTransitionE  frontendapplicationbase.o
    0x08011b18   0x08011b18   0x00000074   Data   RO        12141    .constdata__ZTVN8touchgfx12ToggleButtonE  touchgfx_core.lib(togglebutton.o)
    0x08011b8c   0x08011b8c   0x0000003c   Data   RO        10639    .constdata__ZTVN8touchgfx14MVPApplicationE  frontendapplicationbase.o
    0x08011bc8   0x08011bc8   0x00000074   Data   RO        11838    .constdata__ZTVN8touchgfx15ButtonWithLabelE  touchgfx_core.lib(buttonwithlabel.o)
    0x08011c3c   0x08011c3c   0x00000034   Data   RO        11695    .constdata__ZTVN8touchgfx17AbstractPartitionE  touchgfx_core.lib(abstractpartition.o)
    0x08011c70   0x08011c70   0x0000004c   Data   RO        12014    .constdata__ZTVN8touchgfx17InternalFlashFontE  touchgfx_core.lib(internalflashfont.o)
    0x08011cbc   0x08011cbc   0x00000024   Data   RO        11881    .constdata__ZTVN8touchgfx17LockFreeDMA_QueueE  touchgfx_core.lib(dma.o)
    0x08011ce0   0x08011ce0   0x00000028   Data   RO         2346    .constdata__ZTVN8touchgfx22STM32F4InstrumentationE  stm32f4instrumentation.o
    0x08011d08   0x08011d08   0x00000018   Data   RO         2196    .constdata__ZTVN8touchgfx22STM32F4TouchControllerE  stm32f4touchcontroller.o
    0x08011d20   0x08011d20   0x0000006c   Data   RO        11754    .constdata__ZTVN8touchgfx3BoxE  touchgfx_core.lib(box.o)
    0x08011d8c   0x08011d8c   0x000000a8   Data   RO        11972    .constdata__ZTVN8touchgfx3HALE  touchgfx_core.lib(hal.o)
    0x08011e34   0x08011e34   0x00000074   Data   RO        11818    .constdata__ZTVN8touchgfx6ButtonE  touchgfx_core.lib(button.o)
    0x08011ea8   0x08011ea8   0x00000034   Data   RO        12041    .constdata__ZTVN8touchgfx6ScreenE  touchgfx_core.lib(screen.o)
    0x08011edc   0x08011edc   0x0000006c   Data   RO        11027    .constdata__ZTVN8touchgfx6WidgetE  screen1viewbase.o
    0x08011f48   0x08011f48   0x00000018   Data   RO        11029    .constdata__ZTVN8touchgfx8CallbackI15Screen1ViewBaseRKNS_14AbstractButtonEvvEE  screen1viewbase.o
    0x08011f60   0x08011f60   0x00000018   Data   RO        11356    .constdata__ZTVN8touchgfx8CallbackI15Screen2ViewBaseRKNS_14AbstractButtonEvvEE  screen2viewbase.o
    0x08011f78   0x08011f78   0x00000018   Data   RO        10641    .constdata__ZTVN8touchgfx8CallbackI23FrontendApplicationBasevvvEE  frontendapplicationbase.o
    0x08011f90   0x08011f90   0x00000034   Data   RO        11703    .constdata__ZTVN8touchgfx8LCD24bppE  touchgfx_core.lib(lcd24bpp.o)
    0x08011fc4   0x08011fc4   0x0000007c   Data   RO        12114    .constdata__ZTVN8touchgfx8TextAreaE  touchgfx_core.lib(textarea.o)
    0x08012040   0x08012040   0x0000004c   Data   RO        12182    .constdata__ZTVN8touchgfx9ConstFontE  touchgfx_core.lib(constfont.o)
    0x0801208c   0x0801208c   0x00000090   Data   RO        11862    .constdata__ZTVN8touchgfx9ContainerE  touchgfx_core.lib(container.o)
    0x0801211c   0x0801211c   0x00000014   Data   RO        12069    .constdata__ZTVN8touchgfx9DragEventE  touchgfx_core.lib(screen.o)
    0x08012130   0x08012130   0x00000034   Data   RO          981    .constdata__ZTVN8touchgfx9PartitionINS_4meta8TypeListI11Screen1ViewNS2_INS1_3NilES4_EEEELt1EEE  boardconfiguration.o
    0x08012164   0x08012164   0x00000034   Data   RO          979    .constdata__ZTVN8touchgfx9PartitionINS_4meta8TypeListI16Screen2PresenterNS2_INS1_3NilES4_EEEELt1EEE  boardconfiguration.o
    0x08012198   0x08012198   0x00000034   Data   RO          983    .constdata__ZTVN8touchgfx9PartitionINS_4meta8TypeListINS_12NoTransitionENS2_INS1_3NilES4_EEEELt1EEE  boardconfiguration.o
    0x080121cc   0x080121cc   0x0000008e   Data   RO        10594    .constdata__ZZN8touchgfx14makeTransitionI11Screen1View16Screen1PresenterNS_12NoTransitionE5ModelEEPT0_PPNS_6ScreenEPPNS_9PresenterERNS_7MVPHeapEPPNS_10TransitionEPT2_Es_0  frontendapplicationbase.o
    0x0801225a   0x0801225a   0x0000004d   Data   RO        10595    .constdata__ZZN8touchgfx14makeTransitionI11Screen1View16Screen1PresenterNS_12NoTransitionE5ModelEEPT0_PPNS_6ScreenEPPNS_9PresenterERNS_7MVPHeapEPPNS_10TransitionEPT2_Es_1  frontendapplicationbase.o
    0x080122a7   0x080122a7   0x000000a3   Data   RO        10596    .constdata__ZZN8touchgfx14makeTransitionI11Screen1View16Screen1PresenterNS_12NoTransitionE5ModelEEPT0_PPNS_6ScreenEPPNS_9PresenterERNS_7MVPHeapEPPNS_10TransitionEPT2_Es_3  frontendapplicationbase.o
    0x0801234a   0x0801234a   0x000000a3   Data   RO        10597    .constdata__ZZN8touchgfx14makeTransitionI11Screen1View16Screen1PresenterNS_12NoTransitionE5ModelEEPT0_PPNS_6ScreenEPPNS_9PresenterERNS_7MVPHeapEPPNS_10TransitionEPT2_Es_5  frontendapplicationbase.o
    0x080123ed   0x080123ed   0x0000008e   Data   RO        10598    .constdata__ZZN8touchgfx14makeTransitionI11Screen2View16Screen2PresenterNS_12NoTransitionE5ModelEEPT0_PPNS_6ScreenEPPNS_9PresenterERNS_7MVPHeapEPPNS_10TransitionEPT2_Es_0  frontendapplicationbase.o
    0x0801247b   0x0801247b   0x0000004d   Data   RO        10599    .constdata__ZZN8touchgfx14makeTransitionI11Screen2View16Screen2PresenterNS_12NoTransitionE5ModelEEPT0_PPNS_6ScreenEPPNS_9PresenterERNS_7MVPHeapEPPNS_10TransitionEPT2_Es_1  frontendapplicationbase.o
    0x080124c8   0x080124c8   0x000000a3   Data   RO        10600    .constdata__ZZN8touchgfx14makeTransitionI11Screen2View16Screen2PresenterNS_12NoTransitionE5ModelEEPT0_PPNS_6ScreenEPPNS_9PresenterERNS_7MVPHeapEPPNS_10TransitionEPT2_Es_3  frontendapplicationbase.o
    0x0801256b   0x0801256b   0x000000a3   Data   RO        10601    .constdata__ZZN8touchgfx14makeTransitionI11Screen2View16Screen2PresenterNS_12NoTransitionE5ModelEEPT0_PPNS_6ScreenEPPNS_9PresenterERNS_7MVPHeapEPPNS_10TransitionEPT2_Es_5  frontendapplicationbase.o
    0x0801260e   0x0801260e   0x00000042   Data   RO        11332    .constdata__ZZNK8touchgfx9TypedText11assertValidEvEs_0  screen2viewbase.o
    0x08012650   0x08012650   0x0000004d   Data   RO        11333    .constdata__ZZNK8touchgfx9TypedText11assertValidEvEs_1  screen2viewbase.o
    0x0801269d   0x0801269d   0x00000052   Data   RO        11334    .constdata__ZZNK8touchgfx9TypedText11assertValidEvEs_3  screen2viewbase.o
    0x080126ef   0x080126ef   0x00000001   PAD
    0x080126f0   0x080126f0   0x0000001c   Data   RO           43    .conststring        main.o
    0x0801270c   0x0801270c   0x000000a1   Data   RO         9088    .conststring        gt9xx.o
    0x080127ad   0x080127ad   0x00000003   PAD
    0x080127b0   0x080127b0   0x00004000   Data   RO        10362    ExtFlashSection     b10.o
    0x080167b0   0x080167b0   0x00004000   Data   RO        10374    ExtFlashSection     b4.o
    0x0801a7b0   0x0801a7b0   0x00004000   Data   RO        10383    ExtFlashSection     b5.o
    0x0801e7b0   0x0801e7b0   0x00004000   Data   RO        10392    ExtFlashSection     b7.o
    0x080227b0   0x080227b0   0x00009f60   Data   RO        10432    ExtFlashSection     blue_buttons_round_small.o
    0x0802c710   0x0802c710   0x00009f60   Data   RO        10441    ExtFlashSection     blue_buttons_round_small_pressed.o
    0x08036670   0x08036670   0x00004c00   Data   RO        10450    ExtFlashSection     blue_togglebars_toggle_round_large_button_off.o
    0x0803b270   0x0803b270   0x00004c00   Data   RO        10459    ExtFlashSection     blue_togglebars_toggle_round_large_button_on.o
    0x0803fe70   0x0803fe70   0x00000118   Data   RO        10468    FontFlashSection    font_verdana_10_4bpp.o
    0x0803ff88   0x0803ff88   0x000004b3   Data   RO        10477    FontFlashSection    font_verdana_20_4bpp.o
    0x0804043b   0x0804043b   0x00000001   PAD
    0x0804043c   0x0804043c   0x00000001   Data   RO        10486    FontFlashSection    font_verdana_40_4bpp.o
    0x0804043d   0x0804043d   0x00000003   PAD
    0x08040440   0x08040440   0x00000004   Data   RO        10875    FontFlashSection    kerning_verdana_10_4bpp.o
    0x08040444   0x08040444   0x00000004   Data   RO        10893    FontFlashSection    kerning_verdana_20_4bpp.o
    0x08040448   0x08040448   0x00000004   Data   RO        10902    FontFlashSection    kerning_verdana_40_4bpp.o
    0x0804044c   0x0804044c   0x0000009a   Data   RO        11557    FontFlashSection    table_verdana_10_4bpp.o
    0x080404e6   0x080404e6   0x00000002   PAD
    0x080404e8   0x080404e8   0x000000ee   Data   RO        11566    FontFlashSection    table_verdana_20_4bpp.o
    0x080405d6   0x080405d6   0x00000002   PAD
    0x080405d8   0x080405d8   0x0000000e   Data   RO        11575    FontFlashSection    table_verdana_40_4bpp.o
    0x080405e6   0x080405e6   0x00000002   PAD
    0x080405e8   0x080405e8   0x00000020   Data   RO        12781    Region$$Table       anon$$obj.o
    0x08040608   0x08040608   0x0000001e   Data   RO        10911    TextFlashSection    languagegb.o
    0x08040626   0x08040626   0x00000002   PAD
    0x08040628   0x08040628   0x0000000e   Data   RO        10912    TextFlashSection    languagegb.o
    0x08040636   0x08040636   0x00000002   PAD
    0x08040638   0x08040638   0x00000008   Data   RO        10913    TextFlashSection    languagegb.o
    0x08040640   0x08040640   0x00000010   Data   RO        10914    TextFlashSection    languagegb.o
    0x08040650   0x08040650   0x00000008   Data   RO        10915    TextFlashSection    languagegb.o
    0x08040658   0x08040658   0x00000008   Data   RO        10916    TextFlashSection    languagegb.o
    0x08040660   0x08040660   0x00000018   Data   RO        10917    TextFlashSection    languagegb.o
    0x08040678   0x08040678   0x00000004   Data   RO        11594    TextFlashSection    texts.o
    0x0804067c   0x0804067c   0x0000000c   Data   RO        11662    TextFlashSection    typedtextdatabase.o
    0x08040688   0x08040688   0x00000004   Data   RO        11663    TextFlashSection    typedtextdatabase.o
    0x0804068c   0x0804068c   0x00000004   Data   RO          877    .init_array         boardconfiguration.o
    0x08040690   0x0804068c   0x00000004   Data   RO        11593    .init_array         texts.o
    0x08040694   0x0804068c   0x00000004   Data   RO        11661    .init_array         typedtextdatabase.o
    0x08040698   0x0804068c   0x00000000   Data   RO        12370    .init_array         c_w.l(init_aeabi.o)


    Execution Region RW_IRAM1 (Exec base: 0x20000000, Load base: 0x08040698, Size: 0x0000acb0, Max: 0x00030000, ABSOLUTE, COMPRESSED[0x0000070c])

    Exec Addr    Load Addr    Size         Type   Attr      Idx    E Section Name        Object

    0x20000000   COMPRESSED   0x00000018   Data   RW           44    .data               main.o
    0x20000018   COMPRESSED   0x00000008   Data   RW          606    .data               sd_diskio.o
    0x20000020   COMPRESSED   0x00000005   Data   RW          750    .data               fatfs.o
    0x20000025   COMPRESSED   0x00000003   PAD
    0x20000028   COMPRESSED   0x00000014   Data   RW          876    .data               boardconfiguration.o
    0x2000003c   COMPRESSED   0x00000001   Data   RW         1619    .data               stm32f4dma.o
    0x2000003d   COMPRESSED   0x00000001   PAD
    0x2000003e   COMPRESSED   0x00000004   Data   RW         1888    .data               stm32f4hal.o
    0x20000042   COMPRESSED   0x00000002   PAD
    0x20000044   COMPRESSED   0x00000008   Data   RW         2433    .data               hw_init.o
    0x2000004c   COMPRESSED   0x0000000c   Data   RW         6762    .data               stm32f4xx_hal.o
    0x20000058   COMPRESSED   0x00000004   Data   RW         7004    .data               system_stm32f4xx.o
    0x2000005c   COMPRESSED   0x0000003c   Data   RW         8137    .data               tasks.o
    0x20000098   COMPRESSED   0x00000018   Data   RW         8791    .data               heap_4.o
    0x200000b0   COMPRESSED   0x0000000c   Data   RW         8854    .data               port.o
    0x200000bc   COMPRESSED   0x0000026c   Data   RW         9089    .data               gt9xx.o
    0x20000328   COMPRESSED   0x00000004   Data   RW         9194    .data               uart.o
    0x2000032c   COMPRESSED   0x0000000c   Data   RW         9367    .data               oswrappers.o
    0x20000338   COMPRESSED   0x0000000c   Data   RW        10502    .data               fontgetters.o
    0x20000344   COMPRESSED   0x00000008   Data   RW        11588    .data               texts.o
    0x2000034c   COMPRESSED   0x00000008   Data   RW        11589    .data               texts.o
    0x20000354   COMPRESSED   0x00000008   Data   RW        11590    .data               texts.o
    0x2000035c   COMPRESSED   0x00000008   Data   RW        11591    .data               texts.o
    0x20000364   COMPRESSED   0x00000008   Data   RW        11592    .data               texts.o
    0x2000036c   COMPRESSED   0x00000010   Data   RW        11724    .data               touchgfx_core.lib(application.o)
    0x2000037c   COMPRESSED   0x00000024   Data   RW        11747    .data               touchgfx_core.lib(bitmap.o)
    0x200003a0   COMPRESSED   0x00000004   Data   RW        11964    .data               touchgfx_core.lib(fontmanager.o)
    0x200003a4   COMPRESSED   0x00000014   Data   RW        11969    .data               touchgfx_core.lib(hal.o)
    0x200003b8   COMPRESSED   0x00000004   Data   RW        12156    .data               touchgfx_core.lib(typedtext.o)
    0x200003bc   COMPRESSED   0x00000004   Data   RW        12157    .data               touchgfx_core.lib(typedtext.o)
    0x200003c0   COMPRESSED   0x00000004   Data   RW        12158    .data               touchgfx_core.lib(typedtext.o)
    0x200003c4   COMPRESSED   0x00000002   Data   RW        12159    .data               touchgfx_core.lib(typedtext.o)
    0x200003c6   COMPRESSED   0x000007e2   Data   RW        12204    .data               touchgfx_core.lib(textprovider.o)
    0x20000ba8   COMPRESSED   0x00000004   Data   RW          986    .data__ZZN12FrontendHeap11getInstanceEvE8instance  boardconfiguration.o
    0x20000bac   COMPRESSED   0x00000004   Data   RW          988    .data__ZZN8touchgfx6getHALI10STM32F4HALEERNS_3HALERNS_13DMA_InterfaceERNS_3LCDERNS_15TouchControllerEssE3hal  boardconfiguration.o
    0x20000bb0        -       0x0000011c   Zero   RW           39    .bss                main.o
    0x20000ccc        -       0x00000060   Zero   RW           40    .bss                main.o
    0x20000d2c        -       0x00000060   Zero   RW           41    .bss                main.o
    0x20000d8c        -       0x00000200   Zero   RW          603    .bss                sd_diskio.o
    0x20000f8c        -       0x00000258   Zero   RW          828    .bss                freertos.o
    0x200011e4        -       0x00000ab0   Zero   RW          875    .bss                boardconfiguration.o
    0x20001c94        -       0x00000040   Zero   RW         2314    .bss                stm32f4instrumentation.o
    0x20001cd4        -       0x0000012c   Zero   RW         2432    .bss                hw_init.o
    0x20001e00        -       0x00000040   Zero   RW         2694    .bss                stm32f4xx_hal_timebase_tim.o
    0x20001e40        -       0x0000000c   Zero   RW         7489    .bss                ff_gen_drv.o
    0x20001e4c        -       0x000000f0   Zero   RW         8136    .bss                tasks.o
    0x20001f3c        -       0x00008000   Zero   RW         8790    .bss                heap_4.o
    0x20009f3c        -       0x00000060   Zero   RW        10501    .bss                fontgetters.o
    0x20009f9c        -       0x0000000c   Zero   RW        11660    .bss                typedtextdatabase.o
    0x20009fa8        -       0x0000004c   Zero   RW        12211    .bss                touchgfx_core.lib(touchcalibration.o)
    0x20009ff4        -       0x00000060   Zero   RW        12621    .bss                c_w.l(libspace.o)
    0x2000a054        -       0x000003f4   Zero   RW          987    .bss__ZZN12FrontendHeap11getInstanceEvE8instance  boardconfiguration.o
    0x2000a448        -       0x00000068   Zero   RW          989    .bss__ZZN8touchgfx6getHALI10STM32F4HALEERNS_3HALERNS_13DMA_InterfaceERNS_3LCDERNS_15TouchControllerEssE3hal  boardconfiguration.o
    0x2000a4b0        -       0x00000400   Zero   RW            2    HEAP                startup_stm32f429xx.o
    0x2000a8b0        -       0x00000400   Zero   RW            1    STACK               startup_stm32f429xx.o


==============================================================================

Image component sizes


      Code (inc. data)   RO Data    RW Data    ZI Data      Debug   Object Name

        28          0         20          0          0      12016   applicationfontprovider.o
         0          0      16384          0          0        627   b10.o
         0          0      16384          0          0        626   b4.o
         0          0      16384          0          0        626   b5.o
         0          0      16384          0          0        626   b7.o
        12          4        160          0          0       8554   bitmapdatabase.o
         0          0      40800          0          0        768   blue_buttons_round_small.o
         0          0      40800          0          0        808   blue_buttons_round_small_pressed.o
         0          0      19456          0          0        873   blue_togglebars_toggle_round_large_button_off.o
         0          0      19456          0          0        868   blue_togglebars_toggle_round_large_button_on.o
      1000        178        240         28       3852     123373   boardconfiguration.o
       188         22          0          0          0     815686   bsp_driver_sd.o
       850         46          0          0          0      11362   bsp_i2c_touch.o
       468          8          0          0          0      31851   cmsis_os.o
         0          0          0          0          0      18048   event_groups.o
        28         10          0          5          0      16366   fatfs.o
        24          4          0          0          0        545   fatfs_platform.o
        70          6          0          0         12       1627   ff_gen_drv.o
         0          0        280          0          0        699   font_verdana_10_4bpp.o
         0          0       1203          0          0        699   font_verdana_20_4bpp.o
         0          0          1          0          0        699   font_verdana_40_4bpp.o
       328         88          0         12         96      14205   fontgetters.o
        20          4          0          0        600       1208   freertos.o
        38          4         60          0          0      29000   frontendapplication.o
       938         90       1230          0          0      53083   frontendapplicationbase.o
         8          0          0          0          0       2200   gpio.o
      1382        442        185        620          0       9150   gt9xx.o
       464         22          0         24      32768       7447   heap_4.o
      1388        164          0          8        300       7123   hw_init.o
         0          0          4          0          0       7662   kerning_verdana_10_4bpp.o
         0          0          4          0          0       1402   kerning_verdana_20_4bpp.o
         0          0          4          0          0       1402   kerning_verdana_40_4bpp.o
         0          0        108          0          0        930   languagegb.o
       138          0          0          0          0       3562   list.o
      1230        122        128         24        476     809445   main.o
        78         12          0          0          0       7304   model.o
       240         44          0         12          0       4412   oswrappers.o
       786         84          0         12          0      11941   port.o
      2234         20          0          0          0      19671   queue.o
        46          6         48          0          0      54184   screen1presenter.o
        84         10         60          0          0      30816   screen1view.o
       994         40        200          0          0      58972   screen1viewbase.o
        32          6         44          0          0      16412   screen2presenter.o
        36         10         56          0          0      18540   screen2view.o
       682         66        313          0          0      56272   screen2viewbase.o
       698         52         36          8        512      40349   sd_diskio.o
        64         26        428          0       2048        844   startup_stm32f429xx.o
      1008         74         76          1          0     696475   stm32f4dma.o
       382         42        168          4          0     694124   stm32f4hal.o
       192         18         40          0         64       6108   stm32f4instrumentation.o
        60         10         24          0          0     761490   stm32f4touchcontroller.o
       116         18          0         12          0       3878   stm32f4xx_hal.o
       192         14          0          0          0      33932   stm32f4xx_hal_cortex.o
        40          0          0          0          0       1059   stm32f4xx_hal_crc.o
      1038         14          8          0          0       6658   stm32f4xx_hal_dma.o
      1168         12          0          0          0       9895   stm32f4xx_hal_dma2d.o
       846        104          0          0          0       4822   stm32f4xx_hal_gpio.o
      1118         18          0          0          0       7463   stm32f4xx_hal_ltdc.o
       708         82          0          0          0       4433   stm32f4xx_hal_msp.o
       116         12          0          0          0       1320   stm32f4xx_hal_pwr_ex.o
      1480         80          0          0          0       6849   stm32f4xx_hal_rcc.o
       584         38          0          0          0       1800   stm32f4xx_hal_rcc_ex.o
      3156         42          0          0          0      19687   stm32f4xx_hal_sd.o
       162          0          0          0          0       2796   stm32f4xx_hal_sdram.o
       130          0          0          0          0       1175   stm32f4xx_hal_spi.o
       704         44          0          0          0       6552   stm32f4xx_hal_tim.o
        70          0          0          0          0       2481   stm32f4xx_hal_tim_ex.o
       116         16          0          0         64       1427   stm32f4xx_hal_timebase_tim.o
       888          8          0          0          0       1860   stm32f4xx_hal_uart.o
        84         36          0          0          0       5494   stm32f4xx_it.o
       276          4          0          0          0       3640   stm32f4xx_ll_fmc.o
      1692         50          0          0          0      24287   stm32f4xx_ll_sdmmc.o
        84         18         24          4          0       1159   system_stm32f4xx.o
         0          0        154          0          0       1393   table_verdana_10_4bpp.o
         0          0        238          0          0       1393   table_verdana_20_4bpp.o
         0          0         14          0          0       1393   table_verdana_40_4bpp.o
      2538        196          0         60        240      28219   tasks.o
        88         30          8         40          0       9886   texts.o
        52         12         20          0         12       5512   typedtextdatabase.o
        24          6          0          4          0       3161   uart.o

    ----------------------------------------------------------------------
     33766       2588     191684        884      41044    4676704   Object Totals
         0          0         32          0          0          0   (incl. Generated)
        78          0         18          6          0          0   (incl. Padding)

    ----------------------------------------------------------------------

      Code (inc. data)   RO Data    RW Data    ZI Data      Debug   Library Member Name

        24          4          0          0          0         84   __2printf.o
        90          0          0          0          0          0   __dczerorl2.o
         8          0          0          0          0         68   __main.o
       312          4         17          0          0         92   __printf_flags_wp.o
        14          0          0          0          0         68   __printf_wp.o
         0          0          0          0          0          0   __rtentry.o
        12          0          0          0          0          0   __rtentry2.o
         6          0          0          0          0          0   __rtentry4.o
        52          8          0          0          0          0   __scatter.o
        28          0          0          0          0          0   __scatter_zi.o
         6          0          0          0          0          0   _printf_c.o
        44          0          0          0          0        108   _printf_char.o
        48          6          0          0          0         96   _printf_char_common.o
        36          4          0          0          0         80   _printf_char_file.o
         6          0          0          0          0          0   _printf_d.o
       120         16          0          0          0         92   _printf_dec.o
        88          4         40          0          0         88   _printf_hex_int.o
       178          0          0          0          0         88   _printf_intcommon.o
        78          0          0          0          0        108   _printf_pad.o
         0          0          0          0          0          0   _printf_percent.o
         4          0          0          0          0          0   _printf_percent_end.o
        82          0          0          0          0         80   _printf_str.o
         6          0          0          0          0          0   _printf_x.o
        22          0          0          0          0         80   abort.o
        46          0          0          0          0         84   aeabi_atexit.o
       128         42          0          0          0         76   assert.o
        20          0          0          0          0         76   assert_puts.o
        66          0          0          0          0         84   cxa_finalize.o
        48         34          0          0          0         76   defsig_abrt_inner.o
        14          0          0          0          0         80   defsig_abrt_outer.o
        10          0          0          0          0         68   defsig_exit.o
        50          0          0          0          0         88   defsig_general.o
        48         34          0          0          0         76   defsig_pvfn_inner.o
        14          0          0          0          0         80   defsig_pvfn_outer.o
        80         58          0          0          0         76   defsig_rtmem_inner.o
        14          0          0          0          0         80   defsig_rtmem_outer.o
        18          0          0          0          0         80   exit.o
         8          0          0          0          0         68   ferror.o
        94          0          0          0          0         80   h1_alloc.o
        52          0          0          0          0         68   h1_extend.o
        78          0          0          0          0         80   h1_free.o
        14          0          0          0          0         84   h1_init.o
         6          0          0          0          0        152   heapauxi.o
         4          0          0          0          0        136   hguard.o
        36         10          0          0          0         80   init_aeabi.o
       138          0          0          0          0        168   init_alloc.o
         2          0          0          0          0          0   libinit.o
        18          0          0          0          0          0   libinit2.o
         2          0          0          0          0          0   libshutdown.o
         8          0          0          0          0          0   libshutdown2.o
         8          4          0          0         96         68   libspace.o
       238          0          0          0          0        100   lludivv7m.o
         0          0          0          0          0          0   maybetermalloc1.o
         8          4          0          0          0         68   rt_ddtor_pointer_addr_intlibspace.o
         8          4          0          0          0         68   rt_heap_descriptor_intlibspace.o
        68          0          0          0          0         68   rt_memclr.o
        78          0          0          0          0         80   rt_memclr_w.o
       138          0          0          0          0         68   rt_memcpy_v6.o
       100          0          0          0          0         80   rt_memcpy_w.o
         2          0          0          0          0          0   rtexit.o
        10          0          0          0          0          0   rtexit2.o
        74          0          0          0          0         80   sys_stackheap_outer.o
         2          0          0          0          0         68   use_no_semi.o
         2          0          0          0          0         68   use_no_semi_2.o
        36          0          0          0          0         84   aeabi_vec_ctor_nocookie_nodtor.o
        16          0          0          0          0         68   cxa_guard_acquire.o
         8          0          0          0          0         76   delete.o
         6          0          0          0          0         68   pure_virt.o
        10          0          0          0          0        116   fpinit.o
        92          0          0          0          0        136   abstractbutton.o
       200          4         52          0          0        472   abstractpartition.o
      2992         66         60         16          0       1056   application.o
      2456         34          0         36          0       1064   bitmap.o
       248          6        108          0          0       1696   box.o
       428          8        116          0          0        220   button.o
       672         24        116          0          0        404   buttonwithlabel.o
       120          6          0          0          0        128   color.o
       324          6         76          0          0        312   constfont.o
      1138          0        144          0          0        856   container.o
       392         22          0          0          0        412   displaytransformation.o
       538         10         36          0          0       1016   dma.o
       676          0          0          0          0        392   drawable.o
       786         14          8          0          0       1100   font.o
        28          4          0          4          0        232   fontmanager.o
       348         12          0          0          0        316   gestures.o
      2482         36        168         20          0       1936   hal.o
       198          6         76          0          0        528   internalflashfont.o
      7280         52         16          0          0       1416   lcd.o
      5486         50         52          0          0       1180   lcd24bpp.o
      2160         56        184          0          0       1404   screen.o
       108         26          0          0          0        116   stm32_crc_lock.o
       774         20        124          0          0        520   textarea.o
      1144         30          0       2018          0        540   textprovider.o
      1412          4          0          0          0        304   texturemaptypes.o
       144          6        116          0          0        368   togglebutton.o
       748          4          0          0         76        432   touchcalibration.o
         0          0          0         14          0          0   typedtext.o
       372          0          0          0          0        524   utils.o

    ----------------------------------------------------------------------
     36870        742       1512       2108        172      23380   Library Totals
        32          0          3          0          0          0   (incl. Padding)

    ----------------------------------------------------------------------

      Code (inc. data)   RO Data    RW Data    ZI Data      Debug   Library Name

      3016        236         57          0         96       3888   c_w.l
        66          0          0          0          0        296   cpprt_w.l
        10          0          0          0          0        116   fz_wm.l
     33746        506       1452       2108         76      19080   touchgfx_core.lib

    ----------------------------------------------------------------------
     36870        742       1512       2108        172      23380   Library Totals

    ----------------------------------------------------------------------

==============================================================================


      Code (inc. data)   RO Data    RW Data    ZI Data      Debug   

     70636       3330     193196       2992      41216    4643640   Grand Totals
     70636       3330     193196       1804      41216    4643640   ELF Image Totals (compressed)
     70636       3330     193196       1804          0          0   ROM Totals

==============================================================================

    Total RO  Size (Code + RO Data)               263832 ( 257.65kB)
    Total RW  Size (RW Data + ZI Data)             44208 (  43.17kB)
    Total ROM Size (Code + RO Data + RW Data)     265636 ( 259.41kB)

==============================================================================

