<html>
<body>
<pre>
<h1>µVision Build Log</h1>
<h2>Tool Versions:</h2>
IDE-Version: ¦ÌVision V5.26.2.0
Copyright (C) 2018 ARM Ltd and ARM Germany GmbH. All rights reserved.
License Information: 454 akqbdlk@gmail.com, 5+6, LIC=QF8PC-7DJVF-EHY8P-MGZMM-Y1SVZ-RLPW1
 
Tool Versions:
Toolchain:       MDK-ARM Plus  Version: 5.26.2.0
Toolchain Path:  D:\Keil_v5\ARM\ARMCC\Bin
C Compiler:      Armcc.exe V5.06 update 6 (build 750)
Assembler:       Armasm.exe V5.06 update 6 (build 750)
Linker/Locator:  ArmLink.exe V5.06 update 6 (build 750)
Library Manager: ArmAr.exe V5.06 update 6 (build 750)
Hex Converter:   FromElf.exe V5.06 update 6 (build 750)
CPU DLL:         SARMCM3.DLL V5.26.2.0
Dialog DLL:      DCM.DLL V1.17.2.0
Target DLL:      Segger\JL2CM3.dll V2.99.31.0
Dialog DLL:      TCM.DLL V1.36.1.0
 
<h2>Project:</h2>
C:\Users\akqbd\Desktop\TouchGFX\demo\MDK-ARM\demo.uvprojx
Project File Date:  07/29/2019

<h2>Output:</h2>
*** Using Compiler 'V5.06 update 6 (build 750)', folder: 'D:\Keil_v5\ARM\ARMCC\Bin'
Build target 'demo'
compiling Screen1Presenter.cpp...
compiling BoardConfiguration.cpp...
compiling Model.cpp...
compiling Screen2Presenter.cpp...
compiling Screen2View.cpp...
compiling FrontendApplicationBase.cpp...
compiling Screen1ViewBase.cpp...
compiling Screen2ViewBase.cpp...
compiling Screen1View.cpp...
linking...
Program Size: Code=71104 RO-data=251588 RW-data=2992 ZI-data=41216  
FromELF: creating hex file...
"demo\demo.axf" - 0 Error(s), 0 Warning(s).

<h2>Software Packages used:</h2>

Package Vendor: ARM
                http://www.keil.com/pack/ARM.CMSIS.5.4.0.pack
                ARM.CMSIS.5.4.0
                CMSIS (Cortex Microcontroller Software Interface Standard)
   * Component: CORE Version: 5.1.2

Package Vendor: Keil
                http://www.keil.com/pack/Keil.STM32F4xx_DFP.2.10.0.pack
                Keil.STM32F4xx_DFP.2.10.0
                STMicroelectronics STM32F4 Series Device Support, Drivers and Examples

<h2>Collection of Component include folders:</h2>
  .\RTE\_demo
  D:\Keil_v5\ARM\PACK\ARM\CMSIS\5.4.0\CMSIS\Core\Include
  D:\Keil_v5\ARM\PACK\Keil\STM32F4xx_DFP\2.10.0\Drivers\CMSIS\Device\ST\STM32F4xx\Include

<h2>Collection of Component Files used:</h2>

   * Component: ARM::CMSIS:CORE:5.1.2
Build Time Elapsed:  00:00:15
</pre>
</body>
</html>
