Component: ARM Compiler 5.06 update 6 (build 750) Tool: armlink [4d35ed]

==============================================================================

Section Cross References

    startup_stm32f429xx.o(STACK) refers (Special) to heapauxi.o(.text) for __use_two_region_memory
    startup_stm32f429xx.o(HEAP) refers (Special) to heapauxi.o(.text) for __use_two_region_memory
    startup_stm32f429xx.o(RESET) refers (Special) to heapauxi.o(.text) for __use_two_region_memory
    startup_stm32f429xx.o(RESET) refers to startup_stm32f429xx.o(STACK) for __initial_sp
    startup_stm32f429xx.o(RESET) refers to startup_stm32f429xx.o(.text) for Reset_Handler
    startup_stm32f429xx.o(RESET) refers to stm32f4xx_it.o(i.NMI_Handler) for NMI_Handler
    startup_stm32f429xx.o(RESET) refers to stm32f4xx_it.o(i.HardFault_Handler) for HardFault_Handler
    startup_stm32f429xx.o(RESET) refers to stm32f4xx_it.o(i.MemManage_Handler) for MemManage_Handler
    startup_stm32f429xx.o(RESET) refers to stm32f4xx_it.o(i.BusFault_Handler) for BusFault_Handler
    startup_stm32f429xx.o(RESET) refers to stm32f4xx_it.o(i.UsageFault_Handler) for UsageFault_Handler
    startup_stm32f429xx.o(RESET) refers to port.o(.emb_text) for SVC_Handler
    startup_stm32f429xx.o(RESET) refers to stm32f4xx_it.o(i.DebugMon_Handler) for DebugMon_Handler
    startup_stm32f429xx.o(RESET) refers to port.o(i.SysTick_Handler) for SysTick_Handler
    startup_stm32f429xx.o(RESET) refers to stm32f4xx_it.o(i.SDIO_IRQHandler) for SDIO_IRQHandler
    startup_stm32f429xx.o(RESET) refers to stm32f4xx_it.o(i.TIM6_DAC_IRQHandler) for TIM6_DAC_IRQHandler
    startup_stm32f429xx.o(RESET) refers to stm32f4xx_it.o(i.DMA2_Stream3_IRQHandler) for DMA2_Stream3_IRQHandler
    startup_stm32f429xx.o(RESET) refers to stm32f4xx_it.o(i.DMA2_Stream6_IRQHandler) for DMA2_Stream6_IRQHandler
    startup_stm32f429xx.o(RESET) refers to stm32f4xx_it.o(i.LTDC_IRQHandler) for LTDC_IRQHandler
    startup_stm32f429xx.o(RESET) refers to stm32f4xx_it.o(i.DMA2D_IRQHandler) for DMA2D_IRQHandler
    startup_stm32f429xx.o(.text) refers (Special) to heapauxi.o(.text) for __use_two_region_memory
    startup_stm32f429xx.o(.text) refers to system_stm32f4xx.o(i.SystemInit) for SystemInit
    startup_stm32f429xx.o(.text) refers to __main.o(!!!main) for __main
    startup_stm32f429xx.o(.text) refers to startup_stm32f429xx.o(HEAP) for Heap_Mem
    startup_stm32f429xx.o(.text) refers to startup_stm32f429xx.o(STACK) for Stack_Mem
    main.o(i.HAL_TIM_PeriodElapsedCallback) refers to stm32f4xx_hal.o(i.HAL_IncTick) for HAL_IncTick
    main.o(i.MX_SPI5_Init) refers to stm32f4xx_hal_spi.o(i.HAL_SPI_Init) for HAL_SPI_Init
    main.o(i.MX_SPI5_Init) refers to main.o(i.Error_Handler) for Error_Handler
    main.o(i.MX_SPI5_Init) refers to main.o(.bss) for .bss
    main.o(i.SystemClock_Config) refers to rt_memclr_w.o(.text) for __aeabi_memclr4
    main.o(i.SystemClock_Config) refers to stm32f4xx_hal_rcc.o(i.HAL_RCC_OscConfig) for HAL_RCC_OscConfig
    main.o(i.SystemClock_Config) refers to main.o(i.Error_Handler) for Error_Handler
    main.o(i.SystemClock_Config) refers to stm32f4xx_hal_pwr_ex.o(i.HAL_PWREx_EnableOverDrive) for HAL_PWREx_EnableOverDrive
    main.o(i.SystemClock_Config) refers to stm32f4xx_hal_rcc.o(i.HAL_RCC_ClockConfig) for HAL_RCC_ClockConfig
    main.o(i.SystemClock_Config) refers to stm32f4xx_hal_rcc_ex.o(i.HAL_RCCEx_PeriphCLKConfig) for HAL_RCCEx_PeriphCLKConfig
    main.o(i._Z11MX_CRC_Initv) refers to stm32f4xx_hal_crc.o(i.HAL_CRC_Init) for HAL_CRC_Init
    main.o(i._Z11MX_CRC_Initv) refers to main.o(i.Error_Handler) for Error_Handler
    main.o(i._Z11MX_CRC_Initv) refers to main.o(.data) for .data
    main.o(i._Z11MX_DMA_Initv) refers to stm32f4xx_hal_cortex.o(i.HAL_NVIC_SetPriority) for HAL_NVIC_SetPriority
    main.o(i._Z11MX_DMA_Initv) refers to stm32f4xx_hal_cortex.o(i.HAL_NVIC_EnableIRQ) for HAL_NVIC_EnableIRQ
    main.o(i._Z12MX_GPIO_Initv) refers to rt_memclr_w.o(.text) for __aeabi_memclr4
    main.o(i._Z12MX_GPIO_Initv) refers to stm32f4xx_hal_gpio.o(i.HAL_GPIO_WritePin) for HAL_GPIO_WritePin
    main.o(i._Z12MX_GPIO_Initv) refers to stm32f4xx_hal_gpio.o(i.HAL_GPIO_Init) for HAL_GPIO_Init
    main.o(i._Z12StartLEDTaskPKv) refers to stm32f4xx_hal_gpio.o(i.HAL_GPIO_TogglePin) for HAL_GPIO_TogglePin
    main.o(i._Z12StartLEDTaskPKv) refers to cmsis_os.o(i.osDelay) for osDelay
    main.o(i._Z13StartTGUITaskPKv) refers to cmsis_os.o(i.osMessageGet) for osMessageGet
    main.o(i._Z13StartTGUITaskPKv) refers to stm32f4xx_hal_gpio.o(i.HAL_GPIO_TogglePin) for HAL_GPIO_TogglePin
    main.o(i._Z13StartTGUITaskPKv) refers to stm32f4xx_hal_gpio.o(i.HAL_GPIO_ReadPin) for HAL_GPIO_ReadPin
    main.o(i._Z13StartTGUITaskPKv) refers to cmsis_os.o(i.osMessagePut) for osMessagePut
    main.o(i._Z13StartTGUITaskPKv) refers to cmsis_os.o(i.osDelay) for osDelay
    main.o(i._Z13StartTGUITaskPKv) refers to main.o(.data) for .data
    main.o(i._Z15MX_SDIO_SD_Initv) refers to main.o(.bss) for .bss
[...]
    0x08009378   0x08009378   0x00000070   Code   RO         2954    i.FMC_SDRAM_Timing_Init  stm32f4xx_ll_fmc.o
    0x080093e8   0x080093e8   0x00000004   Code   RO         9062    i.GT9xx_GetOnePiont  gt9xx.o
    0x080093ec   0x080093ec   0x000000b0   Code   RO         9063    i.GTP_Get_Info      gt9xx.o
    0x0800949c   0x0800949c   0x0000006c   Code   RO         9064    i.GTP_I2C_Read      gt9xx.o
    0x08009508   0x08009508   0x0000006c   Code   RO         9066    i.GTP_I2C_Test      gt9xx.o
    0x08009574   0x08009574   0x00000050   Code   RO         9067    i.GTP_I2C_Write     gt9xx.o
    0x080095c4   0x080095c4   0x000000cc   Code   RO         9068    i.GTP_Init_Panel    gt9xx.o
    0x08009690   0x08009690   0x0000014c   Code   RO         9069    i.GTP_Read_Version  gt9xx.o
    0x080097dc   0x080097dc   0x0000000c   Code   RO         9072    i.GTP_Touch_Down    gt9xx.o
    0x080097e8   0x080097e8   0x00000010   Code   RO         9073    i.GTP_Touch_Up      gt9xx.o
    0x080097f8   0x080097f8   0x00000100   Code   RO         9075    i.Goodix_TS_Work_Func  gt9xx.o
    0x080098f8   0x080098f8   0x00000028   Code   RO         4502    i.HAL_CRC_Init      stm32f4xx_hal_crc.o
    0x08009920   0x08009920   0x00000028   Code   RO         2610    i.HAL_CRC_MspInit   stm32f4xx_hal_msp.o
    0x08009948   0x08009948   0x0000005e   Code   RO         2734    i.HAL_DMA2D_Abort   stm32f4xx_hal_dma2d.o
    0x080099a6   0x080099a6   0x00000048   Code   RO         2736    i.HAL_DMA2D_BlendingStart_IT  stm32f4xx_hal_dma2d.o
    0x080099ee   0x080099ee   0x00000002   Code   RO         2739    i.HAL_DMA2D_CLUTLoadingCpltCallback  stm32f4xx_hal_dma2d.o
    0x080099f0   0x080099f0   0x00000066   Code   RO         2740    i.HAL_DMA2D_CLUTLoading_Abort  stm32f4xx_hal_dma2d.o
    0x08009a56   0x08009a56   0x00000002   PAD
    0x08009a58   0x08009a58   0x000000a4   Code   RO         2745    i.HAL_DMA2D_ConfigLayer  stm32f4xx_hal_dma2d.o
    0x08009afc   0x08009afc   0x00000088   Code   RO         2746    i.HAL_DMA2D_DeInit  stm32f4xx_hal_dma2d.o
    0x08009b84   0x08009b84   0x0000011e   Code   RO         2752    i.HAL_DMA2D_IRQHandler  stm32f4xx_hal_dma2d.o
    0x08009ca2   0x08009ca2   0x0000005c   Code   RO         2753    i.HAL_DMA2D_Init    stm32f4xx_hal_dma2d.o
    0x08009cfe   0x08009cfe   0x00000002   Code   RO         2754    i.HAL_DMA2D_LineEventCallback  stm32f4xx_hal_dma2d.o
    0x08009d00   0x08009d00   0x00000024   Code   RO         2411    i.HAL_DMA2D_MspDeInit  hw_init.o
    0x08009d24   0x08009d24   0x0000003c   Code   RO         2412    i.HAL_DMA2D_MspInit  hw_init.o
    0x08009d60   0x08009d60   0x0000003e   Code   RO         2761    i.HAL_DMA2D_Start_IT  stm32f4xx_hal_dma2d.o
    0x08009d9e   0x08009d9e   0x00000024   Code   RO         6307    i.HAL_DMA_Abort_IT  stm32f4xx_hal_dma.o
    0x08009dc2   0x08009dc2   0x00000002   PAD
    0x08009dc4   0x08009dc4   0x000001d0   Code   RO         6311    i.HAL_DMA_IRQHandler  stm32f4xx_hal_dma.o
    0x08009f94   0x08009f94   0x000000d4   Code   RO         6312    i.HAL_DMA_Init      stm32f4xx_hal_dma.o
    0x0800a068   0x0800a068   0x00000078   Code   RO         6316    i.HAL_DMA_Start_IT  stm32f4xx_hal_dma.o
    0x0800a0e0   0x0800a0e0   0x00000024   Code   RO         6743    i.HAL_Delay         stm32f4xx_hal.o
    0x0800a104   0x0800a104   0x00000140   Code   RO         6196    i.HAL_GPIO_DeInit   stm32f4xx_hal_gpio.o
    0x0800a244   0x0800a244   0x000001e0   Code   RO         6199    i.HAL_GPIO_Init     stm32f4xx_hal_gpio.o
    0x0800a424   0x0800a424   0x0000000e   Code   RO         6201    i.HAL_GPIO_ReadPin  stm32f4xx_hal_gpio.o
    0x0800a432   0x0800a432   0x00000012   Code   RO         6202    i.HAL_GPIO_TogglePin  stm32f4xx_hal_gpio.o
    0x0800a444   0x0800a444   0x0000000e   Code   RO         6203    i.HAL_GPIO_WritePin  stm32f4xx_hal_gpio.o
    0x0800a452   0x0800a452   0x00000002   PAD
    0x0800a454   0x0800a454   0x0000000c   Code   RO         6751    i.HAL_GetTick       stm32f4xx_hal.o
    0x0800a460   0x0800a460   0x00000010   Code   RO         6757    i.HAL_IncTick       stm32f4xx_hal.o
    0x0800a470   0x0800a470   0x00000034   Code   RO         6758    i.HAL_Init          stm32f4xx_hal.o
    0x0800a4a4   0x0800a4a4   0x00000074   Code   RO         2694    i.HAL_InitTick      stm32f4xx_hal_timebase_tim.o
    0x0800a518   0x0800a518   0x00000054   Code   RO         3269    i.HAL_LTDC_ConfigLayer  stm32f4xx_hal_ltdc.o
    0x0800a56c   0x0800a56c   0x00000016   Code   RO         3271    i.HAL_LTDC_DeInit   stm32f4xx_hal_ltdc.o
    0x0800a582   0x0800a582   0x00000002   Code   RO         3282    i.HAL_LTDC_ErrorCallback  stm32f4xx_hal_ltdc.o
    0x0800a584   0x0800a584   0x000000ca   Code   RO         3285    i.HAL_LTDC_IRQHandler  stm32f4xx_hal_ltdc.o
    0x0800a64e   0x0800a64e   0x00000002   PAD
    0x0800a650   0x0800a650   0x000000f4   Code   RO         3286    i.HAL_LTDC_Init     stm32f4xx_hal_ltdc.o
    0x0800a744   0x0800a744   0x00000058   Code   RO         1869    i.HAL_LTDC_LineEventCallback  stm32f4hal.o
    0x0800a79c   0x0800a79c   0x000000a0   Code   RO         2413    i.HAL_LTDC_MspDeInit  hw_init.o
    0x0800a83c   0x0800a83c   0x000001e0   Code   RO         2414    i.HAL_LTDC_MspInit  hw_init.o
    0x0800aa1c   0x0800aa1c   0x00000044   Code   RO         3290    i.HAL_LTDC_ProgramLineEvent  stm32f4xx_hal_ltdc.o
    0x0800aa60   0x0800aa60   0x00000002   Code   RO         3292    i.HAL_LTDC_ReloadEventCallback  stm32f4xx_hal_ltdc.o
    0x0800aa62   0x0800aa62   0x00000002   PAD
    0x0800aa64   0x0800aa64   0x00000090   Code   RO         3297    i.HAL_LTDC_SetPitch  stm32f4xx_hal_ltdc.o
    0x0800aaf4   0x0800aaf4   0x00000038   Code   RO         2611    i.HAL_MspInit       stm32f4xx_hal_msp.o
    0x0800ab2c   0x0800ab2c   0x00000022   Code   RO         6605    i.HAL_NVIC_DisableIRQ  stm32f4xx_hal_cortex.o
    0x0800ab4e   0x0800ab4e   0x0000001a   Code   RO         6606    i.HAL_NVIC_EnableIRQ  stm32f4xx_hal_cortex.o
    0x0800ab68   0x0800ab68   0x00000040   Code   RO         6612    i.HAL_NVIC_SetPriority  stm32f4xx_hal_cortex.o
    0x0800aba8   0x0800aba8   0x00000024   Code   RO         6613    i.HAL_NVIC_SetPriorityGrouping  stm32f4xx_hal_cortex.o
    0x0800abcc   0x0800abcc   0x00000074   Code   RO         6535    i.HAL_PWREx_EnableOverDrive  stm32f4xx_hal_pwr_ex.o
    0x0800ac40   0x0800ac40   0x00000248   Code   RO         5850    i.HAL_RCCEx_PeriphCLKConfig  stm32f4xx_hal_rcc_ex.o
    0x0800ae88   0x0800ae88   0x00000144   Code   RO         5743    i.HAL_RCC_ClockConfig  stm32f4xx_hal_rcc.o
    0x0800afcc   0x0800afcc   0x0000003c   Code   RO         5747    i.HAL_RCC_GetClockConfig  stm32f4xx_hal_rcc.o
    0x0800b008   0x0800b008   0x0000000c   Code   RO         5748    i.HAL_RCC_GetHCLKFreq  stm32f4xx_hal_rcc.o
    0x0800b014   0x0800b014   0x00000020   Code   RO         5750    i.HAL_RCC_GetPCLK1Freq  stm32f4xx_hal_rcc.o
    0x0800b034   0x0800b034   0x00000020   Code   RO         5751    i.HAL_RCC_GetPCLK2Freq  stm32f4xx_hal_rcc.o
    0x0800b054   0x0800b054   0x0000006c   Code   RO         5752    i.HAL_RCC_GetSysClockFreq  stm32f4xx_hal_rcc.o
    0x0800b0c0   0x0800b0c0   0x00000390   Code   RO         5755    i.HAL_RCC_OscConfig  stm32f4xx_hal_rcc.o
    0x0800b450   0x0800b450   0x00000044   Code   RO         3116    i.HAL_SDRAM_Init    stm32f4xx_hal_sdram.o
    0x0800b494   0x0800b494   0x00000004   Code   RO         2416    i.HAL_SDRAM_MspInit  hw_init.o
    0x0800b498   0x0800b498   0x00000026   Code   RO         3119    i.HAL_SDRAM_ProgramRefreshRate  stm32f4xx_hal_sdram.o
    0x0800b4be   0x0800b4be   0x00000038   Code   RO         3125    i.HAL_SDRAM_SendCommand  stm32f4xx_hal_sdram.o
    0x0800b4f6   0x0800b4f6   0x00000008   Code   RO          341    i.HAL_SD_AbortCallback  bsp_driver_sd.o
    0x0800b4fe   0x0800b4fe   0x000000a2   Code   RO         4837    i.HAL_SD_ConfigWideBusOperation  stm32f4xx_hal_sd.o
    0x0800b5a0   0x0800b5a0   0x00000002   Code   RO         4840    i.HAL_SD_ErrorCallback  stm32f4xx_hal_sd.o
    0x0800b5a2   0x0800b5a2   0x000001de   Code   RO         4842    i.HAL_SD_GetCardCSD  stm32f4xx_hal_sd.o
    0x0800b780   0x0800b780   0x00000024   Code   RO         4843    i.HAL_SD_GetCardInfo  stm32f4xx_hal_sd.o
    0x0800b7a4   0x0800b7a4   0x00000020   Code   RO         4844    i.HAL_SD_GetCardState  stm32f4xx_hal_sd.o
    0x0800b7c4   0x0800b7c4   0x000001a4   Code   RO         4848    i.HAL_SD_IRQHandler  stm32f4xx_hal_sd.o
    0x0800b968   0x0800b968   0x00000038   Code   RO         4849    i.HAL_SD_Init       stm32f4xx_hal_sd.o
    0x0800b9a0   0x0800b9a0   0x00000074   Code   RO         4850    i.HAL_SD_InitCard   stm32f4xx_hal_sd.o
    0x0800ba14   0x0800ba14   0x00000164   Code   RO         2613    i.HAL_SD_MspInit    stm32f4xx_hal_msp.o
    0x0800bb78   0x0800bb78   0x0000011c   Code   RO         4854    i.HAL_SD_ReadBlocks_DMA  stm32f4xx_hal_sd.o
    0x0800bc94   0x0800bc94   0x00000008   Code   RO          342    i.HAL_SD_RxCpltCallback  bsp_driver_sd.o
    0x0800bc9c   0x0800bc9c   0x00000008   Code   RO          343    i.HAL_SD_TxCpltCallback  bsp_driver_sd.o
    0x0800bca4   0x0800bca4   0x00000118   Code   RO         4859    i.HAL_SD_WriteBlocks_DMA  stm32f4xx_hal_sd.o
    0x0800bdbc   0x0800bdbc   0x00000082   Code   RO         5100    i.HAL_SPI_Init      stm32f4xx_hal_spi.o
    0x0800be3e   0x0800be3e   0x00000002   PAD
    0x0800be40   0x0800be40   0x0000006c   Code   RO         2615    i.HAL_SPI_MspInit   stm32f4xx_hal_msp.o
    0x0800beac   0x0800beac   0x00000002   Code   RO         4247    i.HAL_TIMEx_BreakCallback  stm32f4xx_hal_tim_ex.o
    0x0800beae   0x0800beae   0x00000002   Code   RO         4248    i.HAL_TIMEx_CommutCallback  stm32f4xx_hal_tim_ex.o
    0x0800beb0   0x0800beb0   0x00000042   Code   RO         4265    i.HAL_TIMEx_MasterConfigSynchronization  stm32f4xx_hal_tim_ex.o
    0x0800bef2   0x0800bef2   0x00000038   Code   RO         3561    i.HAL_TIM_Base_Init  stm32f4xx_hal_tim.o
    0x0800bf2a   0x0800bf2a   0x00000002   PAD
    0x0800bf2c   0x0800bf2c   0x00000028   Code   RO         2617    i.HAL_TIM_Base_MspInit  stm32f4xx_hal_msp.o
    0x0800bf54   0x0800bf54   0x00000024   Code   RO         3564    i.HAL_TIM_Base_Start  stm32f4xx_hal_tim.o
    0x0800bf78   0x0800bf78   0x00000022   Code   RO         3566    i.HAL_TIM_Base_Start_IT  stm32f4xx_hal_tim.o
    0x0800bf9a   0x0800bf9a   0x00000002   Code   RO         3590    i.HAL_TIM_IC_CaptureCallback  stm32f4xx_hal_tim.o
    0x0800bf9c   0x0800bf9c   0x0000016e   Code   RO         3604    i.HAL_TIM_IRQHandler  stm32f4xx_hal_tim.o
    0x0800c10a   0x0800c10a   0x00000002   Code   RO         3607    i.HAL_TIM_OC_DelayElapsedCallback  stm32f4xx_hal_tim.o
    0x0800c10c   0x0800c10c   0x00000002   Code   RO         3634    i.HAL_TIM_PWM_PulseFinishedCallback  stm32f4xx_hal_tim.o
    0x0800c10e   0x0800c10e   0x00000002   PAD
    0x0800c110   0x0800c110   0x00000014   Code   RO           14    i.HAL_TIM_PeriodElapsedCallback  main.o
    0x0800c124   0x0800c124   0x00000002   Code   RO         3647    i.HAL_TIM_TriggerCallback  stm32f4xx_hal_tim.o
    0x0800c126   0x0800c126   0x00000064   Code   RO         5436    i.HAL_UART_Init     stm32f4xx_hal_uart.o
    0x0800c18a   0x0800c18a   0x00000002   PAD
    0x0800c18c   0x0800c18c   0x0000006c   Code   RO         2619    i.HAL_UART_MspInit  stm32f4xx_hal_msp.o
    0x0800c1f8   0x0800c1f8   0x00000002   Code   RO         2520    i.HardFault_Handler  stm32f4xx_it.o
    0x0800c1fa   0x0800c1fa   0x00000002   Code   RO         8929    i.I2C_GPIO_Config   bsp_i2c_touch.o
    0x0800c1fc   0x0800c1fc   0x00000002   Code   RO         8931    i.I2C_GTP_IRQEnable  bsp_i2c_touch.o
    0x0800c1fe   0x0800c1fe   0x0000004a   Code   RO         8932    i.I2C_ReadBytes     bsp_i2c_touch.o
    0x0800c248   0x0800c248   0x00000038   Code   RO         8933    i.I2C_ResetChip     bsp_i2c_touch.o
    0x0800c280   0x0800c280   0x00000012   Code   RO         8934    i.I2C_Touch_Init    bsp_i2c_touch.o
    0x0800c292   0x0800c292   0x00000044   Code   RO         9076    i.I2C_Transfer      gt9xx.o
    0x0800c2d6   0x0800c2d6   0x00000058   Code   RO         8935    i.I2C_WriteBytes    bsp_i2c_touch.o
    0x0800c32e   0x0800c32e   0x00000002   PAD
    0x0800c330   0x0800c330   0x0000000c   Code   RO         2521    i.LTDC_IRQHandler   stm32f4xx_it.o
    0x0800c33c   0x0800c33c   0x0000015e   Code   RO         3305    i.LTDC_SetConfig    stm32f4xx_hal_ltdc.o
    0x0800c49a   0x0800c49a   0x00000002   PAD
    0x0800c49c   0x0800c49c   0x0000001c   Code   RO          746    i.MX_FATFS_Init     fatfs.o
    0x0800c4b8   0x0800c4b8   0x00000048   Code   RO           15    i.MX_SPI5_Init      main.o
    0x0800c500   0x0800c500   0x00000002   Code   RO         2522    i.MemManage_Handler  stm32f4xx_it.o
    0x0800c502   0x0800c502   0x00000002   Code   RO         2523    i.NMI_Handler       stm32f4xx_it.o
    0x0800c504   0x0800c504   0x00000024   Code   RO         4558    i.SDIO_ConfigData   stm32f4xx_ll_sdmmc.o
    0x0800c528   0x0800c528   0x00000006   Code   RO         4559    i.SDIO_GetCommandResponse  stm32f4xx_ll_sdmmc.o
    0x0800c52e   0x0800c52e   0x00000008   Code   RO         4562    i.SDIO_GetPowerState  stm32f4xx_ll_sdmmc.o
    0x0800c536   0x0800c536   0x0000000e   Code   RO         4563    i.SDIO_GetResponse  stm32f4xx_ll_sdmmc.o
    0x0800c544   0x0800c544   0x0000000c   Code   RO         2524    i.SDIO_IRQHandler   stm32f4xx_it.o
    0x0800c550   0x0800c550   0x0000002a   Code   RO         4564    i.SDIO_Init         stm32f4xx_ll_sdmmc.o
    0x0800c57a   0x0800c57a   0x00000008   Code   RO         4566    i.SDIO_PowerState_ON  stm32f4xx_ll_sdmmc.o
    0x0800c582   0x0800c582   0x00000006   Code   RO         4567    i.SDIO_ReadFIFO     stm32f4xx_ll_sdmmc.o
    0x0800c588   0x0800c588   0x00000020   Code   RO         4568    i.SDIO_SendCommand  stm32f4xx_ll_sdmmc.o
    0x0800c5a8   0x0800c5a8   0x0000000a   Code   RO         4570    i.SDIO_WriteFIFO    stm32f4xx_ll_sdmmc.o
    0x0800c5b2   0x0800c5b2   0x00000032   Code   RO         4571    i.SDMMC_CmdAppCommand  stm32f4xx_ll_sdmmc.o
    0x0800c5e4   0x0800c5e4   0x00000034   Code   RO         4572    i.SDMMC_CmdAppOperCommand  stm32f4xx_ll_sdmmc.o
    0x0800c618   0x0800c618   0x00000032   Code   RO         4573    i.SDMMC_CmdBlockLength  stm32f4xx_ll_sdmmc.o
    0x0800c64a   0x0800c64a   0x00000032   Code   RO         4574    i.SDMMC_CmdBusWidth  stm32f4xx_ll_sdmmc.o
    0x0800c67c   0x0800c67c   0x00000028   Code   RO         4578    i.SDMMC_CmdGoIdleState  stm32f4xx_ll_sdmmc.o
    0x0800c6a4   0x0800c6a4   0x00000030   Code   RO         4580    i.SDMMC_CmdOperCond  stm32f4xx_ll_sdmmc.o
    0x0800c6d4   0x0800c6d4   0x00000032   Code   RO         4581    i.SDMMC_CmdReadMultiBlock  stm32f4xx_ll_sdmmc.o
    0x0800c706   0x0800c706   0x00000032   Code   RO         4582    i.SDMMC_CmdReadSingleBlock  stm32f4xx_ll_sdmmc.o
    0x0800c738   0x0800c738   0x00000032   Code   RO         4585    i.SDMMC_CmdSelDesel  stm32f4xx_ll_sdmmc.o
    0x0800c76a   0x0800c76a   0x0000002c   Code   RO         4586    i.SDMMC_CmdSendCID  stm32f4xx_ll_sdmmc.o
    0x0800c796   0x0800c796   0x0000002c   Code   RO         4587    i.SDMMC_CmdSendCSD  stm32f4xx_ll_sdmmc.o
    0x0800c7c2   0x0800c7c2   0x00000030   Code   RO         4588    i.SDMMC_CmdSendSCR  stm32f4xx_ll_sdmmc.o
    0x0800c7f2   0x0800c7f2   0x00000032   Code   RO         4589    i.SDMMC_CmdSendStatus  stm32f4xx_ll_sdmmc.o
    0x0800c824   0x0800c824   0x00000030   Code   RO         4590    i.SDMMC_CmdSetRelAdd  stm32f4xx_ll_sdmmc.o
    0x0800c854   0x0800c854   0x00000034   Code   RO         4592    i.SDMMC_CmdStopTransfer  stm32f4xx_ll_sdmmc.o
    0x0800c888   0x0800c888   0x00000032   Code   RO         4594    i.SDMMC_CmdWriteMultiBlock  stm32f4xx_ll_sdmmc.o
    0x0800c8ba   0x0800c8ba   0x00000032   Code   RO         4595    i.SDMMC_CmdWriteSingleBlock  stm32f4xx_ll_sdmmc.o
    0x0800c8ec   0x0800c8ec   0x00000034   Code   RO         4596    i.SDMMC_GetCmdError  stm32f4xx_ll_sdmmc.o
    0x0800c920   0x0800c920   0x00000124   Code   RO         4597    i.SDMMC_GetCmdResp1  stm32f4xx_ll_sdmmc.o
    0x0800ca44   0x0800ca44   0x00000050   Code   RO         4598    i.SDMMC_GetCmdResp2  stm32f4xx_ll_sdmmc.o
    0x0800ca94   0x0800ca94   0x00000044   Code   RO         4599    i.SDMMC_GetCmdResp3  stm32f4xx_ll_sdmmc.o
    0x0800cad8   0x0800cad8   0x0000008c   Code   RO         4600    i.SDMMC_GetCmdResp6  stm32f4xx_ll_sdmmc.o
    0x0800cb64   0x0800cb64   0x00000048   Code   RO         4601    i.SDMMC_GetCmdResp7  stm32f4xx_ll_sdmmc.o
    0x0800cbac   0x0800cbac   0x00000020   Code   RO          596    i.SD_CheckStatus    sd_diskio.o
    0x0800cbcc   0x0800cbcc   0x00000026   Code   RO          597    i.SD_CheckStatusWithTimeout  sd_diskio.o
    0x0800cbf2   0x0800cbf2   0x00000056   Code   RO         4861    i.SD_DMAError       stm32f4xx_hal_sd.o
    0x0800cc48   0x0800cc48   0x0000003e   Code   RO         4862    i.SD_DMAReceiveCplt  stm32f4xx_hal_sd.o
    0x0800cc86   0x0800cc86   0x0000004a   Code   RO         4863    i.SD_DMARxAbort     stm32f4xx_hal_sd.o
    0x0800ccd0   0x0800ccd0   0x0000000e   Code   RO         4864    i.SD_DMATransmitCplt  stm32f4xx_hal_sd.o
    0x0800ccde   0x0800ccde   0x0000004a   Code   RO         4865    i.SD_DMATxAbort     stm32f4xx_hal_sd.o
    0x0800cd28   0x0800cd28   0x00000118   Code   RO         4866    i.SD_FindSCR        stm32f4xx_hal_sd.o
    0x0800ce40   0x0800ce40   0x000000e2   Code   RO         4867    i.SD_InitCard       stm32f4xx_hal_sd.o
    0x0800cf22   0x0800cf22   0x000000c4   Code   RO         4869    i.SD_PowerON        stm32f4xx_hal_sd.o
    0x0800cfe6   0x0800cfe6   0x00000022   Code   RO         4870    i.SD_Read_IT        stm32f4xx_hal_sd.o
    0x0800d008   0x0800d008   0x0000002e   Code   RO         4872    i.SD_SendStatus     stm32f4xx_hal_sd.o
    0x0800d036   0x0800d036   0x00000052   Code   RO         4873    i.SD_WideBus_Disable  stm32f4xx_hal_sd.o
    0x0800d088   0x0800d088   0x00000052   Code   RO         4874    i.SD_WideBus_Enable  stm32f4xx_hal_sd.o
    0x0800d0da   0x0800d0da   0x00000022   Code   RO         4875    i.SD_Write_IT       stm32f4xx_hal_sd.o
    0x0800d0fc   0x0800d0fc   0x00000050   Code   RO          598    i.SD_initialize     sd_diskio.o
    0x0800d14c   0x0800d14c   0x0000005c   Code   RO          599    i.SD_ioctl          sd_diskio.o
    0x0800d1a8   0x0800d1a8   0x000000c0   Code   RO          600    i.SD_read           sd_diskio.o
    0x0800d268   0x0800d268   0x00000004   Code   RO          601    i.SD_status         sd_diskio.o
    0x0800d26c   0x0800d26c   0x000000dc   Code   RO          602    i.SD_write          sd_diskio.o
    0x0800d348   0x0800d348   0x0000002c   Code   RO         8848    i.SysTick_Handler   port.o
    0x0800d374   0x0800d374   0x000000c4   Code   RO           16    i.SystemClock_Config  main.o
    0x0800d438   0x0800d438   0x00000054   Code   RO         7004    i.SystemInit        system_stm32f4xx.o
    0x0800d48c   0x0800d48c   0x0000000c   Code   RO         2525    i.TIM6_DAC_IRQHandler  stm32f4xx_it.o
    0x0800d498   0x0800d498   0x000000cc   Code   RO         3649    i.TIM_Base_SetConfig  stm32f4xx_hal_tim.o
    0x0800d564   0x0800d564   0x00000314   Code   RO         5463    i.UART_SetConfig    stm32f4xx_hal_uart.o
    0x0800d878   0x0800d878   0x00000002   Code   RO         2526    i.UsageFault_Handler  stm32f4xx_it.o
    0x0800d87a   0x0800d87a   0x00000002   PAD
    0x0800d87c   0x0800d87c   0x00000024   Code   RO           17    i._Z11MX_CRC_Initv  main.o
    0x0800d8a0   0x0800d8a0   0x0000003c   Code   RO           18    i._Z11MX_DMA_Initv  main.o
    0x0800d8dc   0x0800d8dc   0x00000064   Code   RO         2417    i._Z11MX_FMC_Initv  hw_init.o
    0x0800d940   0x0800d940   0x000000b4   Code   RO         2418    i._Z11MX_LCD_Initv  hw_init.o
    0x0800d9f4   0x0800d9f4   0x000001b4   Code   RO           19    i._Z12MX_GPIO_Initv  main.o
    0x0800dba8   0x0800dba8   0x00000020   Code   RO           20    i._Z12StartLEDTaskPKv  main.o
    0x0800dbc8   0x0800dbc8   0x00000004   Code   RO          863    i._Z13GRAPHICS_Initv  boardconfiguration.o
    0x0800dbcc   0x0800dbcc   0x00000068   Code   RO           21    i._Z13StartTGUITaskPKv  main.o
    0x0800dc34   0x0800dc34   0x000000e0   Code   RO         2420    i._Z15HAL_FMC_MspInitv  hw_init.o
    0x0800dd14   0x0800dd14   0x00000020   Code   RO           22    i._Z15MX_SDIO_SD_Initv  main.o
    0x0800dd34   0x0800dd34   0x00000090   Code   RO         2421    i._Z15MX_SDRAM_InitExv  hw_init.o
    0x0800ddc4   0x0800ddc4   0x00000016   Code   RO          864    i._Z16GRAPHICS_HW_Initv  boardconfiguration.o
    0x0800ddda   0x0800ddda   0x00000010   Code   RO           23    i._Z16StartDefaultTaskPKv  main.o
    0x0800ddea   0x0800ddea   0x0000001a   Code   RO         1870    i._Z16__NVIC_EnableIRQ9IRQn_Type  stm32f4hal.o
    0x0800de04   0x0800de04   0x00000010   Code   RO          865    i._Z17GRAPHICS_MainTaskv  boardconfiguration.o
    0x0800de14   0x0800de14   0x0000002a   Code   RO         1602    i._Z17HAL_DMA2D_SetModeP21__DMA2D_HandleTypeDefjjj  stm32f4dma.o
    0x0800de3e   0x0800de3e   0x00000022   Code   RO         1871    i._Z17__NVIC_DisableIRQ9IRQn_Type  stm32f4hal.o
    0x0800de60   0x0800de60   0x00000020   Code   RO         1872    i._Z18__NVIC_SetPriority9IRQn_Typej  stm32f4hal.o
    0x0800de80   0x0800de80   0x00000038   Code   RO           24    i._Z19MX_USART1_UART_Initv  main.o
    0x0800deb8   0x0800deb8   0x00000010   Code   RO         1603    i._Z22DMA2D_XferCpltCallbackP21__DMA2D_HandleTypeDef  stm32f4dma.o
    0x0800dec8   0x0800dec8   0x00000002   Code   RO         1604    i._Z23DMA2D_XferErrorCallbackP21__DMA2D_HandleTypeDef  stm32f4dma.o
    0x0800deca   0x0800deca   0x00000002   PAD
    0x0800decc   0x0800decc   0x0000006c   Code   RO        10522    i._Z23getFont_verdana_10_4bppv  fontgetters.o
    0x0800df38   0x0800df38   0x00000070   Code   RO        10523    i._Z23getFont_verdana_20_4bppv  fontgetters.o
    0x0800dfa8   0x0800dfa8   0x0000006c   Code   RO        10524    i._Z23getFont_verdana_40_4bppv  fontgetters.o
    0x0800e014   0x0800e014   0x00000034   Code   RO         1605    i._ZN10STM32F4DMA10initializeEv  stm32f4dma.o
    0x0800e048   0x0800e048   0x00000018   Code   RO         1606    i._ZN10STM32F4DMA11getBlitCapsEv  stm32f4dma.o
    0x0800e060   0x0800e060   0x000001a8   Code   RO         1607    i._ZN10STM32F4DMA13setupDataCopyERKN8touchgfx6BlitOpE  stm32f4dma.o
    0x0800e208   0x0800e208   0x00000144   Code   RO         1608    i._ZN10STM32F4DMA13setupDataFillERKN8touchgfx6BlitOpE  stm32f4dma.o
    0x0800e34c   0x0800e34c   0x00000006   Code   RO         1682    i._ZN10STM32F4DMA18signalDMAInterruptEv  stm32f4dma.o
    0x0800e352   0x0800e352   0x00000002   PAD
    0x0800e354   0x0800e354   0x0000003c   Code   RO         1609    i._ZN10STM32F4DMAC1Ev  stm32f4dma.o
    0x0800e390   0x0800e390   0x00000030   Code   RO         1611    i._ZN10STM32F4DMAD1Ev  stm32f4dma.o
    0x0800e3c0   0x0800e3c0   0x00000018   Code   RO         1873    i._ZN10STM32F4HAL16enableInterruptsEv  stm32f4hal.o
    0x0800e3d8   0x0800e3d8   0x00000018   Code   RO         1874    i._ZN10STM32F4HAL17disableInterruptsEv  stm32f4hal.o
    0x0800e3f0   0x0800e3f0   0x00000024   Code   RO         1875    i._ZN10STM32F4HAL17getTFTCurrentLineEv  stm32f4hal.o
    0x0800e414   0x0800e414   0x00000014   Code   RO         1876    i._ZN10STM32F4HAL17setTFTFrameBufferEPt  stm32f4hal.o
    0x0800e428   0x0800e428   0x00000016   Code   RO         1877    i._ZN10STM32F4HAL19configureInterruptsEv  stm32f4hal.o
    0x0800e43e   0x0800e43e   0x00000002   PAD
    0x0800e440   0x0800e440   0x00000040   Code   RO         1878    i._ZN10STM32F4HAL28enableLCDControllerInterruptEv  stm32f4hal.o
    0x0800e480   0x0800e480   0x00000002   Code   RO          952    i._ZN10STM32F4HALD1Ev  boardconfiguration.o
    0x0800e482   0x0800e482   0x00000024   Code   RO         9954    i._ZN11Screen1View10SwitchANT1Ev  screen1view.o
    0x0800e4a6   0x0800e4a6   0x00000004   Code   RO         9955    i._ZN11Screen1View11setupScreenEv  screen1view.o
    0x0800e4aa   0x0800e4aa   0x0000000e   Code   RO         9956    i._ZN11Screen1View11togglelightEv  screen1view.o
    0x0800e4b8   0x0800e4b8   0x00000002   Code   RO         9957    i._ZN11Screen1View14tearDownScreenEv  screen1view.o
    0x0800e4ba   0x0800e4ba   0x00000002   PAD
    0x0800e4bc   0x0800e4bc   0x00000010   Code   RO         9958    i._ZN11Screen1ViewC1Ev  screen1view.o
    0x0800e4cc   0x0800e4cc   0x0000000c   Code   RO         9998    i._ZN11Screen1ViewD1Ev  screen1view.o
    0x0800e4d8   0x0800e4d8   0x00000004   Code   RO        10217    i._ZN11Screen2View11setupScreenEv  screen2view.o
    0x0800e4dc   0x0800e4dc   0x00000002   Code   RO        10218    i._ZN11Screen2View14tearDownScreenEv  screen2view.o
    0x0800e4de   0x0800e4de   0x00000002   PAD
    0x0800e4e0   0x0800e4e0   0x00000010   Code   RO        10219    i._ZN11Screen2ViewC1Ev  screen2view.o
    0x0800e4f0   0x0800e4f0   0x0000000c   Code   RO        10240    i._ZN11Screen2ViewD1Ev  screen2view.o
    0x0800e4fc   0x0800e4fc   0x00000080   Code   RO          946    i._ZN12FrontendHeapC1Ev  boardconfiguration.o
    0x0800e57c   0x0800e57c   0x0000002c   Code   RO          924    i._ZN12FrontendHeapD1Ev  boardconfiguration.o
    0x0800e5a8   0x0800e5a8   0x00000002   Code   RO        10151    i._ZN13ModelListener9key_eventEv  screen2presenter.o
    0x0800e5aa   0x0800e5aa   0x00000002   PAD
    0x0800e5ac   0x0800e5ac   0x00000008   Code   RO        10410    i._ZN14BitmapDatabase11getInstanceEv  bitmapdatabase.o
    0x0800e5b4   0x0800e5b4   0x00000004   Code   RO        10411    i._ZN14BitmapDatabase15getInstanceSizeEv  bitmapdatabase.o
    0x0800e5b8   0x0800e5b8   0x00000002   Code   RO        11035    i._ZN15Screen1ViewBase10SwitchANT1Ev  screen1viewbase.o
    0x0800e5ba   0x0800e5ba   0x00000002   Code   RO        10953    i._ZN15Screen1ViewBase11setupScreenEv  screen1viewbase.o
    0x0800e5bc   0x0800e5bc   0x00000002   Code   RO        11041    i._ZN15Screen1ViewBase11togglelightEv  screen1viewbase.o
    0x0800e5be   0x0800e5be   0x0000000c   Code   RO        10954    i._ZN15Screen1ViewBase14handleKeyEventEh  screen1viewbase.o
    0x0800e5ca   0x0800e5ca   0x00000036   Code   RO        10955    i._ZN15Screen1ViewBase21buttonCallbackHandlerERKN8touchgfx14AbstractButtonE  screen1viewbase.o
    0x0800e600   0x0800e600   0x000002ac   Code   RO        10956    i._ZN15Screen1ViewBaseC1Ev  screen1viewbase.o
    0x0800e8ac   0x0800e8ac   0x0000000c   Code   RO        11003    i._ZN15Screen1ViewBaseD1Ev  screen1viewbase.o
    0x0800e8b8   0x0800e8b8   0x00000002   Code   RO        10246    i._ZN15Screen2ViewBase10SwitchANT2Ev  screen2view.o
    0x0800e8ba   0x0800e8ba   0x00000002   Code   RO        11335    i._ZN15Screen2ViewBase11setupScreenEv  screen2viewbase.o
    0x0800e8bc   0x0800e8bc   0x00000028   Code   RO        11336    i._ZN15Screen2ViewBase21buttonCallbackHandlerERKN8touchgfx14AbstractButtonE  screen2viewbase.o
    0x0800e8e4   0x0800e8e4   0x0000023c   Code   RO        11337    i._ZN15Screen2ViewBaseC1Ev  screen2viewbase.o
    0x0800eb20   0x0800eb20   0x0000000c   Code   RO        11370    i._ZN15Screen2ViewBaseD1Ev  screen2viewbase.o
    0x0800eb2c   0x0800eb2c   0x00000002   Code   RO         9663    i._ZN16Screen1Presenter10deactivateEv  screen1presenter.o
    0x0800eb2e   0x0800eb2e   0x00000002   Code   RO         9664    i._ZN16Screen1Presenter8activateEv  screen1presenter.o
    0x0800eb30   0x0800eb30   0x0000000a   Code   RO         9665    i._ZN16Screen1Presenter9key_eventEv  screen1presenter.o
    0x0800eb3a   0x0800eb3a   0x00000002   PAD
    0x0800eb3c   0x0800eb3c   0x00000018   Code   RO         9666    i._ZN16Screen1PresenterC1ER11Screen1View  screen1presenter.o
    0x0800eb54   0x0800eb54   0x00000002   Code   RO         9705    i._ZN16Screen1PresenterD1Ev  screen1presenter.o
    0x0800eb56   0x0800eb56   0x00000002   Code   RO        10119    i._ZN16Screen2Presenter10deactivateEv  screen2presenter.o
    0x0800eb58   0x0800eb58   0x00000002   Code   RO        10120    i._ZN16Screen2Presenter8activateEv  screen2presenter.o
    0x0800eb5a   0x0800eb5a   0x00000002   PAD
    0x0800eb5c   0x0800eb5c   0x00000018   Code   RO        10121    i._ZN16Screen2PresenterC1ER11Screen2View  screen2presenter.o
    0x0800eb74   0x0800eb74   0x00000002   Code   RO        10142    i._ZN16Screen2PresenterD1Ev  screen2presenter.o
    0x0800eb76   0x0800eb76   0x00000002   PAD
    0x0800eb78   0x0800eb78   0x0000000c   Code   RO        11682    i._ZN17TypedTextDatabase11getInstanceEt  typedtextdatabase.o
    0x0800eb84   0x0800eb84   0x00000004   Code   RO        11683    i._ZN17TypedTextDatabase15getInstanceSizeEv  typedtextdatabase.o
    0x0800eb88   0x0800eb88   0x00000008   Code   RO        11684    i._ZN17TypedTextDatabase8getFontsEv  typedtextdatabase.o
    0x0800eb90   0x0800eb90   0x00000016   Code   RO         9481    i._ZN19FrontendApplication15handleTickEventEv  frontendapplication.o
    0x0800eba6   0x0800eba6   0x00000002   PAD
    0x0800eba8   0x0800eba8   0x00000010   Code   RO         9459    i._ZN19FrontendApplicationC1ER5ModelR12FrontendHeap  frontendapplication.o
    0x0800ebb8   0x0800ebb8   0x0000001c   Code   RO        10323    i._ZN23ApplicationFontProvider7getFontEt  applicationfontprovider.o
    0x0800ebd4   0x0800ebd4   0x00000002   Code   RO          961    i._ZN23ApplicationFontProviderD1Ev  boardconfiguration.o
    0x0800ebd6   0x0800ebd6   0x00000002   PAD
    0x0800ebd8   0x0800ebd8   0x00000028   Code   RO        10573    i._ZN23FrontendApplicationBase29gotoScreen1ScreenNoTransitionEv  frontendapplicationbase.o
    0x0800ec00   0x0800ec00   0x00000028   Code   RO        10574    i._ZN23FrontendApplicationBase29gotoScreen2ScreenNoTransitionEv  frontendapplicationbase.o
    0x0800ec28   0x0800ec28   0x00000024   Code   RO        10575    i._ZN23FrontendApplicationBase33gotoScreen1ScreenNoTransitionImplEv  frontendapplicationbase.o
    0x0800ec4c   0x0800ec4c   0x00000024   Code   RO        10576    i._ZN23FrontendApplicationBase33gotoScreen2ScreenNoTransitionImplEv  frontendapplicationbase.o
    0x0800ec70   0x0800ec70   0x0000005c   Code   RO        10577    i._ZN23FrontendApplicationBaseC1ER5ModelR12FrontendHeap  frontendapplicationbase.o
    0x0800eccc   0x0800eccc   0x0000000c   Code   RO          940    i._ZN23FrontendApplicationBaseD1Ev  boardconfiguration.o
    0x0800ecd8   0x0800ecd8   0x00000010   Code   RO         9608    i._ZN5Model15set_light_onoffEh  model.o
    0x0800ece8   0x0800ece8   0x00000038   Code   RO         9609    i._ZN5Model4tickEv  model.o
    0x0800ed20   0x0800ed20   0x00000006   Code   RO         9610    i._ZN5ModelC1Ev     model.o
    0x0800ed26   0x0800ed26   0x00000002   PAD
    0x0800ed28   0x0800ed28   0x00000030   Code   RO         9347    i._ZN8touchgfx10OSWrappers10initializeEv  oswrappers.o
    0x0800ed58   0x0800ed58   0x00000038   Code   RO         9348    i._ZN8touchgfx10OSWrappers11signalVSyncEv  oswrappers.o
    0x0800ed90   0x0800ed90   0x00000024   Code   RO         9349    i._ZN8touchgfx10OSWrappers12waitForVSyncEv  oswrappers.o
    0x0800edb4   0x0800edb4   0x00000014   Code   RO         9350    i._ZN8touchgfx10OSWrappers24giveFrameBufferSemaphoreEv  oswrappers.o
    0x0800edc8   0x0800edc8   0x00000010   Code   RO         9351    i._ZN8touchgfx10OSWrappers24takeFrameBufferSemaphoreEv  oswrappers.o
    0x0800edd8   0x0800edd8   0x00000010   Code   RO         9352    i._ZN8touchgfx10OSWrappers27tryTakeFrameBufferSemaphoreEv  oswrappers.o
    0x0800ede8   0x0800ede8   0x00000030   Code   RO         9353    i._ZN8touchgfx10OSWrappers31giveFrameBufferSemaphoreFromISREv  oswrappers.o
    0x0800ee18   0x0800ee18   0x00000004   Code   RO        10700    i._ZN8touchgfx10Transition18setScreenContainerERNS_9ContainerE  frontendapplicationbase.o
    0x0800ee1c   0x0800ee1c   0x00000002   Code   RO        10694    i._ZN8touchgfx10Transition4initEv  frontendapplicationbase.o
    0x0800ee1e   0x0800ee1e   0x00000002   Code   RO        10688    i._ZN8touchgfx10Transition8tearDownEv  frontendapplicationbase.o
    0x0800ee20   0x0800ee20   0x00000006   Code   RO        10733    i._ZN8touchgfx12NoTransition15handleTickEventEv  frontendapplicationbase.o
    0x0800ee26   0x0800ee26   0x00000002   PAD
    0x0800ee28   0x0800ee28   0x00000010   Code   RO        10652    i._ZN8touchgfx12NoTransitionC1Ev  frontendapplicationbase.o
    0x0800ee38   0x0800ee38   0x00000002   Code   RO        10724    i._ZN8touchgfx12NoTransitionD1Ev  frontendapplicationbase.o
    0x0800ee3a   0x0800ee3a   0x00000006   Code   RO        11918    i._ZN8touchgfx13DMA_Interface5flushEv  touchgfx_core.lib(dma.o)
    0x0800ee40   0x0800ee40   0x00000070   Code   RO          866    i._ZN8touchgfx13touchgfx_initEv  boardconfiguration.o
    0x0800eeb0   0x0800eeb0   0x00000028   Code   RO         1042    i._ZN8touchgfx14MVPApplication29handlePendingScreenTransitionEv  boardconfiguration.o
    0x0800eed8   0x0800eed8   0x00000002   Code   RO        12062    i._ZN8touchgfx17InternalFlashFontD1Ev  touchgfx_core.lib(internalflashfont.o)
    0x0800eeda   0x0800eeda   0x00000054   Code   RO        10578    i._ZN8touchgfx17prepareTransitionEPPNS_6ScreenEPPNS_9PresenterEPPNS_10TransitionE  frontendapplicationbase.o
    0x0800ef2e   0x0800ef2e   0x00000004   Code   RO         2350    i._ZN8touchgfx18MCUInstrumentation13getCCConsumedEv  stm32f4instrumentation.o
    0x0800ef32   0x0800ef32   0x00000004   Code   RO         2356    i._ZN8touchgfx18MCUInstrumentation13setCCConsumedEj  stm32f4instrumentation.o
    0x0800ef36   0x0800ef36   0x00000036   Code   RO        10579    i._ZN8touchgfx18finalizeTransitionEPNS_6ScreenEPNS_9PresenterEPNS_10TransitionE  frontendapplicationbase.o
    0x0800ef6c   0x0800ef6c   0x00000010   Code   RO         2309    i._ZN8touchgfx22STM32F4Instrumentation12getCPUCyclesEv  stm32f4instrumentation.o
    0x0800ef7c   0x0800ef7c   0x00000024   Code   RO         2311    i._ZN8touchgfx22STM32F4Instrumentation12setMCUActiveEb  stm32f4instrumentation.o
    0x0800efa0   0x0800efa0   0x00000084   Code   RO         2312    i._ZN8touchgfx22STM32F4Instrumentation4initEv  stm32f4instrumentation.o
    0x0800f024   0x0800f024   0x00000002   Code   RO          970    i._ZN8touchgfx22STM32F4InstrumentationD1Ev  boardconfiguration.o
    0x0800f026   0x0800f026   0x00000002   PAD
    0x0800f028   0x0800f028   0x00000038   Code   RO         2174    i._ZN8touchgfx22STM32F4TouchController11sampleTouchERiS1_  stm32f4touchcontroller.o
    0x0800f060   0x0800f060   0x00000004   Code   RO         2175    i._ZN8touchgfx22STM32F4TouchController4initEv  stm32f4touchcontroller.o
    0x0800f064   0x0800f064   0x00000002   Code   RO          973    i._ZN8touchgfx22STM32F4TouchControllerD1Ev  boardconfiguration.o
    0x0800f066   0x0800f066   0x00000008   Code   RO        12012    i._ZN8touchgfx3HAL11getBlitCapsEv  touchgfx_core.lib(hal.o)
    0x0800f06e   0x0800f06e   0x00000002   PAD
    0x0800f070   0x0800f070   0x00000054   Code   RO        12016    i._ZN8touchgfx3HAL15backPorchExitedEv  touchgfx_core.lib(hal.o)
    0x0800f0c4   0x0800f0c4   0x00000006   Code   RO        12032    i._ZN8touchgfx3HAL17getTFTCurrentLineEv  touchgfx_core.lib(hal.o)
    0x0800f0ca   0x0800f0ca   0x00000002   PAD
    0x0800f0cc   0x0800f0cc   0x0000006c   Code   RO        12023    i._ZN8touchgfx3HAL26setFrameBufferStartAddressEPvtbb  touchgfx_core.lib(hal.o)
    0x0800f138   0x0800f138   0x00000048   Code   RO        12035    i._ZN8touchgfx3HAL31performDisplayOrientationChangeEv  touchgfx_core.lib(hal.o)
    0x0800f180   0x0800f180   0x0000000c   Code   RO        12029    i._ZN8touchgfx3HAL9taskDelayEt  touchgfx_core.lib(hal.o)
    0x0800f18c   0x0800f18c   0x000000a4   Code   RO          955    i._ZN8touchgfx3HALC2ERNS_13DMA_InterfaceERNS_3LCDERNS_15TouchControllerEtt  boardconfiguration.o
    0x0800f230   0x0800f230   0x00000084   Code   RO        12078    i._ZN8touchgfx3LCD22WideTextInternalStructC1ERNS_12TextProviderEthPKNS_4FontENS_14WideTextActionE  touchgfx_core.lib(lcd.o)
    0x0800f2b4   0x0800f2b4   0x00000094   Code   RO        12075    i._ZN8touchgfx4Edge4stepEi  touchgfx_core.lib(lcd.o)
    0x0800f348   0x0800f348   0x00000002   Code   RO         1561    i._ZN8touchgfx4GPIO3setENS0_7GPIO_IDE  gpio.o
    0x0800f34a   0x0800f34a   0x00000002   Code   RO         1562    i._ZN8touchgfx4GPIO4initEv  gpio.o
    0x0800f34c   0x0800f34c   0x00000002   Code   RO         1563    i._ZN8touchgfx4GPIO5clearENS0_7GPIO_IDE  gpio.o
    0x0800f34e   0x0800f34e   0x00000002   Code   RO         1564    i._ZN8touchgfx4GPIO6toggleENS0_7GPIO_IDE  gpio.o
    0x0800f350   0x0800f350   0x0000000c   Code   RO        11758    i._ZN8touchgfx4RectC1Ev  touchgfx_core.lib(application.o)
    0x0800f35c   0x0800f35c   0x0000000c   Code   RO        11029    i._ZN8touchgfx4ViewI16Screen1PresenterED1Ev  screen1viewbase.o
    0x0800f368   0x0800f368   0x0000000c   Code   RO        11376    i._ZN8touchgfx4ViewI16Screen2PresenterED1Ev  screen2viewbase.o
    0x0800f374   0x0800f374   0x00000040   Code   RO        11614    i._ZN8touchgfx5Texts11setLanguageEt  texts.o
    0x0800f3b4   0x0800f3b4   0x0000000a   Code   RO         1679    i._ZN8touchgfx6BlitOpC1Ev  stm32f4dma.o
    0x0800f3be   0x0800f3be   0x00000002   PAD
    0x0800f3c0   0x0800f3c0   0x00000034   Code   RO        10997    i._ZN8touchgfx6ButtonC1Ev  screen1viewbase.o
    0x0800f3f4   0x0800f3f4   0x00000002   Code   RO        12098    i._ZN8touchgfx6Screen11setupScreenEv  touchgfx_core.lib(screen.o)
    0x0800f3f6   0x0800f3f6   0x00000002   Code   RO        12110    i._ZN8touchgfx6Screen14handleKeyEventEh  touchgfx_core.lib(screen.o)
    0x0800f3f8   0x0800f3f8   0x00000002   Code   RO        12104    i._ZN8touchgfx6Screen14tearDownScreenEv  touchgfx_core.lib(screen.o)
    0x0800f3fa   0x0800f3fa   0x00000002   Code   RO        12101    i._ZN8touchgfx6Screen15afterTransitionEv  touchgfx_core.lib(screen.o)
    0x0800f3fc   0x0800f3fc   0x00000002   Code   RO        12107    i._ZN8touchgfx6Screen15handleTickEventEv  touchgfx_core.lib(screen.o)
    0x0800f3fe   0x0800f3fe   0x00000006   Code   RO        11009    i._ZN8touchgfx6Screen3addERNS_8DrawableE  screen1viewbase.o
    0x0800f404   0x0800f404   0x0000000c   Code   RO        12092    i._ZN8touchgfx6ScreenD1Ev  touchgfx_core.lib(screen.o)
    0x0800f410   0x0800f410   0x00000014   Code   RO        11827    i._ZN8touchgfx6Widget12getLastChildEssPPNS_8DrawableE  touchgfx_core.lib(box.o)
    0x0800f424   0x0800f424   0x00000038   Code   RO        10985    i._ZN8touchgfx6WidgetC2Ev  screen1viewbase.o
    0x0800f45c   0x0800f45c   0x0000000e   Code   RO        10649    i._ZN8touchgfx8CallbackI23FrontendApplicationBasevvvEaSERKS2_  frontendapplicationbase.o
    0x0800f46a   0x0800f46a   0x0000002a   Code   RO        11785    i._ZN8touchgfx8Drawable11setPositionEssss  touchgfx_core.lib(box.o)
    0x0800f494   0x0800f494   0x00000012   Code   RO        11824    i._ZN8touchgfx8Drawable14setupDrawChainERKNS_4RectEPPS0_  touchgfx_core.lib(box.o)
    0x0800f4a6   0x0800f4a6   0x00000002   Code   RO        11814    i._ZN8touchgfx8Drawable15handleDragEventERKNS_9DragEventE  touchgfx_core.lib(box.o)
    0x0800f4a8   0x0800f4a8   0x00000002   Code   RO        11817    i._ZN8touchgfx8Drawable15handleTickEventEv  touchgfx_core.lib(box.o)
    0x0800f4aa   0x0800f4aa   0x00000002   Code   RO        11808    i._ZN8touchgfx8Drawable16handleClickEventERKNS_10ClickEventE  touchgfx_core.lib(box.o)
    0x0800f4ac   0x0800f4ac   0x00000002   Code   RO        11811    i._ZN8touchgfx8Drawable18handleGestureEventERKNS_12GestureEventE  touchgfx_core.lib(box.o)
    0x0800f4ae   0x0800f4ae   0x00000004   Code   RO        11789    i._ZN8touchgfx8Drawable4setXEs  touchgfx_core.lib(box.o)
    0x0800f4b2   0x0800f4b2   0x00000004   Code   RO        11792    i._ZN8touchgfx8Drawable4setYEs  touchgfx_core.lib(box.o)
    0x0800f4b6   0x0800f4b6   0x0000001c   Code   RO        11795    i._ZN8touchgfx8Drawable5setXYEss  touchgfx_core.lib(box.o)
    0x0800f4d2   0x0800f4d2   0x00000004   Code   RO        11799    i._ZN8touchgfx8Drawable8setWidthEs  touchgfx_core.lib(box.o)
    0x0800f4d6   0x0800f4d6   0x00000004   Code   RO        11802    i._ZN8touchgfx8Drawable9setHeightEs  touchgfx_core.lib(box.o)
    0x0800f4da   0x0800f4da   0x00000002   Code   RO        11735    i._ZN8touchgfx8LCD24bppD1Ev  touchgfx_core.lib(lcd24bpp.o)
    0x0800f4dc   0x0800f4dc   0x00000030   Code   RO        10991    i._ZN8touchgfx8TextAreaC1Ev  screen1viewbase.o
    0x0800f50c   0x0800f50c   0x0000000c   Code   RO         1879    i._ZNK10STM32F4HAL17getTFTFrameBufferEv  stm32f4hal.o
    0x0800f518   0x0800f518   0x00000004   Code   RO        11872    i._ZNK8touchgfx15ButtonWithLabel12getSolidRectEv  touchgfx_core.lib(buttonwithlabel.o)
    0x0800f51c   0x0800f51c   0x00000004   Code   RO        11977    i._ZNK8touchgfx4Font13getFontHeightEv  touchgfx_core.lib(font.o)
    0x0800f520   0x0800f520   0x00000004   Code   RO        11983    i._ZNK8touchgfx4Font15getBitsPerPixelEv  touchgfx_core.lib(font.o)
    0x0800f524   0x0800f524   0x00000004   Code   RO        11974    i._ZNK8touchgfx4Font15getEllipsisCharEv  touchgfx_core.lib(font.o)
    0x0800f528   0x0800f528   0x00000004   Code   RO        11971    i._ZNK8touchgfx4Font15getFallbackCharEv  touchgfx_core.lib(font.o)
    0x0800f52c   0x0800f52c   0x0000000a   Code   RO        11980    i._ZNK8touchgfx4Font20getMinimumTextHeightEv  touchgfx_core.lib(font.o)
    0x0800f536   0x0800f536   0x0000001c   Code   RO        11967    i._ZNK8touchgfx4Font8getGlyphEt  touchgfx_core.lib(font.o)
    0x0800f552   0x0800f552   0x000000a6   Code   RO        12089    i._ZNK8touchgfx4RectanERKS0_  touchgfx_core.lib(screen.o)
    0x0800f5f8   0x0800f5f8   0x00000004   Code   RO        11741    i._ZNK8touchgfx8LCD24bpp8bitDepthEv  touchgfx_core.lib(lcd24bpp.o)
    0x0800f5fc   0x0800f5fc   0x00000016   Code   RO        12162    i._ZNK8touchgfx8TextArea12getSolidRectEv  touchgfx_core.lib(textarea.o)
    0x0800f612   0x0800f612   0x00000002   PAD
    0x0800f614   0x0800f614   0x00000040   Code   RO        11364    i._ZNK8touchgfx9TypedText11assertValidEv  screen2viewbase.o
    0x0800f654   0x0800f654   0x00000006   Code   RO         9667    i._ZThn4_N16Screen1Presenter9key_eventEv  screen1presenter.o
    0x0800f65a   0x0800f65a   0x00000008   Code   RO        12422    i._ZdlPv            cpprt_w.l(delete.o)
    0x0800f662   0x0800f662   0x0000000a   Code   RO        11748    i.__ARM_common_memcpy4_8  touchgfx_core.lib(lcd24bpp.o)
    0x0800f66c   0x0800f66c   0x00000020   Code   RO         6619    i.__NVIC_SetPriority  stm32f4xx_hal_cortex.o
    0x0800f68c   0x0800f68c   0x00000024   Code   RO        12540    i.__aeabi_vec_ctor_nocookie_nodtor  cpprt_w.l(aeabi_vec_ctor_nocookie_nodtor.o)
    0x0800f6b0   0x0800f6b0   0x00000010   Code   RO        12428    i.__cxa_guard_acquire  cpprt_w.l(cxa_guard_acquire.o)
    0x0800f6c0   0x0800f6c0   0x00000006   Code   RO        12425    i.__cxa_pure_virtual  cpprt_w.l(pure_virt.o)
    0x0800f6c6   0x0800f6c6   0x00000002   PAD
    0x0800f6c8   0x0800f6c8   0x0000001c   Code   RO        11685    i.__sti___21_typedtextdatabase_cpp_42ef4e5b  typedtextdatabase.o
    0x0800f6e4   0x0800f6e4   0x0000008c   Code   RO          867    i.__sti___22_BoardConfiguration_cpp_2f1c5dae  boardconfiguration.o
    0x0800f770   0x0800f770   0x00000018   Code   RO        11615    i.__sti___9_texts_cpp_454ca793  texts.o
    0x0800f788   0x0800f788   0x0000000e   Code   RO        12374    i._is_digit         c_w.l(__printf_wp.o)
    0x0800f796   0x0800f796   0x00000002   Code   RO         9194    i._sys_exit         uart.o
    0x0800f798   0x0800f798   0x00000002   Code   RO         9195    i._ttywrch          uart.o
    0x0800f79a   0x0800f79a   0x00000002   PAD
    0x0800f79c   0x0800f79c   0x00000014   Code   RO         9196    i.fputc             uart.o
    0x0800f7b0   0x0800f7b0   0x00000050   Code   RO         8936    i.i2c_Ack           bsp_i2c_touch.o
    0x0800f800   0x0800f800   0x0000000c   Code   RO         8937    i.i2c_Delay         bsp_i2c_touch.o
    0x0800f80c   0x0800f80c   0x00000048   Code   RO         8938    i.i2c_NAck          bsp_i2c_touch.o
    0x0800f854   0x0800f854   0x00000054   Code   RO         8939    i.i2c_ReadByte      bsp_i2c_touch.o
    0x0800f8a8   0x0800f8a8   0x00000074   Code   RO         8940    i.i2c_SendByte      bsp_i2c_touch.o
    0x0800f91c   0x0800f91c   0x00000050   Code   RO         8941    i.i2c_Start         bsp_i2c_touch.o
    0x0800f96c   0x0800f96c   0x00000040   Code   RO         8942    i.i2c_Stop          bsp_i2c_touch.o
    0x0800f9ac   0x0800f9ac   0x00000054   Code   RO         8943    i.i2c_WaitAck       bsp_i2c_touch.o
    0x0800fa00   0x0800fa00   0x00000010   Code   RO         8417    i.inHandlerMode     cmsis_os.o
    0x0800fa10   0x0800fa10   0x000000a8   Code   RO           25    i.main              main.o
    0x0800fab8   0x0800fab8   0x0000000c   Code   RO         8419    i.makeFreeRtosPriority  cmsis_os.o
    0x0800fac4   0x0800fac4   0x00000010   Code   RO         8421    i.osDelay           cmsis_os.o
    0x0800fad4   0x0800fad4   0x00000012   Code   RO         8423    i.osKernelRunning   cmsis_os.o
    0x0800fae6   0x0800fae6   0x0000000a   Code   RO         8424    i.osKernelStart     cmsis_os.o
    0x0800faf0   0x0800faf0   0x00000018   Code   RO         8425    i.osKernelSysTick   cmsis_os.o
    0x0800fb08   0x0800fb08   0x00000028   Code   RO         8433    i.osMessageCreate   cmsis_os.o
    0x0800fb30   0x0800fb30   0x00000094   Code   RO         8435    i.osMessageGet      cmsis_os.o
    0x0800fbc4   0x0800fbc4   0x00000060   Code   RO         8437    i.osMessagePut      cmsis_os.o
    0x0800fc24   0x0800fc24   0x00000058   Code   RO         8458    i.osThreadCreate    cmsis_os.o
    0x0800fc7c   0x0800fc7c   0x00000070   Code   RO         8087    i.prvAddCurrentTaskToDelayedList  tasks.o
    0x0800fcec   0x0800fcec   0x00000088   Code   RO         8088    i.prvAddNewTaskToReadyList  tasks.o
    0x0800fd74   0x0800fd74   0x0000003c   Code   RO         8089    i.prvCheckTasksWaitingTermination  tasks.o
    0x0800fdb0   0x0800fdb0   0x00000028   Code   RO         7771    i.prvCopyDataFromQueue  queue.o
    0x0800fdd8   0x0800fdd8   0x0000006e   Code   RO         7772    i.prvCopyDataToQueue  queue.o
    0x0800fe46   0x0800fe46   0x00000040   Code   RO         8090    i.prvDeleteTCB      tasks.o
    0x0800fe86   0x0800fe86   0x00000014   Code   RO         7773    i.prvGetDisinheritPriorityAfterTimeout  queue.o
    0x0800fe9a   0x0800fe9a   0x00000002   PAD
    0x0800fe9c   0x0800fe9c   0x0000004c   Code   RO         8786    i.prvHeapInit       heap_4.o
    0x0800fee8   0x0800fee8   0x00000028   Code   RO         8091    i.prvIdleTask       tasks.o
    0x0800ff10   0x0800ff10   0x00000018   Code   RO         7775    i.prvInitialiseNewQueue  queue.o
    0x0800ff28   0x0800ff28   0x00000092   Code   RO         8092    i.prvInitialiseNewTask  tasks.o
    0x0800ffba   0x0800ffba   0x00000002   PAD
    0x0800ffbc   0x0800ffbc   0x00000058   Code   RO         8093    i.prvInitialiseTaskLists  tasks.o
    0x08010014   0x08010014   0x00000054   Code   RO         8787    i.prvInsertBlockIntoFreeList  heap_4.o
    0x08010068   0x08010068   0x0000001a   Code   RO         7776    i.prvIsQueueEmpty   queue.o
    0x08010082   0x08010082   0x0000001e   Code   RO         7777    i.prvIsQueueFull    queue.o
    0x080100a0   0x080100a0   0x00000024   Code   RO         8094    i.prvResetNextTaskUnblockTime  tasks.o
    0x080100c4   0x080100c4   0x0000002c   Code   RO         8849    i.prvTaskExitError  port.o
    0x080100f0   0x080100f0   0x0000006a   Code   RO         7778    i.prvUnlockQueue    queue.o
    0x0801015a   0x0801015a   0x00000002   PAD
    0x0801015c   0x0801015c   0x000000d4   Code   RO         8788    i.pvPortMalloc      heap_4.o
    0x08010230   0x08010230   0x00000018   Code   RO         8096    i.pvTaskIncrementMutexHeldCount  tasks.o
    0x08010248   0x08010248   0x00000024   Code   RO         8850    i.pxPortInitialiseStack  port.o
    0x0801026c   0x0801026c   0x00000026   Code   RO         7731    i.uxListRemove      list.o
    0x08010292   0x08010292   0x00000002   PAD
    0x08010294   0x08010294   0x00000014   Code   RO          827    i.vApplicationGetIdleTaskMemory  freertos.o
    0x080102a8   0x080102a8   0x00000016   Code   RO         7732    i.vListInitialise   list.o
    0x080102be   0x080102be   0x00000006   Code   RO         7733    i.vListInitialiseItem  list.o
    0x080102c4   0x080102c4   0x00000030   Code   RO         7734    i.vListInsert       list.o
    0x080102f4   0x080102f4   0x00000018   Code   RO         7735    i.vListInsertEnd    list.o
    0x0801030c   0x0801030c   0x00000040   Code   RO         8852    i.vPortEnterCritical  port.o
    0x0801034c   0x0801034c   0x0000002c   Code   RO         8853    i.vPortExitCritical  port.o
    0x08010378   0x08010378   0x0000005c   Code   RO         8789    i.vPortFree         heap_4.o
    0x080103d4   0x080103d4   0x00000024   Code   RO         8854    i.vPortSetupTimerInterrupt  port.o
    0x080103f8   0x080103f8   0x00000054   Code   RO         8855    i.vPortValidateInterruptPriority  port.o
    0x0801044c   0x0801044c   0x00000050   Code   RO         8102    i.vTaskDelay        tasks.o
    0x0801049c   0x0801049c   0x00000010   Code   RO         8105    i.vTaskInternalSetTimeOutState  tasks.o
    0x080104ac   0x080104ac   0x0000000c   Code   RO         8106    i.vTaskMissedYield  tasks.o
    0x080104b8   0x080104b8   0x00000034   Code   RO         8108    i.vTaskPlaceOnEventList  tasks.o
    0x080104ec   0x080104ec   0x000000ac   Code   RO         8110    i.vTaskPriorityDisinheritAfterTimeout  tasks.o
    0x08010598   0x08010598   0x00000088   Code   RO         8116    i.vTaskStartScheduler  tasks.o
    0x08010620   0x08010620   0x00000010   Code   RO         8118    i.vTaskSuspendAll   tasks.o
    0x08010630   0x08010630   0x00000074   Code   RO         8119    i.vTaskSwitchContext  tasks.o
    0x080106a4   0x080106a4   0x000000f4   Code   RO         8856    i.xPortStartScheduler  port.o
    0x08010798   0x08010798   0x0000004a   Code   RO         7787    i.xQueueGenericCreate  queue.o
    0x080107e2   0x080107e2   0x0000006c   Code   RO         7788    i.xQueueGenericCreateStatic  queue.o
    0x0801084e   0x0801084e   0x00000002   PAD
    0x08010850   0x08010850   0x0000008c   Code   RO         7789    i.xQueueGenericReset  queue.o
    0x080108dc   0x080108dc   0x00000164   Code   RO         7790    i.xQueueGenericSend  queue.o
    0x08010a40   0x08010a40   0x000000be   Code   RO         7791    i.xQueueGenericSendFromISR  queue.o
    0x08010afe   0x08010afe   0x0000009e   Code   RO         7792    i.xQueueGiveFromISR  queue.o
    0x08010b9c   0x08010b9c   0x0000013c   Code   RO         7797    i.xQueueReceive     queue.o
    0x08010cd8   0x08010cd8   0x0000009c   Code   RO         7798    i.xQueueReceiveFromISR  queue.o
    0x08010d74   0x08010d74   0x0000017c   Code   RO         7799    i.xQueueSemaphoreTake  queue.o
    0x08010ef0   0x08010ef0   0x00000018   Code   RO         8120    i.xTaskCallApplicationTaskHook  tasks.o
    0x08010f08   0x08010f08   0x0000007c   Code   RO         8121    i.xTaskCheckForTimeOut  tasks.o
    0x08010f84   0x08010f84   0x00000064   Code   RO         8122    i.xTaskCreate       tasks.o
    0x08010fe8   0x08010fe8   0x0000005c   Code   RO         8123    i.xTaskCreateStatic  tasks.o
    0x08011044   0x08011044   0x0000001c   Code   RO         8128    i.xTaskGetSchedulerState  tasks.o
    0x08011060   0x08011060   0x0000000c   Code   RO         8129    i.xTaskGetTickCount  tasks.o
    0x0801106c   0x0801106c   0x00000010   Code   RO         8130    i.xTaskGetTickCountFromISR  tasks.o
    0x0801107c   0x0801107c   0x000000cc   Code   RO         8131    i.xTaskIncrementTick  tasks.o
    0x08011148   0x08011148   0x00000098   Code   RO         8134    i.xTaskPriorityDisinherit  tasks.o
    0x080111e0   0x080111e0   0x00000098   Code   RO         8135    i.xTaskPriorityInherit  tasks.o
    0x08011278   0x08011278   0x0000007c   Code   RO         8136    i.xTaskRemoveFromEventList  tasks.o
    0x080112f4   0x080112f4   0x000000cc   Code   RO         8137    i.xTaskResumeAll    tasks.o
    0x080113c0   0x080113c0   0x000000d8   Code   RO        10629    t._ZN8touchgfx14makeTransitionI11Screen1View16Screen1PresenterNS_12NoTransitionE5ModelEEPT0_PPNS_6ScreenEPPNS_9PresenterERNS_7MVPHeapEPPNS_10TransitionEPT2_  frontendapplicationbase.o
    0x08011498   0x08011498   0x000000d8   Code   RO        10636    t._ZN8touchgfx14makeTransitionI11Screen2View16Screen2PresenterNS_12NoTransitionE5ModelEEPT0_PPNS_6ScreenEPPNS_9PresenterERNS_7MVPHeapEPPNS_10TransitionEPT2_  frontendapplicationbase.o
    0x08011570   0x08011570   0x00000006   Code   RO        10658    t._ZN8touchgfx17AbstractPartition2atINS_12NoTransitionEEERT_t  frontendapplicationbase.o
    0x08011576   0x08011576   0x00000002   PAD
    0x08011578   0x08011578   0x00000098   Code   RO          933    t._ZN8touchgfx21touchgfx_generic_initI10STM32F4HALEERNS_3HALERNS_13DMA_InterfaceERNS_3LCDERNS_15TouchControllerEssPtjj  boardconfiguration.o
    0x08011610   0x08011610   0x00000060   Code   RO          927    t._ZN8touchgfx6getHALI10STM32F4HALEERNS_3HALERNS_13DMA_InterfaceERNS_3LCDERNS_15TouchControllerEss  boardconfiguration.o
    0x08011670   0x08011670   0x0000001a   Code   RO        11158    t._ZN8touchgfx8CallbackI15Screen1ViewBaseRKNS_14AbstractButtonEvvE7executeES4_  screen1viewbase.o
    0x0801168a   0x0801168a   0x0000001a   Code   RO        11393    t._ZN8touchgfx8CallbackI15Screen2ViewBaseRKNS_14AbstractButtonEvvE7executeES4_  screen2viewbase.o
    0x080116a4   0x080116a4   0x00000016   Code   RO        10709    t._ZN8touchgfx8CallbackI23FrontendApplicationBasevvvE7executeEv  frontendapplicationbase.o
    0x080116ba   0x080116ba   0x00000002   PAD
    0x080116bc   0x080116bc   0x00000018   Code   RO        10643    t._ZN8touchgfx8CallbackI23FrontendApplicationBasevvvEC1EPS1_MS1_FvvE  frontendapplicationbase.o
    0x080116d4   0x080116d4   0x00000006   Code   RO         1085    t._ZN8touchgfx9PartitionINS_4meta8TypeListI11Screen1ViewNS2_INS1_3NilES4_EEEELt1EE12element_sizeEv  boardconfiguration.o
    0x080116da   0x080116da   0x00000010   Code   RO         1091    t._ZN8touchgfx9PartitionINS_4meta8TypeListI11Screen1ViewNS2_INS1_3NilES4_EEEELt1EE7elementEt  boardconfiguration.o
    0x080116ea   0x080116ea   0x00000004   Code   RO         1058    t._ZN8touchgfx9PartitionINS_4meta8TypeListI16Screen2PresenterNS2_INS1_3NilES4_EEEELt1EE12element_sizeEv  boardconfiguration.o
    0x080116ee   0x080116ee   0x00000008   Code   RO         1064    t._ZN8touchgfx9PartitionINS_4meta8TypeListI16Screen2PresenterNS2_INS1_3NilES4_EEEELt1EE7elementEt  boardconfiguration.o
    0x080116f6   0x080116f6   0x00000004   Code   RO         1112    t._ZN8touchgfx9PartitionINS_4meta8TypeListINS_12NoTransitionENS2_INS1_3NilES4_EEEELt1EE12element_sizeEv  boardconfiguration.o
    0x080116fa   0x080116fa   0x0000000c   Code   RO         1118    t._ZN8touchgfx9PartitionINS_4meta8TypeListINS_12NoTransitionENS2_INS1_3NilES4_EEEELt1EE7elementEt  boardconfiguration.o
    0x08011706   0x08011706   0x0000001a   Code   RO        11164    t._ZNK8touchgfx8CallbackI15Screen1ViewBaseRKNS_14AbstractButtonEvvE7isValidEv  screen1viewbase.o
    0x08011720   0x08011720   0x0000001a   Code   RO        11399    t._ZNK8touchgfx8CallbackI15Screen2ViewBaseRKNS_14AbstractButtonEvvE7isValidEv  screen2viewbase.o
    0x0801173a   0x0801173a   0x0000001a   Code   RO        10715    t._ZNK8touchgfx8CallbackI23FrontendApplicationBasevvvE7isValidEv  frontendapplicationbase.o
    0x08011754   0x08011754   0x00000004   Code   RO         1079    t._ZNK8touchgfx9PartitionINS_4meta8TypeListI11Screen1ViewNS2_INS1_3NilES4_EEEELt1EE8capacityEv  boardconfiguration.o
    0x08011758   0x08011758   0x00000004   Code   RO         1052    t._ZNK8touchgfx9PartitionINS_4meta8TypeListI16Screen2PresenterNS2_INS1_3NilES4_EEEELt1EE8capacityEv  boardconfiguration.o
    0x0801175c   0x0801175c   0x00000004   Code   RO         1106    t._ZNK8touchgfx9PartitionINS_4meta8TypeListINS_12NoTransitionENS2_INS1_3NilES4_EEEELt1EE8capacityEv  boardconfiguration.o
    0x08011760   0x08011760   0x0000000a   Code   RO        12750    x$fpl$fpinit        fz_wm.l(fpinit.o)
    0x0801176a   0x0801176a   0x00000002   PAD
    0x0801176c   0x0801176c   0x00000064   Data   RO           42    .constdata          main.o
    0x080117d0   0x080117d0   0x00000014   Data   RO          604    .constdata          sd_diskio.o
    0x080117e4   0x080117e4   0x00000010   Data   RO          605    .constdata          sd_diskio.o
    0x080117f4   0x080117f4   0x00000008   Data   RO         6318    .constdata          stm32f4xx_hal_dma.o
    0x080117fc   0x080117fc   0x00000010   Data   RO         7005    .constdata          system_stm32f4xx.o
    0x0801180c   0x0801180c   0x00000008   Data   RO         7006    .constdata          system_stm32f4xx.o
    0x08011814   0x08011814   0x00000018   Data   RO         9083    .constdata          gt9xx.o
    0x0801182c   0x0801182c   0x000000c8   Data   RO        10414    .constdata          bitmapdatabase.o
    0x080118f4   0x080118f4   0x00000018   Data   RO        10589    .constdata          frontendapplicationbase.o
    0x0801190c   0x0801190c   0x00000008   Data   RO        10963    .constdata          screen1viewbase.o
    0x08011914   0x08011914   0x00000008   Data   RO        11343    .constdata          screen2viewbase.o
    0x0801191c   0x0801191c   0x00000008   Data   RO        11957    .constdata          touchgfx_core.lib(font.o)
    0x08011924   0x08011924   0x00000010   Data   RO        12073    .constdata          touchgfx_core.lib(lcd.o)
    0x08011934   0x08011934   0x00000048   Data   RO        12085    .constdata          touchgfx_core.lib(screen.o)
    0x0801197c   0x0801197c   0x00000028   Data   RO        12347    .constdata          c_w.l(_printf_hex_int.o)
    0x080119a4   0x080119a4   0x00000011   Data   RO        12377    .constdata          c_w.l(__printf_flags_wp.o)
    0x080119b5   0x080119b5   0x00000003   PAD
    0x080119b8   0x080119b8   0x0000004c   Data   RO         1678    .constdata__ZTV10STM32F4DMA  stm32f4dma.o
    0x08011a04   0x08011a04   0x000000a8   Data   RO         1956    .constdata__ZTV10STM32F4HAL  stm32f4hal.o
    0x08011aac   0x08011aac   0x0000003c   Data   RO         9997    .constdata__ZTV11Screen1View  screen1view.o
    0x08011ae8   0x08011ae8   0x00000038   Data   RO        10239    .constdata__ZTV11Screen2View  screen2view.o
    0x08011b20   0x08011b20   0x00000014   Data   RO          985    .constdata__ZTV12FrontendHeap  boardconfiguration.o
    0x08011b34   0x08011b34   0x0000003c   Data   RO        10984    .constdata__ZTV15Screen1ViewBase  screen1viewbase.o
    0x08011b70   0x08011b70   0x00000038   Data   RO        11363    .constdata__ZTV15Screen2ViewBase  screen2viewbase.o
    0x08011ba8   0x08011ba8   0x00000030   Data   RO         9704    .constdata__ZTV16Screen1Presenter  screen1presenter.o
    0x08011bd8   0x08011bd8   0x0000002c   Data   RO        10141    .constdata__ZTV16Screen2Presenter  screen2presenter.o
    0x08011c04   0x08011c04   0x0000003c   Data   RO         9469    .constdata__ZTV19FrontendApplication  frontendapplication.o
    0x08011c40   0x08011c40   0x00000014   Data   RO        10333    .constdata__ZTV23ApplicationFontProvider  applicationfontprovider.o
    0x08011c54   0x08011c54   0x0000003c   Data   RO          977    .constdata__ZTV23FrontendApplicationBase  boardconfiguration.o
    0x08011c90   0x08011c90   0x00000014   Data   RO        12114    .constdata__ZTVN8touchgfx10ClickEventE  touchgfx_core.lib(screen.o)
    0x08011ca4   0x08011ca4   0x0000003c   Data   RO        11757    .constdata__ZTVN8touchgfx11ApplicationE  touchgfx_core.lib(application.o)
    0x08011ce0   0x08011ce0   0x00000014   Data   RO        12118    .constdata__ZTVN8touchgfx12GestureEventE  touchgfx_core.lib(screen.o)
    0x08011cf4   0x08011cf4   0x00000020   Data   RO        10670    .constdata__ZTVN8touchgfx12NoTransitionE  frontendapplicationbase.o
    0x08011d14   0x08011d14   0x00000074   Data   RO        12188    .constdata__ZTVN8touchgfx12ToggleButtonE  touchgfx_core.lib(togglebutton.o)
    0x08011d88   0x08011d88   0x0000003c   Data   RO        10666    .constdata__ZTVN8touchgfx14MVPApplicationE  frontendapplicationbase.o
    0x08011dc4   0x08011dc4   0x00000074   Data   RO        11868    .constdata__ZTVN8touchgfx15ButtonWithLabelE  touchgfx_core.lib(buttonwithlabel.o)
    0x08011e38   0x08011e38   0x00000034   Data   RO        11725    .constdata__ZTVN8touchgfx17AbstractPartitionE  touchgfx_core.lib(abstractpartition.o)
    0x08011e6c   0x08011e6c   0x0000004c   Data   RO        12061    .constdata__ZTVN8touchgfx17InternalFlashFontE  touchgfx_core.lib(internalflashfont.o)
    0x08011eb8   0x08011eb8   0x00000024   Data   RO        11911    .constdata__ZTVN8touchgfx17LockFreeDMA_QueueE  touchgfx_core.lib(dma.o)
    0x08011edc   0x08011edc   0x00000028   Data   RO         2349    .constdata__ZTVN8touchgfx22STM32F4InstrumentationE  stm32f4instrumentation.o
    0x08011f04   0x08011f04   0x00000018   Data   RO         2199    .constdata__ZTVN8touchgfx22STM32F4TouchControllerE  stm32f4touchcontroller.o
    0x08011f1c   0x08011f1c   0x0000006c   Data   RO        11784    .constdata__ZTVN8touchgfx3BoxE  touchgfx_core.lib(box.o)
    0x08011f88   0x08011f88   0x000000a8   Data   RO        12002    .constdata__ZTVN8touchgfx3HALE  touchgfx_core.lib(hal.o)
    0x08012030   0x08012030   0x00000070   Data   RO        12045    .constdata__ZTVN8touchgfx5ImageE  touchgfx_core.lib(image.o)
    0x080120a0   0x080120a0   0x00000074   Data   RO        11848    .constdata__ZTVN8touchgfx6ButtonE  touchgfx_core.lib(button.o)
    0x08012114   0x08012114   0x00000034   Data   RO        12088    .constdata__ZTVN8touchgfx6ScreenE  touchgfx_core.lib(screen.o)
    0x08012148   0x08012148   0x0000006c   Data   RO        11054    .constdata__ZTVN8touchgfx6WidgetE  screen1viewbase.o
    0x080121b4   0x080121b4   0x00000018   Data   RO        11056    .constdata__ZTVN8touchgfx8CallbackI15Screen1ViewBaseRKNS_14AbstractButtonEvvEE  screen1viewbase.o
    0x080121cc   0x080121cc   0x00000018   Data   RO        11383    .constdata__ZTVN8touchgfx8CallbackI15Screen2ViewBaseRKNS_14AbstractButtonEvvEE  screen2viewbase.o
    0x080121e4   0x080121e4   0x00000018   Data   RO        10668    .constdata__ZTVN8touchgfx8CallbackI23FrontendApplicationBasevvvEE  frontendapplicationbase.o
    0x080121fc   0x080121fc   0x00000034   Data   RO        11733    .constdata__ZTVN8touchgfx8LCD24bppE  touchgfx_core.lib(lcd24bpp.o)
    0x08012230   0x08012230   0x0000007c   Data   RO        12161    .constdata__ZTVN8touchgfx8TextAreaE  touchgfx_core.lib(textarea.o)
    0x080122ac   0x080122ac   0x0000004c   Data   RO        12229    .constdata__ZTVN8touchgfx9ConstFontE  touchgfx_core.lib(constfont.o)
    0x080122f8   0x080122f8   0x00000090   Data   RO        11892    .constdata__ZTVN8touchgfx9ContainerE  touchgfx_core.lib(container.o)
    0x08012388   0x08012388   0x00000014   Data   RO        12116    .constdata__ZTVN8touchgfx9DragEventE  touchgfx_core.lib(screen.o)
    0x0801239c   0x0801239c   0x00000034   Data   RO          981    .constdata__ZTVN8touchgfx9PartitionINS_4meta8TypeListI11Screen1ViewNS2_INS1_3NilES4_EEEELt1EEE  boardconfiguration.o
    0x080123d0   0x080123d0   0x00000034   Data   RO          979    .constdata__ZTVN8touchgfx9PartitionINS_4meta8TypeListI16Screen2PresenterNS2_INS1_3NilES4_EEEELt1EEE  boardconfiguration.o
    0x08012404   0x08012404   0x00000034   Data   RO          983    .constdata__ZTVN8touchgfx9PartitionINS_4meta8TypeListINS_12NoTransitionENS2_INS1_3NilES4_EEEELt1EEE  boardconfiguration.o
    0x08012438   0x08012438   0x0000008e   Data   RO        10621    .constdata__ZZN8touchgfx14makeTransitionI11Screen1View16Screen1PresenterNS_12NoTransitionE5ModelEEPT0_PPNS_6ScreenEPPNS_9PresenterERNS_7MVPHeapEPPNS_10TransitionEPT2_Es_0  frontendapplicationbase.o
    0x080124c6   0x080124c6   0x0000004d   Data   RO        10622    .constdata__ZZN8touchgfx14makeTransitionI11Screen1View16Screen1PresenterNS_12NoTransitionE5ModelEEPT0_PPNS_6ScreenEPPNS_9PresenterERNS_7MVPHeapEPPNS_10TransitionEPT2_Es_1  frontendapplicationbase.o
    0x08012513   0x08012513   0x000000a3   Data   RO        10623    .constdata__ZZN8touchgfx14makeTransitionI11Screen1View16Screen1PresenterNS_12NoTransitionE5ModelEEPT0_PPNS_6ScreenEPPNS_9PresenterERNS_7MVPHeapEPPNS_10TransitionEPT2_Es_3  frontendapplicationbase.o
    0x080125b6   0x080125b6   0x000000a3   Data   RO        10624    .constdata__ZZN8touchgfx14makeTransitionI11Screen1View16Screen1PresenterNS_12NoTransitionE5ModelEEPT0_PPNS_6ScreenEPPNS_9PresenterERNS_7MVPHeapEPPNS_10TransitionEPT2_Es_5  frontendapplicationbase.o
    0x08012659   0x08012659   0x0000008e   Data   RO        10625    .constdata__ZZN8touchgfx14makeTransitionI11Screen2View16Screen2PresenterNS_12NoTransitionE5ModelEEPT0_PPNS_6ScreenEPPNS_9PresenterERNS_7MVPHeapEPPNS_10TransitionEPT2_Es_0  frontendapplicationbase.o
    0x080126e7   0x080126e7   0x0000004d   Data   RO        10626    .constdata__ZZN8touchgfx14makeTransitionI11Screen2View16Screen2PresenterNS_12NoTransitionE5ModelEEPT0_PPNS_6ScreenEPPNS_9PresenterERNS_7MVPHeapEPPNS_10TransitionEPT2_Es_1  frontendapplicationbase.o
    0x08012734   0x08012734   0x000000a3   Data   RO        10627    .constdata__ZZN8touchgfx14makeTransitionI11Screen2View16Screen2PresenterNS_12NoTransitionE5ModelEEPT0_PPNS_6ScreenEPPNS_9PresenterERNS_7MVPHeapEPPNS_10TransitionEPT2_Es_3  frontendapplicationbase.o
    0x080127d7   0x080127d7   0x000000a3   Data   RO        10628    .constdata__ZZN8touchgfx14makeTransitionI11Screen2View16Screen2PresenterNS_12NoTransitionE5ModelEEPT0_PPNS_6ScreenEPPNS_9PresenterERNS_7MVPHeapEPPNS_10TransitionEPT2_Es_5  frontendapplicationbase.o
    0x0801287a   0x0801287a   0x00000042   Data   RO        11359    .constdata__ZZNK8touchgfx9TypedText11assertValidEvEs_0  screen2viewbase.o
    0x080128bc   0x080128bc   0x0000004d   Data   RO        11360    .constdata__ZZNK8touchgfx9TypedText11assertValidEvEs_1  screen2viewbase.o
    0x08012909   0x08012909   0x00000052   Data   RO        11361    .constdata__ZZNK8touchgfx9TypedText11assertValidEvEs_3  screen2viewbase.o
    0x0801295b   0x0801295b   0x00000001   PAD
    0x0801295c   0x0801295c   0x0000001c   Data   RO           43    .conststring        main.o
    0x08012978   0x08012978   0x000000a1   Data   RO         9091    .conststring        gt9xx.o
    0x08012a19   0x08012a19   0x00000003   PAD
    0x08012a1c   0x08012a1c   0x00004000   Data   RO        10371    ExtFlashSection     b10.o
    0x08016a1c   0x08016a1c   0x00004000   Data   RO        10383    ExtFlashSection     b4.o
    0x0801aa1c   0x0801aa1c   0x00004000   Data   RO        10392    ExtFlashSection     b5.o
    0x0801ea1c   0x0801ea1c   0x00004000   Data   RO        10401    ExtFlashSection     b7.o
    0x08022a1c   0x08022a1c   0x00009f60   Data   RO        10441    ExtFlashSection     blue_buttons_round_small.o
    0x0802c97c   0x0802c97c   0x00009f60   Data   RO        10450    ExtFlashSection     blue_buttons_round_small_pressed.o
    0x080368dc   0x080368dc   0x00004c00   Data   RO        10459    ExtFlashSection     blue_togglebars_toggle_round_large_button_off.o
    0x0803b4dc   0x0803b4dc   0x00004c00   Data   RO        10468    ExtFlashSection     blue_togglebars_toggle_round_large_button_on.o
    0x080400dc   0x080400dc   0x000071c0   Data   RO        10477    ExtFlashSection     btn.o
    0x0804729c   0x0804729c   0x000071c0   Data   RO        10486    ExtFlashSection     btn_pressed.o
    0x0804e45c   0x0804e45c   0x00000118   Data   RO        10495    FontFlashSection    font_verdana_10_4bpp.o
    0x0804e574   0x0804e574   0x000004b3   Data   RO        10504    FontFlashSection    font_verdana_20_4bpp.o
    0x0804ea27   0x0804ea27   0x00000001   PAD
    0x0804ea28   0x0804ea28   0x00000001   Data   RO        10513    FontFlashSection    font_verdana_40_4bpp.o
    0x0804ea29   0x0804ea29   0x00000003   PAD
    0x0804ea2c   0x0804ea2c   0x00000004   Data   RO        10902    FontFlashSection    kerning_verdana_10_4bpp.o
    0x0804ea30   0x0804ea30   0x00000004   Data   RO        10920    FontFlashSection    kerning_verdana_20_4bpp.o
    0x0804ea34   0x0804ea34   0x00000004   Data   RO        10929    FontFlashSection    kerning_verdana_40_4bpp.o
    0x0804ea38   0x0804ea38   0x0000009a   Data   RO        11587    FontFlashSection    table_verdana_10_4bpp.o
    0x0804ead2   0x0804ead2   0x00000002   PAD
    0x0804ead4   0x0804ead4   0x000000ee   Data   RO        11596    FontFlashSection    table_verdana_20_4bpp.o
    0x0804ebc2   0x0804ebc2   0x00000002   PAD
    0x0804ebc4   0x0804ebc4   0x0000000e   Data   RO        11605    FontFlashSection    table_verdana_40_4bpp.o
    0x0804ebd2   0x0804ebd2   0x00000002   PAD
    0x0804ebd4   0x0804ebd4   0x00000020   Data   RO        12828    Region$$Table       anon$$obj.o
    0x0804ebf4   0x0804ebf4   0x0000001e   Data   RO        10938    TextFlashSection    languagegb.o
    0x0804ec12   0x0804ec12   0x00000002   PAD
    0x0804ec14   0x0804ec14   0x0000000e   Data   RO        10939    TextFlashSection    languagegb.o
    0x0804ec22   0x0804ec22   0x00000002   PAD
    0x0804ec24   0x0804ec24   0x00000008   Data   RO        10940    TextFlashSection    languagegb.o
    0x0804ec2c   0x0804ec2c   0x00000010   Data   RO        10941    TextFlashSection    languagegb.o
    0x0804ec3c   0x0804ec3c   0x00000008   Data   RO        10942    TextFlashSection    languagegb.o
    0x0804ec44   0x0804ec44   0x00000008   Data   RO        10943    TextFlashSection    languagegb.o
    0x0804ec4c   0x0804ec4c   0x00000018   Data   RO        10944    TextFlashSection    languagegb.o
    0x0804ec64   0x0804ec64   0x00000004   Data   RO        11624    TextFlashSection    texts.o
    0x0804ec68   0x0804ec68   0x0000000c   Data   RO        11692    TextFlashSection    typedtextdatabase.o
    0x0804ec74   0x0804ec74   0x00000004   Data   RO        11693    TextFlashSection    typedtextdatabase.o
    0x0804ec78   0x0804ec78   0x00000004   Data   RO          877    .init_array         boardconfiguration.o
    0x0804ec7c   0x0804ec78   0x00000004   Data   RO        11623    .init_array         texts.o
    0x0804ec80   0x0804ec78   0x00000004   Data   RO        11691    .init_array         typedtextdatabase.o
    0x0804ec84   0x0804ec78   0x00000000   Data   RO        12417    .init_array         c_w.l(init_aeabi.o)


    Execution Region RW_IRAM1 (Exec base: 0x20000000, Load base: 0x0804ec84, Size: 0x0000acb0, Max: 0x00030000, ABSOLUTE, COMPRESSED[0x0000070c])

    Exec Addr    Load Addr    Size         Type   Attr      Idx    E Section Name        Object

    0x20000000   COMPRESSED   0x00000018   Data   RW           44    .data               main.o
    0x20000018   COMPRESSED   0x00000008   Data   RW          606    .data               sd_diskio.o
    0x20000020   COMPRESSED   0x00000005   Data   RW          750    .data               fatfs.o
    0x20000025   COMPRESSED   0x00000003   PAD
    0x20000028   COMPRESSED   0x00000014   Data   RW          876    .data               boardconfiguration.o
    0x2000003c   COMPRESSED   0x00000001   Data   RW         1622    .data               stm32f4dma.o
    0x2000003d   COMPRESSED   0x00000001   PAD
    0x2000003e   COMPRESSED   0x00000004   Data   RW         1891    .data               stm32f4hal.o
    0x20000042   COMPRESSED   0x00000002   PAD
    0x20000044   COMPRESSED   0x00000008   Data   RW         2436    .data               hw_init.o
    0x2000004c   COMPRESSED   0x0000000c   Data   RW         6765    .data               stm32f4xx_hal.o
    0x20000058   COMPRESSED   0x00000004   Data   RW         7007    .data               system_stm32f4xx.o
    0x2000005c   COMPRESSED   0x0000003c   Data   RW         8140    .data               tasks.o
    0x20000098   COMPRESSED   0x00000018   Data   RW         8794    .data               heap_4.o
    0x200000b0   COMPRESSED   0x0000000c   Data   RW         8857    .data               port.o
    0x200000bc   COMPRESSED   0x0000026c   Data   RW         9092    .data               gt9xx.o
    0x20000328   COMPRESSED   0x00000004   Data   RW         9197    .data               uart.o
    0x2000032c   COMPRESSED   0x0000000c   Data   RW         9370    .data               oswrappers.o
    0x20000338   COMPRESSED   0x0000000c   Data   RW        10529    .data               fontgetters.o
    0x20000344   COMPRESSED   0x00000008   Data   RW        11618    .data               texts.o
    0x2000034c   COMPRESSED   0x00000008   Data   RW        11619    .data               texts.o
    0x20000354   COMPRESSED   0x00000008   Data   RW        11620    .data               texts.o
    0x2000035c   COMPRESSED   0x00000008   Data   RW        11621    .data               texts.o
    0x20000364   COMPRESSED   0x00000008   Data   RW        11622    .data               texts.o
    0x2000036c   COMPRESSED   0x00000010   Data   RW        11754    .data               touchgfx_core.lib(application.o)
    0x2000037c   COMPRESSED   0x00000024   Data   RW        11777    .data               touchgfx_core.lib(bitmap.o)
    0x200003a0   COMPRESSED   0x00000004   Data   RW        11994    .data               touchgfx_core.lib(fontmanager.o)
    0x200003a4   COMPRESSED   0x00000014   Data   RW        11999    .data               touchgfx_core.lib(hal.o)
    0x200003b8   COMPRESSED   0x00000004   Data   RW        12203    .data               touchgfx_core.lib(typedtext.o)
    0x200003bc   COMPRESSED   0x00000004   Data   RW        12204    .data               touchgfx_core.lib(typedtext.o)
    0x200003c0   COMPRESSED   0x00000004   Data   RW        12205    .data               touchgfx_core.lib(typedtext.o)
    0x200003c4   COMPRESSED   0x00000002   Data   RW        12206    .data               touchgfx_core.lib(typedtext.o)
    0x200003c6   COMPRESSED   0x000007e2   Data   RW        12251    .data               touchgfx_core.lib(textprovider.o)
    0x20000ba8   COMPRESSED   0x00000004   Data   RW          986    .data__ZZN12FrontendHeap11getInstanceEvE8instance  boardconfiguration.o
    0x20000bac   COMPRESSED   0x00000004   Data   RW          988    .data__ZZN8touchgfx6getHALI10STM32F4HALEERNS_3HALERNS_13DMA_InterfaceERNS_3LCDERNS_15TouchControllerEssE3hal  boardconfiguration.o
    0x20000bb0        -       0x0000011c   Zero   RW           39    .bss                main.o
    0x20000ccc        -       0x00000060   Zero   RW           40    .bss                main.o
    0x20000d2c        -       0x00000060   Zero   RW           41    .bss                main.o
    0x20000d8c        -       0x00000200   Zero   RW          603    .bss                sd_diskio.o
    0x20000f8c        -       0x00000258   Zero   RW          828    .bss                freertos.o
    0x200011e4        -       0x00000ab0   Zero   RW          875    .bss                boardconfiguration.o
    0x20001c94        -       0x00000040   Zero   RW         2317    .bss                stm32f4instrumentation.o
    0x20001cd4        -       0x0000012c   Zero   RW         2435    .bss                hw_init.o
    0x20001e00        -       0x00000040   Zero   RW         2697    .bss                stm32f4xx_hal_timebase_tim.o
    0x20001e40        -       0x0000000c   Zero   RW         7492    .bss                ff_gen_drv.o
    0x20001e4c        -       0x000000f0   Zero   RW         8139    .bss                tasks.o
    0x20001f3c        -       0x00008000   Zero   RW         8793    .bss                heap_4.o
    0x20009f3c        -       0x00000060   Zero   RW        10528    .bss                fontgetters.o
    0x20009f9c        -       0x0000000c   Zero   RW        11690    .bss                typedtextdatabase.o
    0x20009fa8        -       0x0000004c   Zero   RW        12258    .bss                touchgfx_core.lib(touchcalibration.o)
    0x20009ff4        -       0x00000060   Zero   RW        12668    .bss                c_w.l(libspace.o)
    0x2000a054        -       0x000003f4   Zero   RW          987    .bss__ZZN12FrontendHeap11getInstanceEvE8instance  boardconfiguration.o
    0x2000a448        -       0x00000068   Zero   RW          989    .bss__ZZN8touchgfx6getHALI10STM32F4HALEERNS_3HALERNS_13DMA_InterfaceERNS_3LCDERNS_15TouchControllerEssE3hal  boardconfiguration.o
    0x2000a4b0        -       0x00000400   Zero   RW            2    HEAP                startup_stm32f429xx.o
    0x2000a8b0        -       0x00000400   Zero   RW            1    STACK               startup_stm32f429xx.o


==============================================================================

Image component sizes


      Code (inc. data)   RO Data    RW Data    ZI Data      Debug   Object Name

        28          0         20          0          0      12016   applicationfontprovider.o
         0          0      16384          0          0        627   b10.o
         0          0      16384          0          0        626   b4.o
         0          0      16384          0          0        626   b5.o
         0          0      16384          0          0        626   b7.o
        12          4        200          0          0       8628   bitmapdatabase.o
         0          0      40800          0          0        768   blue_buttons_round_small.o
         0          0      40800          0          0        808   blue_buttons_round_small_pressed.o
         0          0      19456          0          0        873   blue_togglebars_toggle_round_large_button_off.o
         0          0      19456          0          0        868   blue_togglebars_toggle_round_large_button_on.o
      1000        178        240         28       3852     124585   boardconfiguration.o
       188         22          0          0          0     815686   bsp_driver_sd.o
       850         46          0          0          0      11362   bsp_i2c_touch.o
         0          0      29120          0          0        627   btn.o
         0          0      29120          0          0        667   btn_pressed.o
       468          8          0          0          0      31851   cmsis_os.o
         0          0          0          0          0      18048   event_groups.o
        28         10          0          5          0      16366   fatfs.o
        24          4          0          0          0        545   fatfs_platform.o
        70          6          0          0         12       1627   ff_gen_drv.o
         0          0        280          0          0        699   font_verdana_10_4bpp.o
         0          0       1203          0          0        699   font_verdana_20_4bpp.o
         0          0          1          0          0        699   font_verdana_40_4bpp.o
       328         88          0         12         96      14205   fontgetters.o
        20          4          0          0        600       1208   freertos.o
        38          4         60          0          0      29000   frontendapplication.o
       938         90       1230          0          0      53131   frontendapplicationbase.o
         8          0          0          0          0       2200   gpio.o
      1382        442        185        620          0       9150   gt9xx.o
       464         22          0         24      32768       7447   heap_4.o
      1388        164          0          8        300       7123   hw_init.o
         0          0          4          0          0       7662   kerning_verdana_10_4bpp.o
         0          0          4          0          0       1402   kerning_verdana_20_4bpp.o
         0          0          4          0          0       1402   kerning_verdana_40_4bpp.o
         0          0        108          0          0        930   languagegb.o
       138          0          0          0          0       3562   list.o
      1230        122        128         24        476     809445   main.o
        78         12          0          0          0       7304   model.o
       240         44          0         12          0       4412   oswrappers.o
       786         84          0         12          0      11941   port.o
      2234         20          0          0          0      19671   queue.o
        46          6         48          0          0      54184   screen1presenter.o
        84         10         60          0          0      30816   screen1view.o
       994         40        200          0          0      58972   screen1viewbase.o
        32          6         44          0          0      17624   screen2presenter.o
        36         10         56          0          0      19752   screen2view.o
       754         68        313          0          0      57864   screen2viewbase.o
       698         52         36          8        512      40349   sd_diskio.o
        64         26        428          0       2048        844   startup_stm32f429xx.o
      1008         74         76          1          0     696475   stm32f4dma.o
       382         42        168          4          0     694124   stm32f4hal.o
       192         18         40          0         64       6108   stm32f4instrumentation.o
        60         10         24          0          0     761490   stm32f4touchcontroller.o
       116         18          0         12          0       3878   stm32f4xx_hal.o
       192         14          0          0          0      33932   stm32f4xx_hal_cortex.o
        40          0          0          0          0       1059   stm32f4xx_hal_crc.o
      1038         14          8          0          0       6658   stm32f4xx_hal_dma.o
      1168         12          0          0          0       9895   stm32f4xx_hal_dma2d.o
       846        104          0          0          0       4822   stm32f4xx_hal_gpio.o
      1118         18          0          0          0       7463   stm32f4xx_hal_ltdc.o
       708         82          0          0          0       4433   stm32f4xx_hal_msp.o
       116         12          0          0          0       1320   stm32f4xx_hal_pwr_ex.o
      1480         80          0          0          0       6849   stm32f4xx_hal_rcc.o
       584         38          0          0          0       1800   stm32f4xx_hal_rcc_ex.o
      3156         42          0          0          0      19687   stm32f4xx_hal_sd.o
       162          0          0          0          0       2796   stm32f4xx_hal_sdram.o
       130          0          0          0          0       1175   stm32f4xx_hal_spi.o
       704         44          0          0          0       6552   stm32f4xx_hal_tim.o
        70          0          0          0          0       2481   stm32f4xx_hal_tim_ex.o
       116         16          0          0         64       1427   stm32f4xx_hal_timebase_tim.o
       888          8          0          0          0       1860   stm32f4xx_hal_uart.o
        84         36          0          0          0       5494   stm32f4xx_it.o
       276          4          0          0          0       3640   stm32f4xx_ll_fmc.o
      1692         50          0          0          0      24287   stm32f4xx_ll_sdmmc.o
        84         18         24          4          0       1159   system_stm32f4xx.o
         0          0        154          0          0       1393   table_verdana_10_4bpp.o
         0          0        238          0          0       1393   table_verdana_20_4bpp.o
         0          0         14          0          0       1393   table_verdana_40_4bpp.o
      2538        196          0         60        240      28219   tasks.o
        88         30          8         40          0       9886   texts.o
        52         12         20          0         12       5512   typedtextdatabase.o
        24          6          0          4          0       3161   uart.o

    ----------------------------------------------------------------------
     33838       2590     249964        884      41044    4683348   Object Totals
         0          0         32          0          0          0   (incl. Generated)
        78          0         18          6          0          0   (incl. Padding)

    ----------------------------------------------------------------------

      Code (inc. data)   RO Data    RW Data    ZI Data      Debug   Library Member Name

        24          4          0          0          0         84   __2printf.o
        90          0          0          0          0          0   __dczerorl2.o
         8          0          0          0          0         68   __main.o
       312          4         17          0          0         92   __printf_flags_wp.o
        14          0          0          0          0         68   __printf_wp.o
         0          0          0          0          0          0   __rtentry.o
        12          0          0          0          0          0   __rtentry2.o
         6          0          0          0          0          0   __rtentry4.o
        52          8          0          0          0          0   __scatter.o
        28          0          0          0          0          0   __scatter_zi.o
         6          0          0          0          0          0   _printf_c.o
        44          0          0          0          0        108   _printf_char.o
        48          6          0          0          0         96   _printf_char_common.o
        36          4          0          0          0         80   _printf_char_file.o
         6          0          0          0          0          0   _printf_d.o
       120         16          0          0          0         92   _printf_dec.o
        88          4         40          0          0         88   _printf_hex_int.o
       178          0          0          0          0         88   _printf_intcommon.o
        78          0          0          0          0        108   _printf_pad.o
         0          0          0          0          0          0   _printf_percent.o
         4          0          0          0          0          0   _printf_percent_end.o
        82          0          0          0          0         80   _printf_str.o
         6          0          0          0          0          0   _printf_x.o
        22          0          0          0          0         80   abort.o
        46          0          0          0          0         84   aeabi_atexit.o
       128         42          0          0          0         76   assert.o
        20          0          0          0          0         76   assert_puts.o
        66          0          0          0          0         84   cxa_finalize.o
        48         34          0          0          0         76   defsig_abrt_inner.o
        14          0          0          0          0         80   defsig_abrt_outer.o
        10          0          0          0          0         68   defsig_exit.o
        50          0          0          0          0         88   defsig_general.o
        48         34          0          0          0         76   defsig_pvfn_inner.o
        14          0          0          0          0         80   defsig_pvfn_outer.o
        80         58          0          0          0         76   defsig_rtmem_inner.o
        14          0          0          0          0         80   defsig_rtmem_outer.o
        18          0          0          0          0         80   exit.o
         8          0          0          0          0         68   ferror.o
        94          0          0          0          0         80   h1_alloc.o
        52          0          0          0          0         68   h1_extend.o
        78          0          0          0          0         80   h1_free.o
        14          0          0          0          0         84   h1_init.o
         6          0          0          0          0        152   heapauxi.o
         4          0          0          0          0        136   hguard.o
        36         10          0          0          0         80   init_aeabi.o
       138          0          0          0          0        168   init_alloc.o
         2          0          0          0          0          0   libinit.o
        18          0          0          0          0          0   libinit2.o
         2          0          0          0          0          0   libshutdown.o
         8          0          0          0          0          0   libshutdown2.o
         8          4          0          0         96         68   libspace.o
       238          0          0          0          0        100   lludivv7m.o
         0          0          0          0          0          0   maybetermalloc1.o
         8          4          0          0          0         68   rt_ddtor_pointer_addr_intlibspace.o
         8          4          0          0          0         68   rt_heap_descriptor_intlibspace.o
        68          0          0          0          0         68   rt_memclr.o
        78          0          0          0          0         80   rt_memclr_w.o
       138          0          0          0          0         68   rt_memcpy_v6.o
       100          0          0          0          0         80   rt_memcpy_w.o
         2          0          0          0          0          0   rtexit.o
        10          0          0          0          0          0   rtexit2.o
        74          0          0          0          0         80   sys_stackheap_outer.o
         2          0          0          0          0         68   use_no_semi.o
         2          0          0          0          0         68   use_no_semi_2.o
        36          0          0          0          0         84   aeabi_vec_ctor_nocookie_nodtor.o
        16          0          0          0          0         68   cxa_guard_acquire.o
         8          0          0          0          0         76   delete.o
         6          0          0          0          0         68   pure_virt.o
        10          0          0          0          0        116   fpinit.o
        92          0          0          0          0        136   abstractbutton.o
       200          4         52          0          0        472   abstractpartition.o
      2992         66         60         16          0       1056   application.o
      2456         34          0         36          0       1064   bitmap.o
       248          6        108          0          0       1696   box.o
       428          8        116          0          0        220   button.o
       672         24        116          0          0        404   buttonwithlabel.o
       120          6          0          0          0        128   color.o
       324          6         76          0          0        312   constfont.o
      1138          0        144          0          0        856   container.o
       392         22          0          0          0        412   displaytransformation.o
       538         10         36          0          0       1016   dma.o
       676          0          0          0          0        392   drawable.o
       786         14          8          0          0       1100   font.o
        28          4          0          4          0        232   fontmanager.o
       348         12          0          0          0        316   gestures.o
      2482         36        168         20          0       1936   hal.o
       396          4        112          0          0        192   image.o
       198          6         76          0          0        528   internalflashfont.o
      7280         52         16          0          0       1416   lcd.o
      5486         50         52          0          0       1180   lcd24bpp.o
      2160         56        184          0          0       1404   screen.o
       108         26          0          0          0        116   stm32_crc_lock.o
       774         20        124          0          0        520   textarea.o
      1144         30          0       2018          0        540   textprovider.o
      1412          4          0          0          0        304   texturemaptypes.o
       144          6        116          0          0        368   togglebutton.o
       748          4          0          0         76        432   touchcalibration.o
         0          0          0         14          0          0   typedtext.o
       372          0          0          0          0        524   utils.o

    ----------------------------------------------------------------------
     37266        746       1624       2108        172      23572   Library Totals
        32          0          3          0          0          0   (incl. Padding)

    ----------------------------------------------------------------------

      Code (inc. data)   RO Data    RW Data    ZI Data      Debug   Library Name

      3016        236         57          0         96       3888   c_w.l
        66          0          0          0          0        296   cpprt_w.l
        10          0          0          0          0        116   fz_wm.l
     34142        510       1564       2108         76      19272   touchgfx_core.lib

    ----------------------------------------------------------------------
     37266        746       1624       2108        172      23572   Library Totals

    ----------------------------------------------------------------------

==============================================================================


      Code (inc. data)   RO Data    RW Data    ZI Data      Debug   

     71104       3336     251588       2992      41216    4650376   Grand Totals
     71104       3336     251588       1804      41216    4650376   ELF Image Totals (compressed)
     71104       3336     251588       1804          0          0   ROM Totals

==============================================================================

    Total RO  Size (Code + RO Data)               322692 ( 315.13kB)
    Total RW  Size (RW Data + ZI Data)             44208 (  43.17kB)
    Total ROM Size (Code + RO Data + RW Data)     324496 ( 316.89kB)

==============================================================================

