<html>
<body>
<pre>
<h1>µVision Build Log</h1>
<h2>Tool Versions:</h2>
IDE-Version: ¦ÌVision V5.26.2.0
Copyright (C) 2018 ARM Ltd and ARM Germany GmbH. All rights reserved.
License Information: 454 akqbdlk@gmail.com, 5+6, LIC=QF8PC-7DJVF-EHY8P-MGZMM-Y1SVZ-RLPW1
 
Tool Versions:
Toolchain:       MDK-ARM Plus  Version: 5.26.2.0
Toolchain Path:  D:\Keil_v5\ARM\ARMCC\Bin
C Compiler:      Armcc.exe V5.06 update 6 (build 750)
Assembler:       Armasm.exe V5.06 update 6 (build 750)
Linker/Locator:  ArmLink.exe V5.06 update 6 (build 750)
Library Manager: ArmAr.exe V5.06 update 6 (build 750)
Hex Converter:   FromElf.exe V5.06 update 6 (build 750)
CPU DLL:         SARMCM3.DLL V5.26.2.0
Dialog DLL:      DCM.DLL V1.17.2.0
Target DLL:      Segger\JL2CM3.dll V2.99.31.0
Dialog DLL:      TCM.DLL V1.36.1.0
 
<h2>Project:</h2>
C:\Users\akqbd\Desktop\TouchGFX\demo\MDK-ARM\demo.uvprojx
Project File Date:  07/29/2019

<h2>Output:</h2>
*** Using Compiler 'V5.06 update 6 (build 750)', folder: 'D:\Keil_v5\ARM\ARMCC\Bin'
Rebuild target 'demo'
assembling startup_stm32f429xx.s...
compiling bsp_driver_sd.c...
compiling sd_diskio.c...
compiling main.cpp...
compiling fatfs_platform.c...
compiling freertos.c...
compiling fatfs.c...
compiling GPIO.cpp...
compiling BoardConfiguration.cpp...
compiling STM32F4HAL.cpp...
compiling STM32F4DMA.cpp...
compiling STM32F4TouchController.cpp...
compiling STM32F4Instrumentation.cpp...
compiling HW_Init.cpp...
compiling stm32f4xx_hal_timebase_tim.c...
compiling stm32f4xx_hal_msp.c...
compiling stm32f4xx_it.c...
compiling stm32f4xx_hal_dma2d.c...
compiling stm32f4xx_ll_fmc.c...
compiling stm32f4xx_hal_sdram.c...
compiling stm32f4xx_hal_ltdc.c...
compiling stm32f4xx_hal_ltdc_ex.c...
compiling stm32f4xx_hal_dsi.c...
compiling stm32f4xx_hal_crc.c...
compiling stm32f4xx_hal_tim_ex.c...
compiling stm32f4xx_hal_tim.c...
compiling stm32f4xx_ll_sdmmc.c...
compiling stm32f4xx_hal_spi.c...
compiling stm32f4xx_hal_sd.c...
compiling stm32f4xx_hal_uart.c...
compiling stm32f4xx_hal_rcc_ex.c...
compiling stm32f4xx_hal_rcc.c...
compiling stm32f4xx_hal_flash_ramfunc.c...
compiling stm32f4xx_hal_flash_ex.c...
compiling stm32f4xx_hal_flash.c...
compiling stm32f4xx_hal_dma_ex.c...
compiling stm32f4xx_hal_dma.c...
compiling stm32f4xx_hal_gpio.c...
compiling stm32f4xx_hal_pwr_ex.c...
compiling stm32f4xx_hal_cortex.c...
compiling stm32f4xx_hal_pwr.c...
compiling stm32f4xx_hal.c...
compiling stm32f4xx_hal_exti.c...
compiling system_stm32f4xx.c...
compiling diskio.c...
compiling ff_gen_drv.c...
compiling ff.c...
compiling croutine.c...
compiling event_groups.c...
compiling list.c...
compiling queue.c...
compiling stream_buffer.c...
compiling tasks.c...
compiling timers.c...
compiling cmsis_os.c...
compiling heap_4.c...
compiling port.c...
compiling syscall.c...
compiling cc936.c...
compiling bsp_i2c_touch.c...
compiling uart.c...
compiling gt9xx.c...
compiling OSWrappers.cpp...
compiling FrontendApplication.cpp...
compiling w25q128.c...
compiling Model.cpp...
compiling Screen1Presenter.cpp...
compiling Screen1View.cpp...
compiling Screen2Presenter.cpp...
compiling ApplicationFontProvider.cpp...
compiling Screen2View.cpp...
compiling b10.cpp...
compiling b5.cpp...
compiling b4.cpp...
compiling b7.cpp...
compiling BitmapDatabase.cpp...
compiling blue_buttons_round_small.cpp...
compiling blue_buttons_round_small_pressed.cpp...
compiling blue_togglebars_toggle_round_large_button_off.cpp...
compiling blue_togglebars_toggle_round_large_button_on.cpp...
compiling btn_pressed.cpp...
compiling btn.cpp...
compiling Font_verdana_10_4bpp.cpp...
compiling Font_verdana_20_4bpp.cpp...
compiling Font_verdana_40_4bpp.cpp...
compiling FontGetters.cpp...
compiling Kerning_verdana_10_4bpp.cpp...
compiling Kerning_verdana_20_4bpp.cpp...
compiling Kerning_verdana_40_4bpp.cpp...
compiling LanguageGb.cpp...
compiling FrontendApplicationBase.cpp...
compiling Table_verdana_10_4bpp.cpp...
compiling Screen1ViewBase.cpp...
compiling Table_verdana_20_4bpp.cpp...
compiling Screen2ViewBase.cpp...
compiling Table_verdana_40_4bpp.cpp...
compiling TypedTextDatabase.cpp...
compiling Texts.cpp...
linking...
Program Size: Code=71104 RO-data=251588 RW-data=2992 ZI-data=41216  
FromELF: creating hex file...
"demo\demo.axf" - 0 Error(s), 0 Warning(s).

<h2>Software Packages used:</h2>

Package Vendor: ARM
                http://www.keil.com/pack/ARM.CMSIS.5.4.0.pack
                ARM.CMSIS.5.4.0
                CMSIS (Cortex Microcontroller Software Interface Standard)
   * Component: CORE Version: 5.1.2

Package Vendor: Keil
                http://www.keil.com/pack/Keil.STM32F4xx_DFP.2.10.0.pack
                Keil.STM32F4xx_DFP.2.10.0
                STMicroelectronics STM32F4 Series Device Support, Drivers and Examples

<h2>Collection of Component include folders:</h2>
  .\RTE\_demo
  D:\Keil_v5\ARM\PACK\ARM\CMSIS\5.4.0\CMSIS\Core\Include
  D:\Keil_v5\ARM\PACK\Keil\STM32F4xx_DFP\2.10.0\Drivers\CMSIS\Device\ST\STM32F4xx\Include

<h2>Collection of Component Files used:</h2>

   * Component: ARM::CMSIS:CORE:5.1.2
Build Time Elapsed:  00:02:32
</pre>
</body>
</html>
